Component: ARM Compiler 5.06 update 5 (build 528) Tool: armlink [4d35e2]

==============================================================================

Section Cross References

    startup_stm32f407xx.o(STACK) refers (Special) to heapauxi.o(.text) for __use_two_region_memory
    startup_stm32f407xx.o(HEAP) refers (Special) to heapauxi.o(.text) for __use_two_region_memory
    startup_stm32f407xx.o(RESET) refers (Special) to heapauxi.o(.text) for __use_two_region_memory
    startup_stm32f407xx.o(RESET) refers to startup_stm32f407xx.o(STACK) for __initial_sp
    startup_stm32f407xx.o(RESET) refers to startup_stm32f407xx.o(.text) for Reset_Handler
    startup_stm32f407xx.o(RESET) refers to stm32f4xx_it.o(i.NMI_Handler) for NMI_Handler
    startup_stm32f407xx.o(RESET) refers to stm32f4xx_it.o(i.HardFault_Handler) for HardFault_Handler
    startup_stm32f407xx.o(RESET) refers to stm32f4xx_it.o(i.MemManage_Handler) for MemManage_Handler
    startup_stm32f407xx.o(RESET) refers to stm32f4xx_it.o(i.BusFault_Handler) for BusFault_Handler
    startup_stm32f407xx.o(RESET) refers to stm32f4xx_it.o(i.UsageFault_Handler) for UsageFault_Handler
    startup_stm32f407xx.o(RESET) refers to port.o(.emb_text) for SVC_Handler
    startup_stm32f407xx.o(RESET) refers to stm32f4xx_it.o(i.DebugMon_Handler) for DebugMon_Handler
    startup_stm32f407xx.o(RESET) refers to cmsis_os2.o(i.SysTick_Handler) for SysTick_Handler
    startup_stm32f407xx.o(RESET) refers to stm32f4xx_it.o(i.USART1_IRQHandler) for USART1_IRQHandler
    startup_stm32f407xx.o(RESET) refers to stm32f4xx_it.o(i.USART2_IRQHandler) for USART2_IRQHandler
    startup_stm32f407xx.o(RESET) refers to stm32f4xx_it.o(i.USART3_IRQHandler) for USART3_IRQHandler
    startup_stm32f407xx.o(RESET) refers to stm32f4xx_it.o(i.UART4_IRQHandler) for UART4_IRQHandler
    startup_stm32f407xx.o(RESET) refers to stm32f4xx_it.o(i.UART5_IRQHandler) for UART5_IRQHandler
    startup_stm32f407xx.o(RESET) refers to stm32f4xx_it.o(i.TIM6_DAC_IRQHandler) for TIM6_DAC_IRQHandler
    startup_stm32f407xx.o(RESET) refers to stm32f4xx_it.o(i.USART6_IRQHandler) for USART6_IRQHandler
    startup_stm32f407xx.o(.text) refers (Special) to heapauxi.o(.text) for __use_two_region_memory
    startup_stm32f407xx.o(.text) refers to system_stm32f4xx.o(i.SystemInit) for SystemInit
    startup_stm32f407xx.o(.text) refers to __main.o(!!!main) for __main
    startup_stm32f407xx.o(.text) refers to startup_stm32f407xx.o(HEAP) for Heap_Mem
    startup_stm32f407xx.o(.text) refers to startup_stm32f407xx.o(STACK) for Stack_Mem
    bujin.o(i.Emm_Send) refers to cmsis_os2.o(i.osKernelGetState) for osKernelGetState
    bujin.o(i.Emm_Send) refers to cmsis_os2.o(i.osMutexAcquire) for osMutexAcquire
    bujin.o(i.Emm_Send) refers to stm32f4xx_hal_uart.o(i.HAL_UART_Transmit) for HAL_UART_Transmit
    bujin.o(i.Emm_Send) refers to cmsis_os2.o(i.osMutexRelease) for osMutexRelease
    bujin.o(i.Emm_Send) refers to freertos.o(.data) for usart2TXHandle
    bujin.o(i.Emm_Send) refers to usart.o(.bss) for huart2
    bujin.o(i.Emm_V5_En_Control) refers to bujin.o(i.Emm_Send) for Emm_Send
    bujin.o(i.Emm_V5_Modify_Ctrl_Mode) refers to bujin.o(i.Emm_Send) for Emm_Send
    bujin.o(i.Emm_V5_Pos_Control) refers to bujin.o(i.Emm_V5_Pos_Control_ByPulse) for Emm_V5_Pos_Control_ByPulse
    bujin.o(i.Emm_V5_Pos_Control_ByPulse) refers to bujin.o(i.Emm_Send) for Emm_Send
    bujin.o(i.Emm_V5_Pos_Control_ByPulse) refers to stm32f4xx_hal.o(i.HAL_Delay) for HAL_Delay
    bujin.o(i.Emm_V5_Read_Sys_Params) refers to bujin.o(i.Emm_Send) for Emm_Send
    bujin.o(i.Emm_V5_Reset_Clog_Pro) refers to bujin.o(i.Emm_Send) for Emm_Send
    bujin.o(i.Emm_V5_Stop_Now) refers to bujin.o(i.Emm_Send) for Emm_Send
    bujin.o(i.Emm_V5_Synchronous_motion) refers to bujin.o(i.Emm_Send) for Emm_Send
    bujin.o(i.Emm_V5_Synchronous_motion) refers to stm32f4xx_hal.o(i.HAL_Delay) for HAL_Delay
    bujin.o(i.Emm_V5_Vel_Control) refers to bujin.o(i.Emm_Send) for Emm_Send
    bujin.o(i.Emm_V5_Vel_Control) refers to stm32f4xx_hal.o(i.HAL_Delay) for HAL_Delay
    bujin.o(i.motor_to_angle_control) refers to bujin.o(i.Emm_V5_Pos_Control_ByPulse) for Emm_V5_Pos_Control_ByPulse
    hwt101.o(i.CopeWitData) refers to rt_memcpy_v6.o(.text) for __aeabi_memcpy
    hwt101.o(i.CopeWitData) refers to hwt101.o(.data) for .data
    hwt101.o(i.CopeWitData) refers to hwt101.o(.bss) for .bss
    hwt101.o(i.WitCanDataIn) refers to hwt101.o(i.CopeWitData) for CopeWitData
    hwt101.o(i.WitCanDataIn) refers to hwt101.o(.data) for .data
    hwt101.o(i.WitCanWriteRegister) refers to hwt101.o(.data) for .data
    hwt101.o(i.WitDeInit) refers to hwt101.o(.data) for .data
    hwt101.o(i.WitDelayMsRegister) refers to hwt101.o(.data) for .data
    hwt101.o(i.WitI2cFuncRegister) refers to hwt101.o(.data) for .data
    hwt101.o(i.WitInit) refers to hwt101.o(.data) for .data
    hwt101.o(i.WitReadReg) refers to hwt101.o(i.__CRC16) for __CRC16
    hwt101.o(i.WitReadReg) refers to hwt101.o(.data) for .data
[...]
    __aeabi_uldivmod                         0x0800038d   Thumb Code     0  lludivv7m.o(.text)
    _ll_udiv                                 0x0800038d   Thumb Code   238  lludivv7m.o(.text)
    __2snprintf                              0x0800047d   Thumb Code    50  __2snprintf.o(.text)
    _printf_str                              0x080004b5   Thumb Code    82  _printf_str.o(.text)
    _printf_int_dec                          0x08000509   Thumb Code   104  _printf_dec.o(.text)
    __printf                                 0x08000581   Thumb Code   388  __printf_flags_ss_wp.o(.text)
    __aeabi_memcpy                           0x08000709   Thumb Code     0  rt_memcpy_v6.o(.text)
    __rt_memcpy                              0x08000709   Thumb Code   138  rt_memcpy_v6.o(.text)
    _memcpy_lastbytes                        0x0800076f   Thumb Code     0  rt_memcpy_v6.o(.text)
    __aeabi_memcpy4                          0x08000793   Thumb Code     0  rt_memcpy_w.o(.text)
    __aeabi_memcpy8                          0x08000793   Thumb Code     0  rt_memcpy_w.o(.text)
    __rt_memcpy_w                            0x08000793   Thumb Code   100  rt_memcpy_w.o(.text)
    _memcpy_lastbytes_aligned                0x080007db   Thumb Code     0  rt_memcpy_w.o(.text)
    __aeabi_memset                           0x080007f7   Thumb Code    16  aeabi_memset.o(.text)
    __aeabi_memclr4                          0x08000807   Thumb Code     0  rt_memclr_w.o(.text)
    __aeabi_memclr8                          0x08000807   Thumb Code     0  rt_memclr_w.o(.text)
    __rt_memclr_w                            0x08000807   Thumb Code    78  rt_memclr_w.o(.text)
    _memset_w                                0x0800080b   Thumb Code     0  rt_memclr_w.o(.text)
    strcmp                                   0x08000855   Thumb Code   128  strcmpv7m.o(.text)
    __use_two_region_memory                  0x080008d5   Thumb Code     2  heapauxi.o(.text)
    __rt_heap_escrow$2region                 0x080008d7   Thumb Code     2  heapauxi.o(.text)
    __rt_heap_expand$2region                 0x080008d9   Thumb Code     2  heapauxi.o(.text)
    __read_errno                             0x080008db   Thumb Code    10  _rserrno.o(.text)
    __set_errno                              0x080008e5   Thumb Code    12  _rserrno.o(.text)
    _printf_int_common                       0x080008f1   Thumb Code   178  _printf_intcommon.o(.text)
    __lib_sel_fp_printf                      0x080009a3   Thumb Code     2  _printf_fp_dec.o(.text)
    _printf_fp_dec_real                      0x08000b55   Thumb Code   620  _printf_fp_dec.o(.text)
    _printf_char_common                      0x08000dcb   Thumb Code    32  _printf_char_common.o(.text)
    _sputc                                   0x08000df1   Thumb Code    10  _sputc.o(.text)
    _snputc                                  0x08000dfb   Thumb Code    16  _snputc.o(.text)
    _printf_cs_common                        0x08000e0b   Thumb Code    20  _printf_char.o(.text)
    _printf_char                             0x08000e1f   Thumb Code    16  _printf_char.o(.text)
    _printf_string                           0x08000e2f   Thumb Code     8  _printf_char.o(.text)
    __aeabi_memclr                           0x08000e37   Thumb Code     0  rt_memclr.o(.text)
    __rt_memclr                              0x08000e37   Thumb Code    68  rt_memclr.o(.text)
    _memset                                  0x08000e3b   Thumb Code     0  rt_memclr.o(.text)
    __rt_locale                              0x08000e7d   Thumb Code     8  rt_locale_intlibspace.o(.text)
    __aeabi_errno_addr                       0x08000e85   Thumb Code     8  rt_errno_addr_intlibspace.o(.text)
    __errno$intlibspace                      0x08000e85   Thumb Code     0  rt_errno_addr_intlibspace.o(.text)
    __rt_errno_addr$intlibspace              0x08000e85   Thumb Code     0  rt_errno_addr_intlibspace.o(.text)
    _ll_udiv10                               0x08000e8d   Thumb Code   138  lludiv10.o(.text)
    _printf_fp_infnan                        0x08000f19   Thumb Code   112  _printf_fp_infnan.o(.text)
    _btod_etento                             0x08000f99   Thumb Code   224  bigflt0.o(.text)
    __user_libspace                          0x0800107d   Thumb Code     8  libspace.o(.text)
    __user_perproc_libspace                  0x0800107d   Thumb Code     0  libspace.o(.text)
    __user_perthread_libspace                0x0800107d   Thumb Code     0  libspace.o(.text)
    __user_setup_stackheap                   0x08001085   Thumb Code    74  sys_stackheap_outer.o(.text)
    exit                                     0x080010cf   Thumb Code    18  exit.o(.text)
    _sys_exit                                0x080010e1   Thumb Code     8  sys_exit.o(.text)
    __I$use$semihosting                      0x080010ed   Thumb Code     0  use_no_semi.o(.text)
    __use_no_semihosting_swi                 0x080010ed   Thumb Code     2  use_no_semi.o(.text)
    __semihosting_library_function           0x080010ef   Thumb Code     0  indicate_semi.o(.text)
    _btod_d2e                                0x080010ef   Thumb Code    62  btod.o(CL$$btod_d2e)
    _d2e_denorm_low                          0x0800112d   Thumb Code    70  btod.o(CL$$btod_d2e_denorm_low)
    _d2e_norm_op1                            0x08001173   Thumb Code    96  btod.o(CL$$btod_d2e_norm_op1)
    __btod_div_common                        0x080011d3   Thumb Code   696  btod.o(CL$$btod_div_common)
    _e2e                                     0x0800150b   Thumb Code   220  btod.o(CL$$btod_e2e)
    _btod_ediv                               0x080015e7   Thumb Code    42  btod.o(CL$$btod_ediv)
    _btod_emul                               0x08001611   Thumb Code    42  btod.o(CL$$btod_emul)
    __btod_mult_common                       0x0800163b   Thumb Code   580  btod.o(CL$$btod_mult_common)
    App_CommandUartRxByte                    0x08001881   Thumb Code    56  app.o(i.App_CommandUartRxByte)
    App_Init                                 0x080018bd   Thumb Code    12  app.o(i.App_Init)
    App_RunCurrentMode                       0x080018cd   Thumb Code   198  app.o(i.App_RunCurrentMode)
    BusFault_Handler                         0x080019fd   Thumb Code     2  stm32f4xx_it.o(i.BusFault_Handler)
    Chassis_SetSpeed                         0x08001a01   Thumb Code   240  navigation.o(i.Chassis_SetSpeed)
    CheckRange                               0x08001b01   Thumb Code    16  hwt101.o(i.CheckRange)
    DebugMon_Handler                         0x08001b11   Thumb Code     2  stm32f4xx_it.o(i.DebugMon_Handler)
    Emm_V5_Pos_Control                       0x08001b65   Thumb Code    62  bujin.o(i.Emm_V5_Pos_Control)
    Emm_V5_Read_Sys_Params                   0x08001c19   Thumb Code   130  bujin.o(i.Emm_V5_Read_Sys_Params)
    Emm_V5_Synchronous_motion                0x08001c9d   Thumb Code    28  bujin.o(i.Emm_V5_Synchronous_motion)
    Emm_V5_Vel_Control                       0x08001cbd   Thumb Code    56  bujin.o(i.Emm_V5_Vel_Control)
    Error_Handler                            0x08001cfd   Thumb Code     4  main.o(i.Error_Handler)
    Get_zeroYaw                              0x08001d01   Thumb Code    20  hwt101_hal.o(i.Get_zeroYaw)
    HAL_DMA_Abort                            0x08001d1d   Thumb Code   146  stm32f4xx_hal_dma.o(i.HAL_DMA_Abort)
    HAL_DMA_Abort_IT                         0x08001daf   Thumb Code    36  stm32f4xx_hal_dma.o(i.HAL_DMA_Abort_IT)
    HAL_Delay                                0x08001dd5   Thumb Code    32  stm32f4xx_hal.o(i.HAL_Delay)
    HAL_GPIO_Init                            0x08001df9   Thumb Code   450  stm32f4xx_hal_gpio.o(i.HAL_GPIO_Init)
    HAL_GPIO_WritePin                        0x08001fe9   Thumb Code    10  stm32f4xx_hal_gpio.o(i.HAL_GPIO_WritePin)
    HAL_GetTick                              0x08001ff5   Thumb Code     6  stm32f4xx_hal.o(i.HAL_GetTick)
    HAL_I2C_Init                             0x08002001   Thumb Code   376  stm32f4xx_hal_i2c.o(i.HAL_I2C_Init)
    HAL_I2C_Mem_Write                        0x08002189   Thumb Code   294  stm32f4xx_hal_i2c.o(i.HAL_I2C_Mem_Write)
    HAL_I2C_MspInit                          0x080022b9   Thumb Code    94  i2c.o(i.HAL_I2C_MspInit)
    HAL_IncTick                              0x08002325   Thumb Code    12  stm32f4xx_hal.o(i.HAL_IncTick)
    HAL_Init                                 0x08002335   Thumb Code    48  stm32f4xx_hal.o(i.HAL_Init)
    HAL_InitTick                             0x08002369   Thumb Code   132  stm32f4xx_hal_timebase_tim.o(i.HAL_InitTick)
    HAL_MspInit                              0x08002401   Thumb Code    52  stm32f4xx_hal_msp.o(i.HAL_MspInit)
    HAL_NVIC_EnableIRQ                       0x08002439   Thumb Code    26  stm32f4xx_hal_cortex.o(i.HAL_NVIC_EnableIRQ)
    HAL_NVIC_SetPriority                     0x08002455   Thumb Code    60  stm32f4xx_hal_cortex.o(i.HAL_NVIC_SetPriority)
    HAL_NVIC_SetPriorityGrouping             0x08002495   Thumb Code    26  stm32f4xx_hal_cortex.o(i.HAL_NVIC_SetPriorityGrouping)
    HAL_RCC_ClockConfig                      0x080024b9   Thumb Code   288  stm32f4xx_hal_rcc.o(i.HAL_RCC_ClockConfig)
    HAL_RCC_GetClockConfig                   0x080025ed   Thumb Code    54  stm32f4xx_hal_rcc.o(i.HAL_RCC_GetClockConfig)
    HAL_RCC_GetPCLK1Freq                     0x0800262d   Thumb Code    20  stm32f4xx_hal_rcc.o(i.HAL_RCC_GetPCLK1Freq)
    HAL_RCC_GetPCLK2Freq                     0x0800264d   Thumb Code    20  stm32f4xx_hal_rcc.o(i.HAL_RCC_GetPCLK2Freq)
    HAL_RCC_GetSysClockFreq                  0x0800266d   Thumb Code    88  stm32f4xx_hal_rcc.o(i.HAL_RCC_GetSysClockFreq)
    HAL_RCC_OscConfig                        0x080026cd   Thumb Code   856  stm32f4xx_hal_rcc.o(i.HAL_RCC_OscConfig)
    HAL_TIMEx_BreakCallback                  0x08002a39   Thumb Code     2  stm32f4xx_hal_tim_ex.o(i.HAL_TIMEx_BreakCallback)
    HAL_TIMEx_CommutCallback                 0x08002a3b   Thumb Code     2  stm32f4xx_hal_tim_ex.o(i.HAL_TIMEx_CommutCallback)
    HAL_TIMEx_ConfigBreakDeadTime            0x08002a3d   Thumb Code    84  stm32f4xx_hal_tim_ex.o(i.HAL_TIMEx_ConfigBreakDeadTime)
    HAL_TIMEx_MasterConfigSynchronization    0x08002a91   Thumb Code   116  stm32f4xx_hal_tim_ex.o(i.HAL_TIMEx_MasterConfigSynchronization)
    HAL_TIM_Base_Init                        0x08002b21   Thumb Code    90  stm32f4xx_hal_tim.o(i.HAL_TIM_Base_Init)
    HAL_TIM_Base_MspInit                     0x08002b7d   Thumb Code    30  tim.o(i.HAL_TIM_Base_MspInit)
    HAL_TIM_Base_Start_IT                    0x08002ba5   Thumb Code   100  stm32f4xx_hal_tim.o(i.HAL_TIM_Base_Start_IT)
    HAL_TIM_IC_CaptureCallback               0x08002c25   Thumb Code     2  stm32f4xx_hal_tim.o(i.HAL_TIM_IC_CaptureCallback)
    HAL_TIM_IRQHandler                       0x08002c27   Thumb Code   304  stm32f4xx_hal_tim.o(i.HAL_TIM_IRQHandler)
    HAL_TIM_MspPostInit                      0x08002d59   Thumb Code   182  tim.o(i.HAL_TIM_MspPostInit)
    HAL_TIM_OC_DelayElapsedCallback          0x08002e29   Thumb Code     2  stm32f4xx_hal_tim.o(i.HAL_TIM_OC_DelayElapsedCallback)
    HAL_TIM_PWM_ConfigChannel                0x08002e2b   Thumb Code   204  stm32f4xx_hal_tim.o(i.HAL_TIM_PWM_ConfigChannel)
    HAL_TIM_PWM_Init                         0x08002ef7   Thumb Code    90  stm32f4xx_hal_tim.o(i.HAL_TIM_PWM_Init)
    HAL_TIM_PWM_MspInit                      0x08002f51   Thumb Code    42  tim.o(i.HAL_TIM_PWM_MspInit)
    HAL_TIM_PWM_PulseFinishedCallback        0x08002f89   Thumb Code     2  stm32f4xx_hal_tim.o(i.HAL_TIM_PWM_PulseFinishedCallback)
    HAL_TIM_PeriodElapsedCallback            0x08002f8d   Thumb Code    14  main.o(i.HAL_TIM_PeriodElapsedCallback)
    HAL_TIM_TriggerCallback                  0x08002fa1   Thumb Code     2  stm32f4xx_hal_tim.o(i.HAL_TIM_TriggerCallback)
    HAL_UARTEx_RxEventCallback               0x08002fa3   Thumb Code     2  stm32f4xx_hal_uart.o(i.HAL_UARTEx_RxEventCallback)
    HAL_UART_ErrorCallback                   0x08002fa5   Thumb Code     2  stm32f4xx_hal_uart.o(i.HAL_UART_ErrorCallback)
    HAL_UART_IRQHandler                      0x08002fa9   Thumb Code   636  stm32f4xx_hal_uart.o(i.HAL_UART_IRQHandler)
    HAL_UART_Init                            0x08003229   Thumb Code   100  stm32f4xx_hal_uart.o(i.HAL_UART_Init)
    HAL_UART_MspInit                         0x0800328d   Thumb Code   540  usart.o(i.HAL_UART_MspInit)
    HAL_UART_RxCpltCallback                  0x080034d5   Thumb Code     2  stm32f4xx_hal_uart.o(i.HAL_UART_RxCpltCallback)
    HAL_UART_Transmit                        0x080034d7   Thumb Code   160  stm32f4xx_hal_uart.o(i.HAL_UART_Transmit)
    HAL_UART_TxCpltCallback                  0x08003577   Thumb Code     2  stm32f4xx_hal_uart.o(i.HAL_UART_TxCpltCallback)
    HWT101_HAL_Init                          0x0800357d   Thumb Code    84  hwt101_hal.o(i.HWT101_HAL_Init)
    HWT101_ParsePacket                       0x080035e1   Thumb Code   128  hwt101_hal.o(i.HWT101_ParsePacket)
    HardFault_Handler                        0x08003681   Thumb Code     2  stm32f4xx_it.o(i.HardFault_Handler)
    JQ8x00_Loop                              0x08003955   Thumb Code    22  voice.o(i.JQ8x00_Loop)
    JQ8x00_Loop_times2                       0x08003975   Thumb Code    22  voice.o(i.JQ8x00_Loop_times2)
    JQ8x00_Over                              0x08003995   Thumb Code    18  voice.o(i.JQ8x00_Over)
    JQ8x00_RandomPathPlay                    0x08003a2d   Thumb Code    10  voice.o(i.JQ8x00_RandomPathPlay)
    JQ8x00_RandomPathPlay_Inserch            0x08003a37   Thumb Code    22  voice.o(i.JQ8x00_RandomPathPlay_Inserch)
    MX_FREERTOS_Init                         0x08003a61   Thumb Code   112  freertos.o(i.MX_FREERTOS_Init)
    MX_GPIO_Init                             0x08003af5   Thumb Code   134  gpio.o(i.MX_GPIO_Init)
    MX_I2C2_Init                             0x08003b85   Thumb Code    50  i2c.o(i.MX_I2C2_Init)
    MX_TIM3_Init                             0x08003bc5   Thumb Code   104  tim.o(i.MX_TIM3_Init)
    MX_TIM7_Init                             0x08003c35   Thumb Code    60  tim.o(i.MX_TIM7_Init)
    MX_TIM8_Init                             0x08003c79   Thumb Code   200  tim.o(i.MX_TIM8_Init)
    MX_UART4_Init                            0x08003d49   Thumb Code    48  usart.o(i.MX_UART4_Init)
    MX_UART5_Init                            0x08003d81   Thumb Code    54  usart.o(i.MX_UART5_Init)
    MX_USART1_UART_Init                      0x08003dc1   Thumb Code    48  usart.o(i.MX_USART1_UART_Init)
    MX_USART2_UART_Init                      0x08003df9   Thumb Code    48  usart.o(i.MX_USART2_UART_Init)
    MX_USART3_UART_Init                      0x08003e31   Thumb Code    48  usart.o(i.MX_USART3_UART_Init)
    MX_USART6_UART_Init                      0x08003e69   Thumb Code    54  usart.o(i.MX_USART6_UART_Init)
    MemManage_Handler                        0x08003ea9   Thumb Code     2  stm32f4xx_it.o(i.MemManage_Handler)
    NMI_Handler                              0x08003eab   Thumb Code     2  stm32f4xx_it.o(i.NMI_Handler)
    Navigation_IsIdle                        0x080042ed   Thumb Code    14  navigation.o(i.Navigation_IsIdle)
    Navigation_NormalizeDeg                  0x08004301   Thumb Code    40  navigation.o(i.Navigation_NormalizeDeg)
    Navigation_Request                       0x08004369   Thumb Code    56  navigation.o(i.Navigation_Request)
    Navigation_Reset                         0x080043a9   Thumb Code    36  navigation.o(i.Navigation_Reset)
    Navigation_Stop                          0x080043d9   Thumb Code    18  navigation.o(i.Navigation_Stop)
    Navigation_TaskTick                      0x080043f5   Thumb Code    54  navigation.o(i.Navigation_TaskTick)
    Navigation_UpdateByDelta                 0x08004439   Thumb Code    78  navigation.o(i.Navigation_UpdateByDelta)
    OLED_Clear                               0x08004495   Thumb Code    40  oled.o(i.OLED_Clear)
    OLED_Init                                0x08004531   Thumb Code   244  oled.o(i.OLED_Init)
    OLED_Refresh_Gram                        0x08004625   Thumb Code    70  oled.o(i.OLED_Refresh_Gram)
    OLED_Set_Pos                             0x08004671   Thumb Code    40  oled.o(i.OLED_Set_Pos)
    OLED_ShowChar                            0x08004699   Thumb Code   132  oled.o(i.OLED_ShowChar)
    OLED_ShowFloat                           0x08004725   Thumb Code   236  oled.o(i.OLED_ShowFloat)
    OLED_ShowNum                             0x08004819   Thumb Code   114  oled.o(i.OLED_ShowNum)
    OLED_ShowString                          0x0800488b   Thumb Code    54  oled.o(i.OLED_ShowString)
    OLED_WR_Byte                             0x080048c1   Thumb Code    10  oled.o(i.OLED_WR_Byte)
    OLED_Write_Command                       0x080048f5   Thumb Code    34  oled.o(i.OLED_Write_Command)
    OLED_Write_Data                          0x08004917   Thumb Code    34  oled.o(i.OLED_Write_Data)
    Odometer_Init                            0x08004939   Thumb Code    50  odometer.o(i.Odometer_Init)
    Odometer_UartRxByte                      0x08004981   Thumb Code   110  odometer.o(i.Odometer_UartRxByte)
    Odometer_Update                          0x080049f9   Thumb Code    48  odometer.o(i.Odometer_Update)
    PCA9685_Init                             0x08004ae5   Thumb Code    86  pca9685.o(i.PCA9685_Init)
    StartDefaultTask                         0x08004b61   Thumb Code     8  freertos.o(i.StartDefaultTask)
    StartTask02                              0x08004b69   Thumb Code   242  freertos.o(i.StartTask02)
    StartTask03                              0x08004c9d   Thumb Code    28  freertos.o(i.StartTask03)
    StartTask04                              0x08004cbd   Thumb Code    16  freertos.o(i.StartTask04)
    StartTask05                              0x08004ccd   Thumb Code     8  freertos.o(i.StartTask05)
    StartTask06                              0x08004cd5   Thumb Code     8  freertos.o(i.StartTask06)
    StartTask07                              0x08004cdd   Thumb Code    12  freertos.o(i.StartTask07)
    SysTick_Handler                          0x08004ce9   Thumb Code    26  cmsis_os2.o(i.SysTick_Handler)
    SystemClock_Config                       0x08004d05   Thumb Code   138  main.o(i.SystemClock_Config)
    SystemInit                               0x08004d99   Thumb Code    12  system_stm32f4xx.o(i.SystemInit)
    TIM6_DAC_IRQHandler                      0x08004da9   Thumb Code     6  stm32f4xx_it.o(i.TIM6_DAC_IRQHandler)
    TIM_Base_SetConfig                       0x08004db5   Thumb Code   164  stm32f4xx_hal_tim.o(i.TIM_Base_SetConfig)
    TIM_OC2_SetConfig                        0x08004ee5   Thumb Code    98  stm32f4xx_hal_tim.o(i.TIM_OC2_SetConfig)
    TOF200F_UartRxByte                       0x08005009   Thumb Code    76  tof200f.o(i.TOF200F_UartRxByte)
    UART4_IRQHandler                         0x08005059   Thumb Code   104  stm32f4xx_it.o(i.UART4_IRQHandler)
    UART5_IRQHandler                         0x080050cd   Thumb Code    46  stm32f4xx_it.o(i.UART5_IRQHandler)
    USART1_IRQHandler                        0x080053a1   Thumb Code    46  stm32f4xx_it.o(i.USART1_IRQHandler)
    USART2_IRQHandler                        0x080053d5   Thumb Code    46  stm32f4xx_it.o(i.USART2_IRQHandler)
    USART3_IRQHandler                        0x08005409   Thumb Code     6  stm32f4xx_it.o(i.USART3_IRQHandler)
    USART6_IRQHandler                        0x08005415   Thumb Code    46  stm32f4xx_it.o(i.USART6_IRQHandler)
    UpperCP_GetLastCommand                   0x08005449   Thumb Code     4  uppercp.o(i.UpperCP_GetLastCommand)
    UpperCP_UartRxByte                       0x08005451   Thumb Code    36  uppercp.o(i.UpperCP_UartRxByte)
    UsageFault_Handler                       0x0800547d   Thumb Code     2  stm32f4xx_it.o(i.UsageFault_Handler)
    Voice_Num                                0x08005481   Thumb Code   226  voice.o(i.Voice_Num)
    WitDelayMsRegister                       0x08005569   Thumb Code    16  hwt101.o(i.WitDelayMsRegister)
    WitInit                                  0x0800557d   Thumb Code    22  hwt101.o(i.WitInit)
    WitRegisterCallBack                      0x08005599   Thumb Code    16  hwt101.o(i.WitRegisterCallBack)
    WitSerialWriteRegister                   0x080055ad   Thumb Code    16  hwt101.o(i.WitSerialWriteRegister)
    WitSetContent                            0x080055c1   Thumb Code    80  hwt101.o(i.WitSetContent)
    WitSetOutputRate                         0x08005615   Thumb Code    78  hwt101.o(i.WitSetOutputRate)
    WitWriteReg                              0x08005669   Thumb Code   228  hwt101.o(i.WitWriteReg)
    __ARM_fpclassify                         0x08005751   Thumb Code    48  fpclassify.o(i.__ARM_fpclassify)
    __ARM_fpclassifyf                        0x08005781   Thumb Code    38  fpclassifyf.o(i.__ARM_fpclassifyf)
    __hardfp_atan2f                          0x080057f5   Thumb Code   502  atan2f.o(i.__hardfp_atan2f)
    __hardfp_cosf                            0x08005a45   Thumb Code   280  cosf.o(i.__hardfp_cosf)
    __hardfp_sinf                            0x08005b95   Thumb Code   344  sinf.o(i.__hardfp_sinf)
    __hardfp_sqrtf                           0x08005d25   Thumb Code    58  sqrtf.o(i.__hardfp_sqrtf)
    __mathlib_flt_infnan                     0x08005d5f   Thumb Code     6  funder.o(i.__mathlib_flt_infnan)
    __mathlib_flt_infnan2                    0x08005d65   Thumb Code     6  funder.o(i.__mathlib_flt_infnan2)
    __mathlib_flt_invalid                    0x08005d6d   Thumb Code    10  funder.o(i.__mathlib_flt_invalid)
    __mathlib_flt_underflow                  0x08005d7d   Thumb Code    10  funder.o(i.__mathlib_flt_underflow)
    __mathlib_rredf2                         0x08005d8d   Thumb Code   316  rredf.o(i.__mathlib_rredf2)
    _is_digit                                0x08005ee1   Thumb Code    14  __printf_wp.o(i._is_digit)
    main                                     0x08005ef1   Thumb Code   136  main.o(i.main)
    osDelay                                  0x08005f95   Thumb Code    26  cmsis_os2.o(i.osDelay)
    osKernelGetState                         0x08005fb1   Thumb Code    28  cmsis_os2.o(i.osKernelGetState)
    osKernelInitialize                       0x08005fd1   Thumb Code    32  cmsis_os2.o(i.osKernelInitialize)
    osKernelStart                            0x08005ff5   Thumb Code    48  cmsis_os2.o(i.osKernelStart)
    osMutexAcquire                           0x0800602d   Thumb Code    82  cmsis_os2.o(i.osMutexAcquire)
    osMutexNew                               0x0800607f   Thumb Code   104  cmsis_os2.o(i.osMutexNew)
    osMutexRelease                           0x080060e7   Thumb Code    66  cmsis_os2.o(i.osMutexRelease)
    osThreadNew                              0x08006129   Thumb Code   138  cmsis_os2.o(i.osThreadNew)
    pvPortMalloc                             0x08006961   Thumb Code   216  heap_4.o(i.pvPortMalloc)
    pvTaskIncrementMutexHeldCount            0x08006a3d   Thumb Code    18  tasks.o(i.pvTaskIncrementMutexHeldCount)
    pxPortInitialiseStack                    0x08006a55   Thumb Code    40  port.o(i.pxPortInitialiseStack)
    uxListRemove                             0x08006a81   Thumb Code    38  list.o(i.uxListRemove)
    vApplicationGetIdleTaskMemory            0x08006aa9   Thumb Code    16  cmsis_os2.o(i.vApplicationGetIdleTaskMemory)
    vApplicationGetTimerTaskMemory           0x08006abd   Thumb Code    18  cmsis_os2.o(i.vApplicationGetTimerTaskMemory)
    vListInitialise                          0x08006ad5   Thumb Code    22  list.o(i.vListInitialise)
    vListInitialiseItem                      0x08006aeb   Thumb Code     6  list.o(i.vListInitialiseItem)
    vListInsert                              0x08006af1   Thumb Code    48  list.o(i.vListInsert)
    vListInsertEnd                           0x08006b21   Thumb Code    24  list.o(i.vListInsertEnd)
    vPortEnterCritical                       0x08006b39   Thumb Code    54  port.o(i.vPortEnterCritical)
    vPortExitCritical                        0x08006b79   Thumb Code    34  port.o(i.vPortExitCritical)
    vPortFree                                0x08006ba1   Thumb Code    94  heap_4.o(i.vPortFree)
    vPortSetupTimerInterrupt                 0x08006c05   Thumb Code    32  port.o(i.vPortSetupTimerInterrupt)
    vPortValidateInterruptPriority           0x08006c29   Thumb Code    74  port.o(i.vPortValidateInterruptPriority)
    vQueueAddToRegistry                      0x08006c7d   Thumb Code    34  queue.o(i.vQueueAddToRegistry)
    vQueueWaitForMessageRestricted           0x08006ca5   Thumb Code    68  queue.o(i.vQueueWaitForMessageRestricted)
    vTaskDelay                               0x08006ce9   Thumb Code    66  tasks.o(i.vTaskDelay)
    vTaskInternalSetTimeOutState             0x08006d35   Thumb Code    12  tasks.o(i.vTaskInternalSetTimeOutState)
    vTaskMissedYield                         0x08006d45   Thumb Code     8  tasks.o(i.vTaskMissedYield)
    vTaskPlaceOnEventList                    0x08006d51   Thumb Code    44  tasks.o(i.vTaskPlaceOnEventList)
    vTaskPlaceOnEventListRestricted          0x08006d81   Thumb Code    52  tasks.o(i.vTaskPlaceOnEventListRestricted)
    vTaskPriorityDisinheritAfterTimeout      0x08006db9   Thumb Code   134  tasks.o(i.vTaskPriorityDisinheritAfterTimeout)
    vTaskStartScheduler                      0x08006e49   Thumb Code   118  tasks.o(i.vTaskStartScheduler)
    vTaskSuspendAll                          0x08006ed1   Thumb Code    10  tasks.o(i.vTaskSuspendAll)
    vTaskSwitchContext                       0x08006ee1   Thumb Code    90  tasks.o(i.vTaskSwitchContext)
    xPortStartScheduler                      0x08006f45   Thumb Code   222  port.o(i.xPortStartScheduler)
    xPortSysTickHandler                      0x08007039   Thumb Code    38  port.o(i.xPortSysTickHandler)
    xQueueCreateMutex                        0x08007065   Thumb Code    22  queue.o(i.xQueueCreateMutex)
    xQueueCreateMutexStatic                  0x0800707b   Thumb Code    26  queue.o(i.xQueueCreateMutexStatic)
    xQueueGenericCreate                      0x08007095   Thumb Code    66  queue.o(i.xQueueGenericCreate)
    xQueueGenericCreateStatic                0x080070d7   Thumb Code   102  queue.o(i.xQueueGenericCreateStatic)
    xQueueGenericReset                       0x0800713d   Thumb Code   132  queue.o(i.xQueueGenericReset)
    xQueueGenericSend                        0x080071c5   Thumb Code   346  queue.o(i.xQueueGenericSend)
    xQueueGenericSendFromISR                 0x08007325   Thumb Code   190  queue.o(i.xQueueGenericSendFromISR)
    xQueueGiveMutexRecursive                 0x080073e3   Thumb Code    62  queue.o(i.xQueueGiveMutexRecursive)
    xQueueReceive                            0x08007421   Thumb Code   308  queue.o(i.xQueueReceive)
    xQueueSemaphoreTake                      0x08007559   Thumb Code   372  queue.o(i.xQueueSemaphoreTake)
    xQueueTakeMutexRecursive                 0x080076d1   Thumb Code    64  queue.o(i.xQueueTakeMutexRecursive)
    xTaskCheckForTimeOut                     0x08007711   Thumb Code   112  tasks.o(i.xTaskCheckForTimeOut)
    xTaskCreate                              0x08007785   Thumb Code    90  tasks.o(i.xTaskCreate)
    xTaskCreateStatic                        0x080077df   Thumb Code    86  tasks.o(i.xTaskCreateStatic)
    xTaskGetCurrentTaskHandle                0x08007835   Thumb Code     6  tasks.o(i.xTaskGetCurrentTaskHandle)
    xTaskGetSchedulerState                   0x08007841   Thumb Code    22  tasks.o(i.xTaskGetSchedulerState)
    xTaskGetTickCount                        0x0800785d   Thumb Code     6  tasks.o(i.xTaskGetTickCount)
    xTaskIncrementTick                       0x08007869   Thumb Code   192  tasks.o(i.xTaskIncrementTick)
    xTaskPriorityDisinherit                  0x08007931   Thumb Code   118  tasks.o(i.xTaskPriorityDisinherit)
    xTaskPriorityInherit                     0x080079b1   Thumb Code   112  tasks.o(i.xTaskPriorityInherit)
    xTaskRemoveFromEventList                 0x08007a29   Thumb Code    98  tasks.o(i.xTaskRemoveFromEventList)
    xTaskResumeAll                           0x08007a99   Thumb Code   182  tasks.o(i.xTaskResumeAll)
    xTimerCreateTimerTask                    0x08007b5d   Thumb Code    78  timers.o(i.xTimerCreateTimerTask)
    xTimerGenericCommand                     0x08007bbd   Thumb Code    98  timers.o(i.xTimerGenericCommand)
    _get_lc_numeric                          0x08007c25   Thumb Code    44  lc_numeric_c.o(locale$$code)
    __fpl_dretinf                            0x08007c51   Thumb Code    12  dretinf.o(x$fpl$dretinf)
    __aeabi_f2d                              0x08007c5d   Thumb Code     0  f2d.o(x$fpl$f2d)
    _f2d                                     0x08007c5d   Thumb Code    86  f2d.o(x$fpl$f2d)
    __fpl_fnaninf                            0x08007cb3   Thumb Code   140  fnaninf.o(x$fpl$fnaninf)
    _fp_init                                 0x08007d3f   Thumb Code    10  fpinit.o(x$fpl$fpinit)
    __fplib_config_fpu_vfp                   0x08007d47   Thumb Code     0  fpinit.o(x$fpl$fpinit)
    __fplib_config_pureend_doubles           0x08007d47   Thumb Code     0  fpinit.o(x$fpl$fpinit)
    _printf_fp_dec                           0x08007d49   Thumb Code     4  printf1.o(x$fpl$printf1)
    __I$use$fp                               0x08007d4c   Number         0  usenofp.o(x$fpl$usenofp)
    F6x8                                     0x08007f64   Data         552  oled.o(.constdata)
    F8X16                                    0x0800818c   Data        1520  oled.o(.constdata)
    defaultTask_attributes                   0x0800877c   Data          36  freertos.o(.constdata)
    myTask02_attributes                      0x080087a0   Data          36  freertos.o(.constdata)
    myTask03_attributes                      0x080087c4   Data          36  freertos.o(.constdata)
    myTask04_attributes                      0x080087e8   Data          36  freertos.o(.constdata)
    myTask05_attributes                      0x0800880c   Data          36  freertos.o(.constdata)
    myTask06_attributes                      0x08008830   Data          36  freertos.o(.constdata)
    myTask07_attributes                      0x08008854   Data          36  freertos.o(.constdata)
    usart2TX_attributes                      0x08008878   Data          16  freertos.o(.constdata)
    AHBPrescTable                            0x08008958   Data          16  system_stm32f4xx.o(.constdata)
    APBPrescTable                            0x08008968   Data           8  system_stm32f4xx.o(.constdata)
    Region$$Table$$Base                      0x08008a98   Number         0  anon$$obj.o(Region$$Table)
    Region$$Table$$Limit                     0x08008ab8   Number         0  anon$$obj.o(Region$$Table)
    g_hwt101_data_ready                      0x20000028   Data           1  hwt101_hal.o(.data)
    g_hwt101_roll                            0x2000002c   Data           4  hwt101_hal.o(.data)
    g_hwt101_pitch                           0x20000030   Data           4  hwt101_hal.o(.data)
    g_hwt101_yaw                             0x20000034   Data           4  hwt101_hal.o(.data)
    navigation_state                         0x20000038   Data           1  navigation.o(.data)
    nav_yaw_zero_deg                         0x2000003c   Data           4  navigation.o(.data)
    v                                        0x2000005c   Data           8  navigation.o(.data)
    motor_half_delta_mm                      0x2000006c   Data           4  odometer.o(.data)
    odom_rx_buf                              0x20000070   Data           8  odometer.o(.data)
    TofData                                  0x2000007c   Data           4  tof200f.o(.data)
    defaultTaskHandle                        0x20000090   Data           4  freertos.o(.data)
    myTask02Handle                           0x20000094   Data           4  freertos.o(.data)
    myTask03Handle                           0x20000098   Data           4  freertos.o(.data)
    myTask04Handle                           0x2000009c   Data           4  freertos.o(.data)
    myTask05Handle                           0x200000a0   Data           4  freertos.o(.data)
    myTask06Handle                           0x200000a4   Data           4  freertos.o(.data)
    myTask07Handle                           0x200000a8   Data           4  freertos.o(.data)
    usart2TXHandle                           0x200000ac   Data           4  freertos.o(.data)
    num1                                     0x200000b4   Data           7  voice.o(.data)
    num2                                     0x200000bb   Data           7  voice.o(.data)
    num3                                     0x200000c2   Data           7  voice.o(.data)
    num4                                     0x200000c9   Data           7  voice.o(.data)
    num5                                     0x200000d0   Data           7  voice.o(.data)
    num6                                     0x200000d7   Data           7  voice.o(.data)
    num7                                     0x200000de   Data           7  voice.o(.data)
    num8                                     0x200000e5   Data           7  voice.o(.data)
    num9                                     0x200000ec   Data           7  voice.o(.data)
    num10                                    0x200000f3   Data           7  voice.o(.data)
    Apple                                    0x200000fa   Data           7  voice.o(.data)
    Pear                                     0x20000101   Data           7  voice.o(.data)
    Pumpkin                                  0x20000108   Data           7  voice.o(.data)
    Pepper                                   0x2000010f   Data           7  voice.o(.data)
    Tomato                                   0x20000116   Data           7  voice.o(.data)
    Eggplant                                 0x2000011d   Data           7  voice.o(.data)
    Teaminfor                                0x20000124   Data           7  voice.o(.data)
    Mature                                   0x2000012b   Data           7  voice.o(.data)
    Inmature                                 0x20000132   Data           7  voice.o(.data)
    Bad                                      0x20000139   Data           7  voice.o(.data)
    Music                                    0x20000140   Data           7  voice.o(.data)
    g_app_mode                               0x20000174   Data           1  app.o(.data)
    CameraFlag                               0x20000178   Data           1  uppercp.o(.data)
    fruits_count                             0x20000179   Data           1  uppercp.o(.data)
    fruits                                   0x2000018c   Data           8  uppercp.o(.data)
    uwTickFreq                               0x20000194   Data           1  stm32f4xx_hal.o(.data)
    uwTickPrio                               0x20000198   Data           4  stm32f4xx_hal.o(.data)
    uwTick                                   0x2000019c   Data           4  stm32f4xx_hal.o(.data)
    SystemCoreClock                          0x200001a0   Data           4  system_stm32f4xx.o(.data)
    pxCurrentTCB                             0x200001a4   Data           4  tasks.o(.data)
    g_robot_pos                              0x20000224   Data          12  navigation.o(.bss)
    speed                                    0x20000230   Data          12  navigation.o(.bss)
    angle_speed                              0x2000023c   Data          12  navigation.o(.bss)
    hi2c2                                    0x20000678   Data          84  i2c.o(.bss)
    htim3                                    0x200006cc   Data          72  tim.o(.bss)
    htim7                                    0x20000714   Data          72  tim.o(.bss)
    htim8                                    0x2000075c   Data          72  tim.o(.bss)
    huart4                                   0x200007a4   Data          72  usart.o(.bss)
    huart5                                   0x200007ec   Data          72  usart.o(.bss)
    huart1                                   0x20000834   Data          72  usart.o(.bss)
    huart2                                   0x2000087c   Data          72  usart.o(.bss)
    huart3                                   0x200008c4   Data          72  usart.o(.bss)
    huart6                                   0x2000090c   Data          72  usart.o(.bss)
    htim6                                    0x20000960   Data          72  stm32f4xx_hal_timebase_tim.o(.bss)
    xQueueRegistry                           0x20000b28   Data          64  queue.o(.bss)
    __libspace_start                         0x200067fc   Data          96  libspace.o(.bss)
    __temporary_stack_top$libspace           0x2000685c   Data           0  libspace.o(.bss)



==============================================================================

Memory Map of the image

  Image Entry point : 0x08000189

  Load Region LR_IROM1 (Base: 0x08000000, Size: 0x00008cf8, Max: 0x00080000, ABSOLUTE, COMPRESSED[0x00008b5c])

    Execution Region ER_IROM1 (Exec base: 0x08000000, Load base: 0x08000000, Size: 0x00008ad4, Max: 0x00080000, ABSOLUTE)

    Exec Addr    Load Addr    Size         Type   Attr      Idx    E Section Name        Object

    0x08000000   0x08000000   0x00000188   Data   RO            3    RESET               startup_stm32f407xx.o
    0x08000188   0x08000188   0x00000008   Code   RO         6627  * !!!main             c_w.l(__main.o)
    0x08000190   0x08000190   0x00000034   Code   RO         7127    !!!scatter          c_w.l(__scatter.o)
    0x080001c4   0x080001c4   0x0000005a   Code   RO         7125    !!dczerorl2         c_w.l(__dczerorl2.o)
    0x0800021e   0x0800021e   0x00000002   PAD
    0x08000220   0x08000220   0x0000001c   Code   RO         7129    !!handler_zi        c_w.l(__scatter_zi.o)
    0x0800023c   0x0800023c   0x00000000   Code   RO         6599    .ARM.Collect$$_printf_percent$$00000000  c_w.l(_printf_percent.o)
    0x0800023c   0x0800023c   0x00000006   Code   RO         6598    .ARM.Collect$$_printf_percent$$00000003  c_w.l(_printf_f.o)
    0x08000242   0x08000242   0x00000006   Code   RO         6597    .ARM.Collect$$_printf_percent$$00000009  c_w.l(_printf_d.o)
    0x08000248   0x08000248   0x00000006   Code   RO         6596    .ARM.Collect$$_printf_percent$$00000014  c_w.l(_printf_s.o)
    0x0800024e   0x0800024e   0x00000004   Code   RO         6750    .ARM.Collect$$_printf_percent$$00000017  c_w.l(_printf_percent_end.o)
    0x08000252   0x08000252   0x00000002   Code   RO         6922    .ARM.Collect$$libinit$$00000000  c_w.l(libinit.o)
    0x08000254   0x08000254   0x00000004   Code   RO         6923    .ARM.Collect$$libinit$$00000001  c_w.l(libinit2.o)
    0x08000258   0x08000258   0x00000000   Code   RO         6926    .ARM.Collect$$libinit$$00000004  c_w.l(libinit2.o)
    0x08000258   0x08000258   0x00000000   Code   RO         6929    .ARM.Collect$$libinit$$0000000A  c_w.l(libinit2.o)
    0x08000258   0x08000258   0x00000000   Code   RO         6931    .ARM.Collect$$libinit$$0000000C  c_w.l(libinit2.o)
    0x08000258   0x08000258   0x00000000   Code   RO         6933    .ARM.Collect$$libinit$$0000000E  c_w.l(libinit2.o)
    0x08000258   0x08000258   0x00000006   Code   RO         6934    .ARM.Collect$$libinit$$0000000F  c_w.l(libinit2.o)
    0x0800025e   0x0800025e   0x00000000   Code   RO         6936    .ARM.Collect$$libinit$$00000011  c_w.l(libinit2.o)
    0x0800025e   0x0800025e   0x00000000   Code   RO         6938    .ARM.Collect$$libinit$$00000013  c_w.l(libinit2.o)
    0x0800025e   0x0800025e   0x00000000   Code   RO         6940    .ARM.Collect$$libinit$$00000015  c_w.l(libinit2.o)
    0x0800025e   0x0800025e   0x0000000a   Code   RO         6941    .ARM.Collect$$libinit$$00000016  c_w.l(libinit2.o)
    0x08000268   0x08000268   0x00000000   Code   RO         6942    .ARM.Collect$$libinit$$00000017  c_w.l(libinit2.o)
    0x08000268   0x08000268   0x00000000   Code   RO         6944    .ARM.Collect$$libinit$$00000019  c_w.l(libinit2.o)
    0x08000268   0x08000268   0x00000000   Code   RO         6946    .ARM.Collect$$libinit$$0000001B  c_w.l(libinit2.o)
    0x08000268   0x08000268   0x00000000   Code   RO         6948    .ARM.Collect$$libinit$$0000001D  c_w.l(libinit2.o)
    0x08000268   0x08000268   0x00000000   Code   RO         6950    .ARM.Collect$$libinit$$0000001F  c_w.l(libinit2.o)
    0x08000268   0x08000268   0x00000000   Code   RO         6952    .ARM.Collect$$libinit$$00000021  c_w.l(libinit2.o)
    0x08000268   0x08000268   0x00000000   Code   RO         6954    .ARM.Collect$$libinit$$00000023  c_w.l(libinit2.o)
    0x08000268   0x08000268   0x00000000   Code   RO         6956    .ARM.Collect$$libinit$$00000025  c_w.l(libinit2.o)
    0x08000268   0x08000268   0x00000000   Code   RO         6960    .ARM.Collect$$libinit$$0000002C  c_w.l(libinit2.o)
    0x08000268   0x08000268   0x00000000   Code   RO         6962    .ARM.Collect$$libinit$$0000002E  c_w.l(libinit2.o)
    0x08000268   0x08000268   0x00000000   Code   RO         6964    .ARM.Collect$$libinit$$00000030  c_w.l(libinit2.o)
    0x08000268   0x08000268   0x00000000   Code   RO         6966    .ARM.Collect$$libinit$$00000032  c_w.l(libinit2.o)
    0x08000268   0x08000268   0x00000002   Code   RO         6967    .ARM.Collect$$libinit$$00000033  c_w.l(libinit2.o)
    0x0800026a   0x0800026a   0x00000002   Code   RO         7074    .ARM.Collect$$libshutdown$$00000000  c_w.l(libshutdown.o)
    0x0800026c   0x0800026c   0x00000000   Code   RO         7104    .ARM.Collect$$libshutdown$$00000002  c_w.l(libshutdown2.o)
    0x0800026c   0x0800026c   0x00000000   Code   RO         7106    .ARM.Collect$$libshutdown$$00000004  c_w.l(libshutdown2.o)
    0x0800026c   0x0800026c   0x00000000   Code   RO         7109    .ARM.Collect$$libshutdown$$00000007  c_w.l(libshutdown2.o)
    0x0800026c   0x0800026c   0x00000000   Code   RO         7112    .ARM.Collect$$libshutdown$$0000000A  c_w.l(libshutdown2.o)
    0x0800026c   0x0800026c   0x00000000   Code   RO         7114    .ARM.Collect$$libshutdown$$0000000C  c_w.l(libshutdown2.o)
    0x0800026c   0x0800026c   0x00000000   Code   RO         7117    .ARM.Collect$$libshutdown$$0000000F  c_w.l(libshutdown2.o)
    0x0800026c   0x0800026c   0x00000002   Code   RO         7118    .ARM.Collect$$libshutdown$$00000010  c_w.l(libshutdown2.o)
    0x0800026e   0x0800026e   0x00000000   Code   RO         6683    .ARM.Collect$$rtentry$$00000000  c_w.l(__rtentry.o)
    0x0800026e   0x0800026e   0x00000000   Code   RO         6803    .ARM.Collect$$rtentry$$00000002  c_w.l(__rtentry2.o)
    0x0800026e   0x0800026e   0x00000006   Code   RO         6815    .ARM.Collect$$rtentry$$00000004  c_w.l(__rtentry4.o)
    0x08000274   0x08000274   0x00000000   Code   RO         6805    .ARM.Collect$$rtentry$$00000009  c_w.l(__rtentry2.o)
    0x08000274   0x08000274   0x00000004   Code   RO         6806    .ARM.Collect$$rtentry$$0000000A  c_w.l(__rtentry2.o)
    0x08000278   0x08000278   0x00000000   Code   RO         6808    .ARM.Collect$$rtentry$$0000000C  c_w.l(__rtentry2.o)
    0x08000278   0x08000278   0x00000008   Code   RO         6809    .ARM.Collect$$rtentry$$0000000D  c_w.l(__rtentry2.o)
    0x08000280   0x08000280   0x00000002   Code   RO         6980    .ARM.Collect$$rtexit$$00000000  c_w.l(rtexit.o)
    0x08000282   0x08000282   0x00000000   Code   RO         7026    .ARM.Collect$$rtexit$$00000002  c_w.l(rtexit2.o)
    0x08000282   0x08000282   0x00000004   Code   RO         7027    .ARM.Collect$$rtexit$$00000003  c_w.l(rtexit2.o)
    0x08000286   0x08000286   0x00000006   Code   RO         7028    .ARM.Collect$$rtexit$$00000004  c_w.l(rtexit2.o)
    0x0800028c   0x0800028c   0x000000be   Code   RO         6483    .emb_text           port.o
    0x0800034a   0x0800034a   0x00000002   PAD
    0x0800034c   0x0800034c   0x00000040   Code   RO            4    .text               startup_stm32f407xx.o
    0x0800038c   0x0800038c   0x000000ee   Code   RO         6562    .text               c_w.l(lludivv7m.o)
    0x0800047a   0x0800047a   0x00000002   PAD
    0x0800047c   0x0800047c   0x00000038   Code   RO         6566    .text               c_w.l(__2snprintf.o)
    0x080004b4   0x080004b4   0x00000052   Code   RO         6572    .text               c_w.l(_printf_str.o)
    0x08000506   0x08000506   0x00000002   PAD
    0x08000508   0x08000508   0x00000078   Code   RO         6574    .text               c_w.l(_printf_dec.o)
    0x08000580   0x08000580   0x00000188   Code   RO         6593    .text               c_w.l(__printf_flags_ss_wp.o)
    0x08000708   0x08000708   0x0000008a   Code   RO         6611    .text               c_w.l(rt_memcpy_v6.o)
    0x08000792   0x08000792   0x00000064   Code   RO         6613    .text               c_w.l(rt_memcpy_w.o)
    0x080007f6   0x080007f6   0x00000010   Code   RO         6617    .text               c_w.l(aeabi_memset.o)
    0x08000806   0x08000806   0x0000004e   Code   RO         6619    .text               c_w.l(rt_memclr_w.o)
    0x08000854   0x08000854   0x00000080   Code   RO         6623    .text               c_w.l(strcmpv7m.o)
    0x080008d4   0x080008d4   0x00000006   Code   RO         6625    .text               c_w.l(heapauxi.o)
    0x080008da   0x080008da   0x00000016   Code   RO         6688    .text               c_w.l(_rserrno.o)
    0x080008f0   0x080008f0   0x000000b2   Code   RO         6694    .text               c_w.l(_printf_intcommon.o)
    0x080009a2   0x080009a2   0x0000041e   Code   RO         6698    .text               c_w.l(_printf_fp_dec.o)
    0x08000dc0   0x08000dc0   0x00000030   Code   RO         6700    .text               c_w.l(_printf_char_common.o)
    0x08000df0   0x08000df0   0x0000000a   Code   RO         6702    .text               c_w.l(_sputc.o)
    0x08000dfa   0x08000dfa   0x00000010   Code   RO         6704    .text               c_w.l(_snputc.o)
    0x08000e0a   0x08000e0a   0x0000002c   Code   RO         6706    .text               c_w.l(_printf_char.o)
    0x08000e36   0x08000e36   0x00000044   Code   RO         6770    .text               c_w.l(rt_memclr.o)
    0x08000e7a   0x08000e7a   0x00000002   PAD
    0x08000e7c   0x08000e7c   0x00000008   Code   RO         6822    .text               c_w.l(rt_locale_intlibspace.o)
    0x08000e84   0x08000e84   0x00000008   Code   RO         6827    .text               c_w.l(rt_errno_addr_intlibspace.o)
    0x08000e8c   0x08000e8c   0x0000008a   Code   RO         6829    .text               c_w.l(lludiv10.o)
    0x08000f16   0x08000f16   0x00000002   PAD
    0x08000f18   0x08000f18   0x00000080   Code   RO         6836    .text               c_w.l(_printf_fp_infnan.o)
    0x08000f98   0x08000f98   0x000000e4   Code   RO         6844    .text               c_w.l(bigflt0.o)
    0x0800107c   0x0800107c   0x00000008   Code   RO         6900    .text               c_w.l(libspace.o)
    0x08001084   0x08001084   0x0000004a   Code   RO         6903    .text               c_w.l(sys_stackheap_outer.o)
    0x080010ce   0x080010ce   0x00000012   Code   RO         6911    .text               c_w.l(exit.o)
    0x080010e0   0x080010e0   0x0000000c   Code   RO         7023    .text               c_w.l(sys_exit.o)
    0x080010ec   0x080010ec   0x00000002   Code   RO         7061    .text               c_w.l(use_no_semi.o)
    0x080010ee   0x080010ee   0x00000000   Code   RO         7063    .text               c_w.l(indicate_semi.o)
    0x080010ee   0x080010ee   0x0000003e   Code   RO         6847    CL$$btod_d2e        c_w.l(btod.o)
    0x0800112c   0x0800112c   0x00000046   Code   RO         6849    CL$$btod_d2e_denorm_low  c_w.l(btod.o)
    0x08001172   0x08001172   0x00000060   Code   RO         6848    CL$$btod_d2e_norm_op1  c_w.l(btod.o)
    0x080011d2   0x080011d2   0x00000338   Code   RO         6857    CL$$btod_div_common  c_w.l(btod.o)
    0x0800150a   0x0800150a   0x000000dc   Code   RO         6854    CL$$btod_e2e        c_w.l(btod.o)
    0x080015e6   0x080015e6   0x0000002a   Code   RO         6851    CL$$btod_ediv       c_w.l(btod.o)
    0x08001610   0x08001610   0x0000002a   Code   RO         6850    CL$$btod_emul       c_w.l(btod.o)
    0x0800163a   0x0800163a   0x00000244   Code   RO         6856    CL$$btod_mult_common  c_w.l(btod.o)
    0x0800187e   0x0800187e   0x00000002   PAD
    0x08001880   0x08001880   0x0000003c   Code   RO         1644    i.App_CommandUartRxByte  app.o
    0x080018bc   0x080018bc   0x00000010   Code   RO         1645    i.App_Init          app.o
    0x080018cc   0x080018cc   0x000000d4   Code   RO         1647    i.App_RunCurrentMode  app.o
    0x080019a0   0x080019a0   0x0000005c   Code   RO         1648    i.App_RunRoute      app.o
    0x080019fc   0x080019fc   0x00000002   Code   RO         1317    i.BusFault_Handler  stm32f4xx_it.o
    0x080019fe   0x080019fe   0x00000002   PAD
    0x08001a00   0x08001a00   0x00000100   Code   RO          527    i.Chassis_SetSpeed  navigation.o
    0x08001b00   0x08001b00   0x00000010   Code   RO          235    i.CheckRange        hwt101.o
    0x08001b10   0x08001b10   0x00000002   Code   RO         1318    i.DebugMon_Handler  stm32f4xx_it.o
    0x08001b12   0x08001b12   0x00000002   PAD
    0x08001b14   0x08001b14   0x00000050   Code   RO           13    i.Emm_Send          bujin.o
    0x08001b64   0x08001b64   0x00000048   Code   RO           16    i.Emm_V5_Pos_Control  bujin.o
    0x08001bac   0x08001bac   0x0000006c   Code   RO           17    i.Emm_V5_Pos_Control_ByPulse  bujin.o
    0x08001c18   0x08001c18   0x00000082   Code   RO           18    i.Emm_V5_Read_Sys_Params  bujin.o
    0x08001c9a   0x08001c9a   0x00000002   PAD
    0x08001c9c   0x08001c9c   0x00000020   Code   RO           21    i.Emm_V5_Synchronous_motion  bujin.o
    0x08001cbc   0x08001cbc   0x00000040   Code   RO           22    i.Emm_V5_Vel_Control  bujin.o
    0x08001cfc   0x08001cfc   0x00000004   Code   RO          917    i.Error_Handler     main.o
    0x08001d00   0x08001d00   0x0000001c   Code   RO          452    i.Get_zeroYaw       hwt101_hal.o
    0x08001d1c   0x08001d1c   0x00000092   Code   RO         3261    i.HAL_DMA_Abort     stm32f4xx_hal_dma.o
    0x08001dae   0x08001dae   0x00000024   Code   RO         3262    i.HAL_DMA_Abort_IT  stm32f4xx_hal_dma.o
    0x08001dd2   0x08001dd2   0x00000002   PAD
    0x08001dd4   0x08001dd4   0x00000024   Code   RO         3698    i.HAL_Delay         stm32f4xx_hal.o
    0x08001df8   0x08001df8   0x000001f0   Code   RO         3154    i.HAL_GPIO_Init     stm32f4xx_hal_gpio.o
    0x08001fe8   0x08001fe8   0x0000000a   Code   RO         3158    i.HAL_GPIO_WritePin  stm32f4xx_hal_gpio.o
    0x08001ff2   0x08001ff2   0x00000002   PAD
    0x08001ff4   0x08001ff4   0x0000000c   Code   RO         3704    i.HAL_GetTick       stm32f4xx_hal.o
    0x08002000   0x08002000   0x00000188   Code   RO         3960    i.HAL_I2C_Init      stm32f4xx_hal_i2c.o
    0x08002188   0x08002188   0x00000130   Code   RO         3981    i.HAL_I2C_Mem_Write  stm32f4xx_hal_i2c.o
    0x080022b8   0x080022b8   0x0000006c   Code   RO         1126    i.HAL_I2C_MspInit   i2c.o
    0x08002324   0x08002324   0x00000010   Code   RO         3710    i.HAL_IncTick       stm32f4xx_hal.o
    0x08002334   0x08002334   0x00000034   Code   RO         3711    i.HAL_Init          stm32f4xx_hal.o
    0x08002368   0x08002368   0x00000098   Code   RO         1443    i.HAL_InitTick      stm32f4xx_hal_timebase_tim.o
    0x08002400   0x08002400   0x00000038   Code   RO         1419    i.HAL_MspInit       stm32f4xx_hal_msp.o
    0x08002438   0x08002438   0x0000001a   Code   RO         3546    i.HAL_NVIC_EnableIRQ  stm32f4xx_hal_cortex.o
    0x08002452   0x08002452   0x00000002   PAD
    0x08002454   0x08002454   0x00000040   Code   RO         3552    i.HAL_NVIC_SetPriority  stm32f4xx_hal_cortex.o
    0x08002494   0x08002494   0x00000024   Code   RO         3553    i.HAL_NVIC_SetPriorityGrouping  stm32f4xx_hal_cortex.o
    0x080024b8   0x080024b8   0x00000134   Code   RO         2800    i.HAL_RCC_ClockConfig  stm32f4xx_hal_rcc.o
    0x080025ec   0x080025ec   0x00000040   Code   RO         2804    i.HAL_RCC_GetClockConfig  stm32f4xx_hal_rcc.o
    0x0800262c   0x0800262c   0x00000020   Code   RO         2807    i.HAL_RCC_GetPCLK1Freq  stm32f4xx_hal_rcc.o
    0x0800264c   0x0800264c   0x00000020   Code   RO         2808    i.HAL_RCC_GetPCLK2Freq  stm32f4xx_hal_rcc.o
    0x0800266c   0x0800266c   0x00000060   Code   RO         2809    i.HAL_RCC_GetSysClockFreq  stm32f4xx_hal_rcc.o
    0x080026cc   0x080026cc   0x0000036c   Code   RO         2812    i.HAL_RCC_OscConfig  stm32f4xx_hal_rcc.o
    0x08002a38   0x08002a38   0x00000002   Code   RO         2532    i.HAL_TIMEx_BreakCallback  stm32f4xx_hal_tim_ex.o
    0x08002a3a   0x08002a3a   0x00000002   Code   RO         2533    i.HAL_TIMEx_CommutCallback  stm32f4xx_hal_tim_ex.o
    0x08002a3c   0x08002a3c   0x00000054   Code   RO         2535    i.HAL_TIMEx_ConfigBreakDeadTime  stm32f4xx_hal_tim_ex.o
    0x08002a90   0x08002a90   0x00000090   Code   RO         2551    i.HAL_TIMEx_MasterConfigSynchronization  stm32f4xx_hal_tim_ex.o
    0x08002b20   0x08002b20   0x0000005a   Code   RO         1828    i.HAL_TIM_Base_Init  stm32f4xx_hal_tim.o
    0x08002b7a   0x08002b7a   0x00000002   PAD
    0x08002b7c   0x08002b7c   0x00000028   Code   RO         1168    i.HAL_TIM_Base_MspInit  tim.o
    0x08002ba4   0x08002ba4   0x00000080   Code   RO         1833    i.HAL_TIM_Base_Start_IT  stm32f4xx_hal_tim.o
    0x08002c24   0x08002c24   0x00000002   Code   RO         1862    i.HAL_TIM_IC_CaptureCallback  stm32f4xx_hal_tim.o
    0x08002c26   0x08002c26   0x00000130   Code   RO         1876    i.HAL_TIM_IRQHandler  stm32f4xx_hal_tim.o
    0x08002d56   0x08002d56   0x00000002   PAD
    0x08002d58   0x08002d58   0x000000d0   Code   RO         1169    i.HAL_TIM_MspPostInit  tim.o
    0x08002e28   0x08002e28   0x00000002   Code   RO         1879    i.HAL_TIM_OC_DelayElapsedCallback  stm32f4xx_hal_tim.o
    0x08002e2a   0x08002e2a   0x000000cc   Code   RO         1900    i.HAL_TIM_PWM_ConfigChannel  stm32f4xx_hal_tim.o
    0x08002ef6   0x08002ef6   0x0000005a   Code   RO         1903    i.HAL_TIM_PWM_Init  stm32f4xx_hal_tim.o
    0x08002f50   0x08002f50   0x00000038   Code   RO         1171    i.HAL_TIM_PWM_MspInit  tim.o
    0x08002f88   0x08002f88   0x00000002   Code   RO         1906    i.HAL_TIM_PWM_PulseFinishedCallback  stm32f4xx_hal_tim.o
    0x08002f8a   0x08002f8a   0x00000002   PAD
    0x08002f8c   0x08002f8c   0x00000014   Code   RO          918    i.HAL_TIM_PeriodElapsedCallback  main.o
    0x08002fa0   0x08002fa0   0x00000002   Code   RO         1919    i.HAL_TIM_TriggerCallback  stm32f4xx_hal_tim.o
    0x08002fa2   0x08002fa2   0x00000002   Code   RO         4416    i.HAL_UARTEx_RxEventCallback  stm32f4xx_hal_uart.o
    0x08002fa4   0x08002fa4   0x00000002   Code   RO         4430    i.HAL_UART_ErrorCallback  stm32f4xx_hal_uart.o
    0x08002fa6   0x08002fa6   0x00000002   PAD
    0x08002fa8   0x08002fa8   0x00000280   Code   RO         4433    i.HAL_UART_IRQHandler  stm32f4xx_hal_uart.o
    0x08003228   0x08003228   0x00000064   Code   RO         4434    i.HAL_UART_Init     stm32f4xx_hal_uart.o
    0x0800328c   0x0800328c   0x00000248   Code   RO         1240    i.HAL_UART_MspInit  usart.o
    0x080034d4   0x080034d4   0x00000002   Code   RO         4440    i.HAL_UART_RxCpltCallback  stm32f4xx_hal_uart.o
    0x080034d6   0x080034d6   0x000000a0   Code   RO         4442    i.HAL_UART_Transmit  stm32f4xx_hal_uart.o
    0x08003576   0x08003576   0x00000002   Code   RO         4445    i.HAL_UART_TxCpltCallback  stm32f4xx_hal_uart.o
    0x08003578   0x08003578   0x00000004   Code   RO          453    i.HWT101_DelayMs    hwt101_hal.o
    0x0800357c   0x0800357c   0x00000064   Code   RO          454    i.HWT101_HAL_Init   hwt101_hal.o
    0x080035e0   0x080035e0   0x0000008c   Code   RO          455    i.HWT101_ParsePacket  hwt101_hal.o
    0x0800366c   0x0800366c   0x00000002   Code   RO          457    i.HWT101_RegUpdate  hwt101_hal.o
    0x0800366e   0x0800366e   0x00000002   PAD
    0x08003670   0x08003670   0x00000010   Code   RO          458    i.HWT101_SerialWrite  hwt101_hal.o
    0x08003680   0x08003680   0x00000002   Code   RO         1319    i.HardFault_Handler  stm32f4xx_it.o
    0x08003682   0x08003682   0x0000002e   Code   RO         4003    i.I2C_IsAcknowledgeFailed  stm32f4xx_hal_i2c.o
    0x080036b0   0x080036b0   0x000000a8   Code   RO         4014    i.I2C_RequestMemoryWrite  stm32f4xx_hal_i2c.o
    0x08003758   0x08003758   0x00000056   Code   RO         4018    i.I2C_WaitOnBTFFlagUntilTimeout  stm32f4xx_hal_i2c.o
    0x080037ae   0x080037ae   0x00000002   PAD
    0x080037b0   0x080037b0   0x00000090   Code   RO         4019    i.I2C_WaitOnFlagUntilTimeout  stm32f4xx_hal_i2c.o
    0x08003840   0x08003840   0x000000bc   Code   RO         4020    i.I2C_WaitOnMasterAddressFlagUntilTimeout  stm32f4xx_hal_i2c.o
    0x080038fc   0x080038fc   0x00000056   Code   RO         4022    i.I2C_WaitOnTXEFlagUntilTimeout  stm32f4xx_hal_i2c.o
    0x08003952   0x08003952   0x00000002   PAD
    0x08003954   0x08003954   0x00000020   Code   RO         1485    i.JQ8x00_Loop       voice.o
    0x08003974   0x08003974   0x00000020   Code   RO         1486    i.JQ8x00_Loop_times2  voice.o
    0x08003994   0x08003994   0x00000018   Code   RO         1487    i.JQ8x00_Over       voice.o
    0x080039ac   0x080039ac   0x00000080   Code   RO         1488    i.JQ8x00_PathPlay   voice.o
    0x08003a2c   0x08003a2c   0x0000000a   Code   RO         1489    i.JQ8x00_RandomPathPlay  voice.o
    0x08003a36   0x08003a36   0x00000016   Code   RO         1490    i.JQ8x00_RandomPathPlay_Inserch  voice.o
    0x08003a4c   0x08003a4c   0x00000014   Code   RO         1492    i.JQ8x00_UART       voice.o
    0x08003a60   0x08003a60   0x00000094   Code   RO         1038    i.MX_FREERTOS_Init  freertos.o
    0x08003af4   0x08003af4   0x00000090   Code   RO         1014    i.MX_GPIO_Init      gpio.o
    0x08003b84   0x08003b84   0x00000040   Code   RO         1127    i.MX_I2C2_Init      i2c.o
    0x08003bc4   0x08003bc4   0x00000070   Code   RO         1172    i.MX_TIM3_Init      tim.o
    0x08003c34   0x08003c34   0x00000044   Code   RO         1173    i.MX_TIM7_Init      tim.o
    0x08003c78   0x08003c78   0x000000d0   Code   RO         1174    i.MX_TIM8_Init      tim.o
    0x08003d48   0x08003d48   0x00000038   Code   RO         1241    i.MX_UART4_Init     usart.o
    0x08003d80   0x08003d80   0x00000040   Code   RO         1242    i.MX_UART5_Init     usart.o
    0x08003dc0   0x08003dc0   0x00000038   Code   RO         1243    i.MX_USART1_UART_Init  usart.o
    0x08003df8   0x08003df8   0x00000038   Code   RO         1244    i.MX_USART2_UART_Init  usart.o
    0x08003e30   0x08003e30   0x00000038   Code   RO         1245    i.MX_USART3_UART_Init  usart.o
    0x08003e68   0x08003e68   0x00000040   Code   RO         1246    i.MX_USART6_UART_Init  usart.o
    0x08003ea8   0x08003ea8   0x00000002   Code   RO         1320    i.MemManage_Handler  stm32f4xx_it.o
    0x08003eaa   0x08003eaa   0x00000002   Code   RO         1321    i.NMI_Handler       stm32f4xx_it.o
    0x08003eac   0x08003eac   0x00000118   Code   RO          529    i.Navigation_HandleArrived  navigation.o
    0x08003fc4   0x08003fc4   0x000001b8   Code   RO          530    i.Navigation_HandleMoving  navigation.o
    0x0800417c   0x0800417c   0x00000170   Code   RO          531    i.Navigation_HandleTargetAlign  navigation.o
    0x080042ec   0x080042ec   0x00000014   Code   RO          532    i.Navigation_IsIdle  navigation.o
    0x08004300   0x08004300   0x00000034   Code   RO          533    i.Navigation_NormalizeDeg  navigation.o
    0x08004334   0x08004334   0x00000034   Code   RO          534    i.Navigation_NormalizeRad  navigation.o
    0x08004368   0x08004368   0x00000040   Code   RO          535    i.Navigation_Request  navigation.o
    0x080043a8   0x080043a8   0x00000030   Code   RO          536    i.Navigation_Reset  navigation.o
    0x080043d8   0x080043d8   0x0000001c   Code   RO          537    i.Navigation_Stop   navigation.o
    0x080043f4   0x080043f4   0x00000044   Code   RO          538    i.Navigation_TaskTick  navigation.o
    0x08004438   0x08004438   0x0000005c   Code   RO          539    i.Navigation_UpdateByDelta  navigation.o
    0x08004494   0x08004494   0x0000002c   Code   RO          688    i.OLED_Clear        oled.o
    0x080044c0   0x080044c0   0x0000003a   Code   RO          695    i.OLED_I2C_SendByte  oled.o
    0x080044fa   0x080044fa   0x0000001e   Code   RO          696    i.OLED_I2C_Start    oled.o
    0x08004518   0x08004518   0x00000018   Code   RO          697    i.OLED_I2C_Stop     oled.o
    0x08004530   0x08004530   0x000000f4   Code   RO          698    i.OLED_Init         oled.o
    0x08004624   0x08004624   0x0000004c   Code   RO          700    i.OLED_Refresh_Gram  oled.o
    0x08004670   0x08004670   0x00000028   Code   RO          701    i.OLED_Set_Pos      oled.o
    0x08004698   0x08004698   0x0000008c   Code   RO          703    i.OLED_ShowChar     oled.o
    0x08004724   0x08004724   0x000000f4   Code   RO          704    i.OLED_ShowFloat    oled.o
    0x08004818   0x08004818   0x00000072   Code   RO          705    i.OLED_ShowNum      oled.o
    0x0800488a   0x0800488a   0x00000036   Code   RO          706    i.OLED_ShowString   oled.o
    0x080048c0   0x080048c0   0x0000000a   Code   RO          707    i.OLED_WR_Byte      oled.o
    0x080048ca   0x080048ca   0x00000002   PAD
    0x080048cc   0x080048cc   0x00000014   Code   RO          708    i.OLED_W_SCL        oled.o
    0x080048e0   0x080048e0   0x00000014   Code   RO          709    i.OLED_W_SDA        oled.o
    0x080048f4   0x080048f4   0x00000022   Code   RO          710    i.OLED_Write_Command  oled.o
    0x08004916   0x08004916   0x00000022   Code   RO          711    i.OLED_Write_Data   oled.o
    0x08004938   0x08004938   0x00000048   Code   RO          637    i.Odometer_Init     odometer.o
    0x08004980   0x08004980   0x00000078   Code   RO          638    i.Odometer_UartRxByte  odometer.o
    0x080049f8   0x080049f8   0x00000034   Code   RO          639    i.Odometer_Update   odometer.o
    0x08004a2c   0x08004a2c   0x000000b8   Code   RO          640    i.Odometer_UpdateByAngle  odometer.o
    0x08004ae4   0x08004ae4   0x00000056   Code   RO         1586    i.PCA9685_Init      pca9685.o
    0x08004b3a   0x08004b3a   0x00000002   PAD
    0x08004b3c   0x08004b3c   0x00000024   Code   RO         1591    i.PCA9685_Write     pca9685.o
    0x08004b60   0x08004b60   0x00000008   Code   RO         1039    i.StartDefaultTask  freertos.o
    0x08004b68   0x08004b68   0x00000134   Code   RO         1040    i.StartTask02       freertos.o
    0x08004c9c   0x08004c9c   0x00000020   Code   RO         1041    i.StartTask03       freertos.o
    0x08004cbc   0x08004cbc   0x00000010   Code   RO         1042    i.StartTask04       freertos.o
    0x08004ccc   0x08004ccc   0x00000008   Code   RO         1043    i.StartTask05       freertos.o
    0x08004cd4   0x08004cd4   0x00000008   Code   RO         1044    i.StartTask06       freertos.o
    0x08004cdc   0x08004cdc   0x0000000c   Code   RO         1045    i.StartTask07       freertos.o
    0x08004ce8   0x08004ce8   0x0000001a   Code   RO         5915    i.SysTick_Handler   cmsis_os2.o
    0x08004d02   0x08004d02   0x00000002   PAD
    0x08004d04   0x08004d04   0x00000094   Code   RO          919    i.SystemClock_Config  main.o
    0x08004d98   0x08004d98   0x00000010   Code   RO         4768    i.SystemInit        system_stm32f4xx.o
    0x08004da8   0x08004da8   0x0000000c   Code   RO         1322    i.TIM6_DAC_IRQHandler  stm32f4xx_it.o
    0x08004db4   0x08004db4   0x000000d0   Code   RO         1921    i.TIM_Base_SetConfig  stm32f4xx_hal_tim.o
    0x08004e84   0x08004e84   0x00000060   Code   RO         1934    i.TIM_OC1_SetConfig  stm32f4xx_hal_tim.o
    0x08004ee4   0x08004ee4   0x0000006c   Code   RO         1935    i.TIM_OC2_SetConfig  stm32f4xx_hal_tim.o
    0x08004f50   0x08004f50   0x00000068   Code   RO         1936    i.TIM_OC3_SetConfig  stm32f4xx_hal_tim.o
    0x08004fb8   0x08004fb8   0x00000050   Code   RO         1937    i.TIM_OC4_SetConfig  stm32f4xx_hal_tim.o
    0x08005008   0x08005008   0x00000050   Code   RO          870    i.TOF200F_UartRxByte  tof200f.o
    0x08005058   0x08005058   0x00000074   Code   RO         1323    i.UART4_IRQHandler  stm32f4xx_it.o
    0x080050cc   0x080050cc   0x00000034   Code   RO         1324    i.UART5_IRQHandler  stm32f4xx_it.o
    0x08005100   0x08005100   0x0000000e   Code   RO         4447    i.UART_DMAAbortOnError  stm32f4xx_hal_uart.o
    0x0800510e   0x0800510e   0x0000004e   Code   RO         4457    i.UART_EndRxTransfer  stm32f4xx_hal_uart.o
    0x0800515c   0x0800515c   0x000000c2   Code   RO         4459    i.UART_Receive_IT   stm32f4xx_hal_uart.o
    0x0800521e   0x0800521e   0x00000002   PAD
    0x08005220   0x08005220   0x0000010c   Code   RO         4460    i.UART_SetConfig    stm32f4xx_hal_uart.o
    0x0800532c   0x0800532c   0x00000072   Code   RO         4463    i.UART_WaitOnFlagUntilTimeout  stm32f4xx_hal_uart.o
    0x0800539e   0x0800539e   0x00000002   PAD
    0x080053a0   0x080053a0   0x00000034   Code   RO         1325    i.USART1_IRQHandler  stm32f4xx_it.o
    0x080053d4   0x080053d4   0x00000034   Code   RO         1326    i.USART2_IRQHandler  stm32f4xx_it.o
    0x08005408   0x08005408   0x0000000c   Code   RO         1327    i.USART3_IRQHandler  stm32f4xx_it.o
    0x08005414   0x08005414   0x00000034   Code   RO         1328    i.USART6_IRQHandler  stm32f4xx_it.o
    0x08005448   0x08005448   0x00000008   Code   RO         1708    i.UpperCP_GetLastCommand  uppercp.o
    0x08005450   0x08005450   0x0000002c   Code   RO         1712    i.UpperCP_UartRxByte  uppercp.o
    0x0800547c   0x0800547c   0x00000002   Code   RO         1329    i.UsageFault_Handler  stm32f4xx_it.o
    0x0800547e   0x0800547e   0x00000002   PAD
    0x08005480   0x08005480   0x000000e8   Code   RO         1494    i.Voice_Num         voice.o
    0x08005568   0x08005568   0x00000014   Code   RO          240    i.WitDelayMsRegister  hwt101.o
    0x0800557c   0x0800557c   0x0000001c   Code   RO          242    i.WitInit           hwt101.o
    0x08005598   0x08005598   0x00000014   Code   RO          244    i.WitRegisterCallBack  hwt101.o
    0x080055ac   0x080055ac   0x00000014   Code   RO          246    i.WitSerialWriteRegister  hwt101.o
    0x080055c0   0x080055c0   0x00000054   Code   RO          249    i.WitSetContent     hwt101.o
    0x08005614   0x08005614   0x00000054   Code   RO          250    i.WitSetOutputRate  hwt101.o
    0x08005668   0x08005668   0x000000e8   Code   RO          265    i.WitWriteReg       hwt101.o
    0x08005750   0x08005750   0x00000030   Code   RO         6890    i.__ARM_fpclassify  m_wm.l(fpclassify.o)
    0x08005780   0x08005780   0x00000026   Code   RO         6783    i.__ARM_fpclassifyf  m_wm.l(fpclassifyf.o)
    0x080057a6   0x080057a6   0x00000002   PAD
    0x080057a8   0x080057a8   0x0000002c   Code   RO          266    i.__CRC16           hwt101.o
    0x080057d4   0x080057d4   0x00000020   Code   RO         3559    i.__NVIC_SetPriority  stm32f4xx_hal_cortex.o
    0x080057f4   0x080057f4   0x00000250   Code   RO         6635    i.__hardfp_atan2f   m_wm.l(atan2f.o)
    0x08005a44   0x08005a44   0x00000150   Code   RO         6647    i.__hardfp_cosf     m_wm.l(cosf.o)
    0x08005b94   0x08005b94   0x00000190   Code   RO         6659    i.__hardfp_sinf     m_wm.l(sinf.o)
    0x08005d24   0x08005d24   0x0000003a   Code   RO         6671    i.__hardfp_sqrtf    m_wm.l(sqrtf.o)
    0x08005d5e   0x08005d5e   0x00000006   Code   RO         6786    i.__mathlib_flt_infnan  m_wm.l(funder.o)
    0x08005d64   0x08005d64   0x00000006   Code   RO         6787    i.__mathlib_flt_infnan2  m_wm.l(funder.o)
    0x08005d6a   0x08005d6a   0x00000002   PAD
    0x08005d6c   0x08005d6c   0x00000010   Code   RO         6788    i.__mathlib_flt_invalid  m_wm.l(funder.o)
    0x08005d7c   0x08005d7c   0x00000010   Code   RO         6791    i.__mathlib_flt_underflow  m_wm.l(funder.o)
    0x08005d8c   0x08005d8c   0x00000154   Code   RO         6799    i.__mathlib_rredf2  m_wm.l(rredf.o)
    0x08005ee0   0x08005ee0   0x0000000e   Code   RO         6586    i._is_digit         c_w.l(__printf_wp.o)
    0x08005eee   0x08005eee   0x00000002   PAD
    0x08005ef0   0x08005ef0   0x00000094   Code   RO          920    i.main              main.o
    0x08005f84   0x08005f84   0x00000010   Code   RO          713    i.oled_pow          oled.o
    0x08005f94   0x08005f94   0x0000001a   Code   RO         5917    i.osDelay           cmsis_os2.o
    0x08005fae   0x08005fae   0x00000002   PAD
    0x08005fb0   0x08005fb0   0x00000020   Code   RO         5926    i.osKernelGetState  cmsis_os2.o
    0x08005fd0   0x08005fd0   0x00000024   Code   RO         5931    i.osKernelInitialize  cmsis_os2.o
    0x08005ff4   0x08005ff4   0x00000038   Code   RO         5934    i.osKernelStart     cmsis_os2.o
    0x0800602c   0x0800602c   0x00000052   Code   RO         5954    i.osMutexAcquire    cmsis_os2.o
    0x0800607e   0x0800607e   0x00000068   Code   RO         5957    i.osMutexNew        cmsis_os2.o
    0x080060e6   0x080060e6   0x00000042   Code   RO         5958    i.osMutexRelease    cmsis_os2.o
    0x08006128   0x08006128   0x0000008a   Code   RO         5976    i.osThreadNew       cmsis_os2.o
    0x080061b2   0x080061b2   0x00000002   PAD
    0x080061b4   0x080061b4   0x0000005c   Code   RO         5376    i.prvAddCurrentTaskToDelayedList  tasks.o
    0x08006210   0x08006210   0x000000d0   Code   RO         5377    i.prvAddNewTaskToReadyList  tasks.o
    0x080062e0   0x080062e0   0x00000058   Code   RO         5741    i.prvCheckForValidListAndQueue  timers.o
    0x08006338   0x08006338   0x00000026   Code   RO         4973    i.prvCopyDataFromQueue  queue.o
    0x0800635e   0x0800635e   0x0000006c   Code   RO         4974    i.prvCopyDataToQueue  queue.o
    0x080063ca   0x080063ca   0x00000034   Code   RO         5378    i.prvDeleteTCB      tasks.o
    0x080063fe   0x080063fe   0x00000002   PAD
    0x08006400   0x08006400   0x0000004c   Code   RO         6428    i.prvHeapInit       heap_4.o
    0x0800644c   0x0800644c   0x00000060   Code   RO         5379    i.prvIdleTask       tasks.o
    0x080064ac   0x080064ac   0x00000016   Code   RO         4975    i.prvInitialiseMutex  queue.o
    0x080064c2   0x080064c2   0x00000002   PAD
    0x080064c4   0x080064c4   0x00000022   Code   RO         4976    i.prvInitialiseNewQueue  queue.o
    0x080064e6   0x080064e6   0x00000002   PAD
    0x080064e8   0x080064e8   0x000000b0   Code   RO         5380    i.prvInitialiseNewTask  tasks.o
    0x08006598   0x08006598   0x0000004c   Code   RO         6429    i.prvInsertBlockIntoFreeList  heap_4.o
    0x080065e4   0x080065e4   0x00000038   Code   RO         5743    i.prvInsertTimerInActiveList  timers.o
    0x0800661c   0x0800661c   0x0000001c   Code   RO         4977    i.prvIsQueueEmpty   queue.o
    0x08006638   0x08006638   0x000000fc   Code   RO         5744    i.prvProcessReceivedCommands  timers.o
    0x08006734   0x08006734   0x000000c0   Code   RO         5745    i.prvProcessTimerOrBlockTask  timers.o
    0x080067f4   0x080067f4   0x00000020   Code   RO         5382    i.prvResetNextTaskUnblockTime  tasks.o
    0x08006814   0x08006814   0x00000028   Code   RO         5746    i.prvSampleTimeNow  timers.o
    0x0800683c   0x0800683c   0x0000006c   Code   RO         5747    i.prvSwitchTimerLists  timers.o
    0x080068a8   0x080068a8   0x00000028   Code   RO         6484    i.prvTaskExitError  port.o
    0x080068d0   0x080068d0   0x00000024   Code   RO         5748    i.prvTimerTask      timers.o
    0x080068f4   0x080068f4   0x0000006a   Code   RO         4978    i.prvUnlockQueue    queue.o
    0x0800695e   0x0800695e   0x00000002   PAD
    0x08006960   0x08006960   0x000000dc   Code   RO         6430    i.pvPortMalloc      heap_4.o
    0x08006a3c   0x08006a3c   0x00000018   Code   RO         5385    i.pvTaskIncrementMutexHeldCount  tasks.o
    0x08006a54   0x08006a54   0x0000002c   Code   RO         6485    i.pxPortInitialiseStack  port.o
    0x08006a80   0x08006a80   0x00000026   Code   RO         4933    i.uxListRemove      list.o
    0x08006aa6   0x08006aa6   0x00000002   PAD
    0x08006aa8   0x08006aa8   0x00000014   Code   RO         5988    i.vApplicationGetIdleTaskMemory  cmsis_os2.o
    0x08006abc   0x08006abc   0x00000018   Code   RO         5989    i.vApplicationGetTimerTaskMemory  cmsis_os2.o
    0x08006ad4   0x08006ad4   0x00000016   Code   RO         4934    i.vListInitialise   list.o
    0x08006aea   0x08006aea   0x00000006   Code   RO         4935    i.vListInitialiseItem  list.o
    0x08006af0   0x08006af0   0x00000030   Code   RO         4936    i.vListInsert       list.o
    0x08006b20   0x08006b20   0x00000018   Code   RO         4937    i.vListInsertEnd    list.o
    0x08006b38   0x08006b38   0x00000040   Code   RO         6487    i.vPortEnterCritical  port.o
    0x08006b78   0x08006b78   0x00000028   Code   RO         6488    i.vPortExitCritical  port.o
    0x08006ba0   0x08006ba0   0x00000064   Code   RO         6431    i.vPortFree         heap_4.o
    0x08006c04   0x08006c04   0x00000024   Code   RO         6489    i.vPortSetupTimerInterrupt  port.o
    0x08006c28   0x08006c28   0x00000054   Code   RO         6490    i.vPortValidateInterruptPriority  port.o
    0x08006c7c   0x08006c7c   0x00000028   Code   RO         4984    i.vQueueAddToRegistry  queue.o
    0x08006ca4   0x08006ca4   0x00000044   Code   RO         4988    i.vQueueWaitForMessageRestricted  queue.o
    0x08006ce8   0x08006ce8   0x0000004c   Code   RO         5395    i.vTaskDelay        tasks.o
    0x08006d34   0x08006d34   0x00000010   Code   RO         5400    i.vTaskInternalSetTimeOutState  tasks.o
    0x08006d44   0x08006d44   0x0000000c   Code   RO         5401    i.vTaskMissedYield  tasks.o
    0x08006d50   0x08006d50   0x00000030   Code   RO         5403    i.vTaskPlaceOnEventList  tasks.o
    0x08006d80   0x08006d80   0x00000038   Code   RO         5404    i.vTaskPlaceOnEventListRestricted  tasks.o
    0x08006db8   0x08006db8   0x00000090   Code   RO         5406    i.vTaskPriorityDisinheritAfterTimeout  tasks.o
    0x08006e48   0x08006e48   0x00000088   Code   RO         5412    i.vTaskStartScheduler  tasks.o
    0x08006ed0   0x08006ed0   0x00000010   Code   RO         5414    i.vTaskSuspendAll   tasks.o
    0x08006ee0   0x08006ee0   0x00000064   Code   RO         5415    i.vTaskSwitchContext  tasks.o
    0x08006f44   0x08006f44   0x000000f4   Code   RO         6491    i.xPortStartScheduler  port.o
    0x08007038   0x08007038   0x0000002c   Code   RO         6492    i.xPortSysTickHandler  port.o
    0x08007064   0x08007064   0x00000016   Code   RO         4991    i.xQueueCreateMutex  queue.o
    0x0800707a   0x0800707a   0x0000001a   Code   RO         4992    i.xQueueCreateMutexStatic  queue.o
    0x08007094   0x08007094   0x00000042   Code   RO         4993    i.xQueueGenericCreate  queue.o
    0x080070d6   0x080070d6   0x00000066   Code   RO         4994    i.xQueueGenericCreateStatic  queue.o
    0x0800713c   0x0800713c   0x00000088   Code   RO         4995    i.xQueueGenericReset  queue.o
    0x080071c4   0x080071c4   0x00000160   Code   RO         4996    i.xQueueGenericSend  queue.o
    0x08007324   0x08007324   0x000000be   Code   RO         4997    i.xQueueGenericSendFromISR  queue.o
    0x080073e2   0x080073e2   0x0000003e   Code   RO         5001    i.xQueueGiveMutexRecursive  queue.o
    0x08007420   0x08007420   0x00000138   Code   RO         5006    i.xQueueReceive     queue.o
    0x08007558   0x08007558   0x00000178   Code   RO         5008    i.xQueueSemaphoreTake  queue.o
    0x080076d0   0x080076d0   0x00000040   Code   RO         5009    i.xQueueTakeMutexRecursive  queue.o
    0x08007710   0x08007710   0x00000074   Code   RO         5417    i.xTaskCheckForTimeOut  tasks.o
    0x08007784   0x08007784   0x0000005a   Code   RO         5418    i.xTaskCreate       tasks.o
    0x080077de   0x080077de   0x00000056   Code   RO         5419    i.xTaskCreateStatic  tasks.o
    0x08007834   0x08007834   0x0000000c   Code   RO         5422    i.xTaskGetCurrentTaskHandle  tasks.o
    0x08007840   0x08007840   0x0000001c   Code   RO         5423    i.xTaskGetSchedulerState  tasks.o
    0x0800785c   0x0800785c   0x0000000c   Code   RO         5424    i.xTaskGetTickCount  tasks.o
    0x08007868   0x08007868   0x000000c8   Code   RO         5426    i.xTaskIncrementTick  tasks.o
    0x08007930   0x08007930   0x00000080   Code   RO         5429    i.xTaskPriorityDisinherit  tasks.o
    0x080079b0   0x080079b0   0x00000078   Code   RO         5430    i.xTaskPriorityInherit  tasks.o
    0x08007a28   0x08007a28   0x00000070   Code   RO         5431    i.xTaskRemoveFromEventList  tasks.o
    0x08007a98   0x08007a98   0x000000c4   Code   RO         5432    i.xTaskResumeAll    tasks.o
    0x08007b5c   0x08007b5c   0x00000060   Code   RO         5757    i.xTimerCreateTimerTask  timers.o
    0x08007bbc   0x08007bbc   0x00000068   Code   RO         5758    i.xTimerGenericCommand  timers.o
    0x08007c24   0x08007c24   0x0000002c   Code   RO         6872    locale$$code        c_w.l(lc_numeric_c.o)
    0x08007c50   0x08007c50   0x0000000c   Code   RO         6772    x$fpl$dretinf       fz_wm.l(dretinf.o)
    0x08007c5c   0x08007c5c   0x00000056   Code   RO         6629    x$fpl$f2d           fz_wm.l(f2d.o)
    0x08007cb2   0x08007cb2   0x0000008c   Code   RO         6774    x$fpl$fnaninf       fz_wm.l(fnaninf.o)
    0x08007d3e   0x08007d3e   0x0000000a   Code   RO         7003    x$fpl$fpinit        fz_wm.l(fpinit.o)
    0x08007d48   0x08007d48   0x00000004   Code   RO         6631    x$fpl$printf1       fz_wm.l(printf1.o)
    0x08007d4c   0x08007d4c   0x00000000   Code   RO         6782    x$fpl$usenofp       fz_wm.l(usenofp.o)
    0x08007d4c   0x08007d4c   0x00000200   Data   RO          268    .constdata          hwt101.o
    0x08007f4c   0x08007f4c   0x00000018   Data   RO          642    .constdata          odometer.o
    0x08007f64   0x08007f64   0x00000818   Data   RO          715    .constdata          oled.o
    0x0800877c   0x0800877c   0x0000010c   Data   RO         1046    .constdata          freertos.o
    0x08008888   0x08008888   0x00000004   Data   RO         1496    .constdata          voice.o
    0x0800888c   0x0800888c   0x000000cc   Data   RO         1650    .constdata          app.o
    0x08008958   0x08008958   0x00000010   Data   RO         4769    .constdata          system_stm32f4xx.o
    0x08008968   0x08008968   0x00000008   Data   RO         4770    .constdata          system_stm32f4xx.o
    0x08008970   0x08008970   0x00000011   Data   RO         6594    .constdata          c_w.l(__printf_flags_ss_wp.o)
    0x08008981   0x08008981   0x00000003   PAD
    0x08008984   0x08008984   0x00000020   Data   RO         6800    .constdata          m_wm.l(rredf.o)
    0x080089a4   0x080089a4   0x00000094   Data   RO         6845    .constdata          c_w.l(bigflt0.o)
    0x08008a38   0x08008a38   0x00000060   Data   RO         1047    .conststring        freertos.o
    0x08008a98   0x08008a98   0x00000020   Data   RO         7123    Region$$Table       anon$$obj.o
    0x08008ab8   0x08008ab8   0x0000001c   Data   RO         6871    locale$$data        c_w.l(lc_numeric_c.o)


    Execution Region RW_IRAM1 (Exec base: 0x20000000, Load base: 0x08008ad4, Size: 0x00006e60, Max: 0x0001c000, ABSOLUTE, COMPRESSED[0x00000088])

    Exec Addr    Load Addr    Size         Type   Attr      Idx    E Section Name        Object

    0x20000000   COMPRESSED   0x00000028   Data   RW          269    .data               hwt101.o
    0x20000028   COMPRESSED   0x00000010   Data   RW          459    .data               hwt101_hal.o
    0x20000038   COMPRESSED   0x0000002c   Data   RW          541    .data               navigation.o
    0x20000064   COMPRESSED   0x00000014   Data   RW          643    .data               odometer.o
    0x20000078   COMPRESSED   0x00000017   Data   RW          872    .data               tof200f.o
    0x2000008f   COMPRESSED   0x00000001   PAD
    0x20000090   COMPRESSED   0x00000020   Data   RW         1048    .data               freertos.o
    0x200000b0   COMPRESSED   0x00000002   Data   RW         1331    .data               stm32f4xx_it.o
    0x200000b2   COMPRESSED   0x00000002   PAD
    0x200000b4   COMPRESSED   0x000000c0   Data   RW         1497    .data               voice.o
    0x20000174   COMPRESSED   0x00000003   Data   RW         1651    .data               app.o
    0x20000177   COMPRESSED   0x00000001   PAD
    0x20000178   COMPRESSED   0x0000001c   Data   RW         1720    .data               uppercp.o
    0x20000194   COMPRESSED   0x0000000c   Data   RW         3718    .data               stm32f4xx_hal.o
    0x200001a0   COMPRESSED   0x00000004   Data   RW         4771    .data               system_stm32f4xx.o
    0x200001a4   COMPRESSED   0x0000003c   Data   RW         5435    .data               tasks.o
    0x200001e0   COMPRESSED   0x00000014   Data   RW         5766    .data               timers.o
    0x200001f4   COMPRESSED   0x00000004   Data   RW         5991    .data               cmsis_os2.o
    0x200001f8   COMPRESSED   0x00000020   Data   RW         6437    .data               heap_4.o
    0x20000218   COMPRESSED   0x0000000c   Data   RW         6493    .data               port.o
    0x20000224        -       0x0000003c   Zero   RW          540    .bss                navigation.o
    0x20000260        -       0x00000018   Zero   RW          641    .bss                odometer.o
    0x20000278        -       0x00000400   Zero   RW          714    .bss                oled.o
    0x20000678        -       0x00000054   Zero   RW         1128    .bss                i2c.o
    0x200006cc        -       0x000000d8   Zero   RW         1175    .bss                tim.o
    0x200007a4        -       0x000001b0   Zero   RW         1248    .bss                usart.o
    0x20000954        -       0x0000000b   Zero   RW         1330    .bss                stm32f4xx_it.o
    0x2000095f   COMPRESSED   0x00000001   PAD
    0x20000960        -       0x00000048   Zero   RW         1446    .bss                stm32f4xx_hal_timebase_tim.o
    0x200009a8        -       0x00000180   Zero   RW         1718    .bss                uppercp.o
    0x20000b28        -       0x00000040   Zero   RW         5010    .bss                queue.o
    0x20000b68        -       0x000004c4   Zero   RW         5434    .bss                tasks.o
    0x2000102c        -       0x00000118   Zero   RW         5765    .bss                timers.o
    0x20001144        -       0x000006b8   Zero   RW         5990    .bss                cmsis_os2.o
    0x200017fc        -       0x00005000   Zero   RW         6436    .bss                heap_4.o
    0x200067fc        -       0x00000060   Zero   RW         6901    .bss                c_w.l(libspace.o)
    0x2000685c   COMPRESSED   0x00000004   PAD
    0x20006860        -       0x00000200   Zero   RW            2    HEAP                startup_stm32f407xx.o
    0x20006a60        -       0x00000400   Zero   RW            1    STACK               startup_stm32f407xx.o


    Execution Region RW_IRAM2 (Exec base: 0x2001c000, Load base: 0x08008b5c, Size: 0x00000000, Max: 0x00004000, ABSOLUTE)

    **** No section assigned to this execution region ****


==============================================================================

Image component sizes


      Code (inc. data)   RO Data    RW Data    ZI Data      Debug   Object Name

       380         32        204          3          0       4493   app.o
       486         68          0          0          0     714923   bujin.o
       610         26          0          4       1720      68993   cmsis_os2.o
         0          0          0          0          0      19504   event_groups.o
       540        106        364         32          0       5878   freertos.o
       144         10          0          0          0       1019   gpio.o
       472         24          0         32      20480       4935   heap_4.o
       548         38        512         40          0       7927   hwt101.o
       290         40          0         16          0       4246   hwt101_hal.o
       172         28          0          0         84       1725   i2c.o
       138          0          0          0          0       3614   list.o
       320         28          0          0          0       3056   main.o
      1768        306          0         44         60      11352   navigation.o
       428         66         24         20         24       4115   odometer.o
      1202         34       2072          0       1024      11697   oled.o
       122          6          0          0          0       1691   pca9685.o
       786         82          0         12          0      11653   port.o
      2152         24          0          0         64      24260   queue.o
        64         26        392          0       1536        856   startup_stm32f407xx.o
       116         18          0         12          0       8802   stm32f4xx_hal.o
       158         14          0          0          0      33094   stm32f4xx_hal_cortex.o
       182          0          0          0          0       2135   stm32f4xx_hal_dma.o
       506         46          0          0          0       2228   stm32f4xx_hal_gpio.o
      1414         32          0          0          0       9747   stm32f4xx_hal_i2c.o
        56          4          0          0          0        890   stm32f4xx_hal_msp.o
      1408         82          0          0          0       6001   stm32f4xx_hal_rcc.o
      1420        108          0          0          0      11840   stm32f4xx_hal_tim.o
       232         28          0          0          0       3365   stm32f4xx_hal_tim_ex.o
       152         20          0          0         72       1515   stm32f4xx_hal_timebase_tim.o
      1576         14          0          0          0      10704   stm32f4xx_hal_uart.o
       360         48          0          2         11       7739   stm32f4xx_it.o
         0          0          0          0          0        384   stream_buffer.o
        16          4         24          4          0       1163   system_stm32f4xx.o
      2384        198          0         60       1220      30401   tasks.o
       692         74          0          0        216       4492   tim.o
       972         80          0         20        280      32319   timers.o
        80          4          0         23          0       1296   tof200f.o
        52         12          0         28        384       2275   uppercp.o
       936         96          0          0        432       5283   usart.o
       500         62          4        192          0       7351   voice.o

    ----------------------------------------------------------------------
     23888       1888       3628        548      27608    1088961   Object Totals
         0          0         32          0          0          0   (incl. Generated)
        54          0          0          4          1          0   (incl. Padding)

    ----------------------------------------------------------------------

      Code (inc. data)   RO Data    RW Data    ZI Data      Debug   Library Member Name

        56          6          0          0          0         88   __2snprintf.o
        90          0          0          0          0          0   __dczerorl2.o
         8          0          0          0          0         68   __main.o
       392          4         17          0          0         92   __printf_flags_ss_wp.o
        14          0          0          0          0         68   __printf_wp.o
         0          0          0          0          0          0   __rtentry.o
        12          0          0          0          0          0   __rtentry2.o
         6          0          0          0          0          0   __rtentry4.o
        52          8          0          0          0          0   __scatter.o
        28          0          0          0          0          0   __scatter_zi.o
        44          0          0          0          0        108   _printf_char.o
        48          6          0          0          0         96   _printf_char_common.o
         6          0          0          0          0          0   _printf_d.o
       120         16          0          0          0         92   _printf_dec.o
         6          0          0          0          0          0   _printf_f.o
      1054          0          0          0          0        216   _printf_fp_dec.o
       128         16          0          0          0         84   _printf_fp_infnan.o
       178          0          0          0          0         88   _printf_intcommon.o
         0          0          0          0          0          0   _printf_percent.o
         4          0          0          0          0          0   _printf_percent_end.o
         6          0          0          0          0          0   _printf_s.o
        82          0          0          0          0         80   _printf_str.o
        22          0          0          0          0        100   _rserrno.o
        16          0          0          0          0         68   _snputc.o
        10          0          0          0          0         68   _sputc.o
        16          0          0          0          0         68   aeabi_memset.o
       228          4        148          0          0         96   bigflt0.o
      1936        128          0          0          0        672   btod.o
        18          0          0          0          0         80   exit.o
         6          0          0          0          0        152   heapauxi.o
         0          0          0          0          0          0   indicate_semi.o
        44         10         28          0          0         76   lc_numeric_c.o
         2          0          0          0          0          0   libinit.o
        22          0          0          0          0          0   libinit2.o
         2          0          0          0          0          0   libshutdown.o
         2          0          0          0          0          0   libshutdown2.o
         8          4          0          0         96         68   libspace.o
       138          0          0          0          0         80   lludiv10.o
       238          0          0          0          0        100   lludivv7m.o
         8          4          0          0          0         68   rt_errno_addr_intlibspace.o
         8          4          0          0          0         68   rt_locale_intlibspace.o
        68          0          0          0          0         68   rt_memclr.o
        78          0          0          0          0         80   rt_memclr_w.o
       138          0          0          0          0         68   rt_memcpy_v6.o
       100          0          0          0          0         80   rt_memcpy_w.o
         2          0          0          0          0          0   rtexit.o
        10          0          0          0          0          0   rtexit2.o
       128          0          0          0          0         68   strcmpv7m.o
        12          4          0          0          0         68   sys_exit.o
        74          0          0          0          0         80   sys_stackheap_outer.o
         2          0          0          0          0         68   use_no_semi.o
        12          0          0          0          0        116   dretinf.o
        86          4          0          0          0        132   f2d.o
       140          4          0          0          0        132   fnaninf.o
        10          0          0          0          0        116   fpinit.o
         4          0          0          0          0        116   printf1.o
         0          0          0          0          0          0   usenofp.o
       592         90          0          0          0        184   atan2f.o
       336         56          0          0          0        136   cosf.o
        48          0          0          0          0        124   fpclassify.o
        38          0          0          0          0        116   fpclassifyf.o
        44         12          0          0          0        464   funder.o
       340         24         32          0          0        160   rredf.o
       400         56          0          0          0        212   sinf.o
        58          0          0          0          0        136   sqrtf.o

    ----------------------------------------------------------------------
      7796        460        228          0        100       5568   Library Totals
        18          0          3          0          4          0   (incl. Padding)

    ----------------------------------------------------------------------

      Code (inc. data)   RO Data    RW Data    ZI Data      Debug   Library Name

      5670        214        193          0         96       3424   c_w.l
       252          8          0          0          0        612   fz_wm.l
      1856        238         32          0          0       1532   m_wm.l

    ----------------------------------------------------------------------
      7796        460        228          0        100       5568   Library Totals

    ----------------------------------------------------------------------

==============================================================================


      Code (inc. data)   RO Data    RW Data    ZI Data      Debug   

     31684       2348       3856        548      27708    1066805   Grand Totals
     31684       2348       3856        136      27708    1066805   ELF Image Totals (compressed)
     31684       2348       3856        136          0          0   ROM Totals

==============================================================================

    Total RO  Size (Code + RO Data)                35540 (  34.71kB)
    Total RW  Size (RW Data + ZI Data)             28256 (  27.59kB)
    Total ROM Size (Code + RO Data + RW Data)      35676 (  34.84kB)

==============================================================================

