Component: ARM Compiler 5.06 update 5 (build 528) Tool: armlink [4d35e2]

==============================================================================

Section Cross References

    startup_stm32f407xx.o(STACK) refers (Special) to heapauxi.o(.text) for __use_two_region_memory
    startup_stm32f407xx.o(HEAP) refers (Special) to heapauxi.o(.text) for __use_two_region_memory
    startup_stm32f407xx.o(RESET) refers (Special) to heapauxi.o(.text) for __use_two_region_memory
    startup_stm32f407xx.o(RESET) refers to startup_stm32f407xx.o(STACK) for __initial_sp
    startup_stm32f407xx.o(RESET) refers to startup_stm32f407xx.o(.text) for Reset_Handler
    startup_stm32f407xx.o(RESET) refers to stm32f4xx_it.o(i.NMI_Handler) for NMI_Handler
    startup_stm32f407xx.o(RESET) refers to stm32f4xx_it.o(i.HardFault_Handler) for HardFault_Handler
    startup_stm32f407xx.o(RESET) refers to stm32f4xx_it.o(i.MemManage_Handler) for MemManage_Handler
    startup_stm32f407xx.o(RESET) refers to stm32f4xx_it.o(i.BusFault_Handler) for BusFault_Handler
    startup_stm32f407xx.o(RESET) refers to stm32f4xx_it.o(i.UsageFault_Handler) for UsageFault_Handler
    startup_stm32f407xx.o(RESET) refers to port.o(.emb_text) for SVC_Handler
    startup_stm32f407xx.o(RESET) refers to stm32f4xx_it.o(i.DebugMon_Handler) for DebugMon_Handler
    startup_stm32f407xx.o(RESET) refers to cmsis_os2.o(i.SysTick_Handler) for SysTick_Handler
    startup_stm32f407xx.o(RESET) refers to stm32f4xx_it.o(i.USART1_IRQHandler) for USART1_IRQHandler
    startup_stm32f407xx.o(RESET) refers to stm32f4xx_it.o(i.USART2_IRQHandler) for USART2_IRQHandler
    startup_stm32f407xx.o(RESET) refers to stm32f4xx_it.o(i.USART3_IRQHandler) for USART3_IRQHandler
    startup_stm32f407xx.o(RESET) refers to stm32f4xx_it.o(i.UART4_IRQHandler) for UART4_IRQHandler
    startup_stm32f407xx.o(RESET) refers to stm32f4xx_it.o(i.UART5_IRQHandler) for UART5_IRQHandler
    startup_stm32f407xx.o(RESET) refers to stm32f4xx_it.o(i.TIM6_DAC_IRQHandler) for TIM6_DAC_IRQHandler
    startup_stm32f407xx.o(RESET) refers to stm32f4xx_it.o(i.USART6_IRQHandler) for USART6_IRQHandler
    startup_stm32f407xx.o(.text) refers (Special) to heapauxi.o(.text) for __use_two_region_memory
    startup_stm32f407xx.o(.text) refers to system_stm32f4xx.o(i.SystemInit) for SystemInit
    startup_stm32f407xx.o(.text) refers to __main.o(!!!main) for __main
    startup_stm32f407xx.o(.text) refers to startup_stm32f407xx.o(HEAP) for Heap_Mem
    startup_stm32f407xx.o(.text) refers to startup_stm32f407xx.o(STACK) for Stack_Mem
    bujin.o(i.Emm_Send) refers to cmsis_os2.o(i.osKernelGetState) for osKernelGetState
    bujin.o(i.Emm_Send) refers to cmsis_os2.o(i.osMutexAcquire) for osMutexAcquire
    bujin.o(i.Emm_Send) refers to stm32f4xx_hal_uart.o(i.HAL_UART_Transmit) for HAL_UART_Transmit
    bujin.o(i.Emm_Send) refers to cmsis_os2.o(i.osMutexRelease) for osMutexRelease
    bujin.o(i.Emm_Send) refers to freertos.o(.data) for usart2TXHandle
    bujin.o(i.Emm_Send) refers to usart.o(.bss) for huart2
    bujin.o(i.Emm_V5_En_Control) refers to bujin.o(i.Emm_Send) for Emm_Send
    bujin.o(i.Emm_V5_Modify_Ctrl_Mode) refers to bujin.o(i.Emm_Send) for Emm_Send
    bujin.o(i.Emm_V5_Pos_Control) refers to bujin.o(i.Emm_V5_Pos_Control_ByPulse) for Emm_V5_Pos_Control_ByPulse
    bujin.o(i.Emm_V5_Pos_Control_ByPulse) refers to bujin.o(i.Emm_Send) for Emm_Send
    bujin.o(i.Emm_V5_Pos_Control_ByPulse) refers to stm32f4xx_hal.o(i.HAL_Delay) for HAL_Delay
    bujin.o(i.Emm_V5_Read_Sys_Params) refers to bujin.o(i.Emm_Send) for Emm_Send
    bujin.o(i.Emm_V5_Reset_Clog_Pro) refers to bujin.o(i.Emm_Send) for Emm_Send
    bujin.o(i.Emm_V5_Stop_Now) refers to bujin.o(i.Emm_Send) for Emm_Send
    bujin.o(i.Emm_V5_Synchronous_motion) refers to bujin.o(i.Emm_Send) for Emm_Send
    bujin.o(i.Emm_V5_Synchronous_motion) refers to stm32f4xx_hal.o(i.HAL_Delay) for HAL_Delay
    bujin.o(i.Emm_V5_Vel_Control) refers to bujin.o(i.Emm_Send) for Emm_Send
    bujin.o(i.Emm_V5_Vel_Control) refers to stm32f4xx_hal.o(i.HAL_Delay) for HAL_Delay
    bujin.o(i.motor_to_angle_control) refers to bujin.o(i.Emm_V5_Pos_Control_ByPulse) for Emm_V5_Pos_Control_ByPulse
    hwt101.o(i.CopeWitData) refers to rt_memcpy_v6.o(.text) for __aeabi_memcpy
    hwt101.o(i.CopeWitData) refers to hwt101.o(.data) for .data
    hwt101.o(i.CopeWitData) refers to hwt101.o(.bss) for .bss
    hwt101.o(i.WitCanDataIn) refers to hwt101.o(i.CopeWitData) for CopeWitData
    hwt101.o(i.WitCanDataIn) refers to hwt101.o(.data) for .data
    hwt101.o(i.WitCanWriteRegister) refers to hwt101.o(.data) for .data
    hwt101.o(i.WitDeInit) refers to hwt101.o(.data) for .data
    hwt101.o(i.WitDelayMsRegister) refers to hwt101.o(.data) for .data
    hwt101.o(i.WitI2cFuncRegister) refers to hwt101.o(.data) for .data
    hwt101.o(i.WitInit) refers to hwt101.o(.data) for .data
    hwt101.o(i.WitReadReg) refers to hwt101.o(i.__CRC16) for __CRC16
    hwt101.o(i.WitReadReg) refers to hwt101.o(.data) for .data
[...]
    __ARM_use_no_argv                        0x00000000   Number         0  main.o ABSOLUTE
    __ARM_exceptions_init                     - Undefined Weak Reference
    __alloca_initialize                       - Undefined Weak Reference
    __arm_preinit_                            - Undefined Weak Reference
    __cpp_initialize__aeabi_                  - Undefined Weak Reference
    __cxa_finalize                            - Undefined Weak Reference
    __rt_locale                               - Undefined Weak Reference
    __sigvec_lookup                           - Undefined Weak Reference
    _atexit_init                              - Undefined Weak Reference
    _call_atexit_fns                          - Undefined Weak Reference
    _clock_init                               - Undefined Weak Reference
    _fp_trap_init                             - Undefined Weak Reference
    _fp_trap_shutdown                         - Undefined Weak Reference
    _get_lc_collate                           - Undefined Weak Reference
    _get_lc_ctype                             - Undefined Weak Reference
    _get_lc_monetary                          - Undefined Weak Reference
    _get_lc_numeric                           - Undefined Weak Reference
    _get_lc_time                              - Undefined Weak Reference
    _getenv_init                              - Undefined Weak Reference
    _handle_redirection                       - Undefined Weak Reference
    _init_alloc                               - Undefined Weak Reference
    _init_user_alloc                          - Undefined Weak Reference
    _initio                                   - Undefined Weak Reference
    _rand_init                                - Undefined Weak Reference
    _signal_finish                            - Undefined Weak Reference
    _signal_init                              - Undefined Weak Reference
    _terminate_alloc                          - Undefined Weak Reference
    _terminate_user_alloc                     - Undefined Weak Reference
    _terminateio                              - Undefined Weak Reference
    __Vectors_Size                           0x00000188   Number         0  startup_stm32f407xx.o ABSOLUTE
    __Vectors                                0x08000000   Data           4  startup_stm32f407xx.o(RESET)
    __Vectors_End                            0x08000188   Data           0  startup_stm32f407xx.o(RESET)
    __main                                   0x08000189   Thumb Code     8  __main.o(!!!main)
    __scatterload                            0x08000191   Thumb Code     0  __scatter.o(!!!scatter)
    __scatterload_rt2                        0x08000191   Thumb Code    44  __scatter.o(!!!scatter)
    __scatterload_rt2_thumb_only             0x08000191   Thumb Code     0  __scatter.o(!!!scatter)
    __scatterload_null                       0x0800019f   Thumb Code     0  __scatter.o(!!!scatter)
    __decompress                             0x080001c5   Thumb Code    90  __dczerorl2.o(!!dczerorl2)
    __decompress1                            0x080001c5   Thumb Code     0  __dczerorl2.o(!!dczerorl2)
    __scatterload_zeroinit                   0x08000221   Thumb Code    28  __scatter_zi.o(!!handler_zi)
    __rt_lib_init                            0x0800023d   Thumb Code     0  libinit.o(.ARM.Collect$$libinit$$00000000)
    __rt_lib_init_fp_1                       0x0800023f   Thumb Code     0  libinit2.o(.ARM.Collect$$libinit$$00000001)
    __rt_lib_init_alloca_1                   0x08000243   Thumb Code     0  libinit2.o(.ARM.Collect$$libinit$$0000002E)
    __rt_lib_init_argv_1                     0x08000243   Thumb Code     0  libinit2.o(.ARM.Collect$$libinit$$0000002C)
    __rt_lib_init_atexit_1                   0x08000243   Thumb Code     0  libinit2.o(.ARM.Collect$$libinit$$0000001B)
    __rt_lib_init_clock_1                    0x08000243   Thumb Code     0  libinit2.o(.ARM.Collect$$libinit$$00000021)
    __rt_lib_init_cpp_1                      0x08000243   Thumb Code     0  libinit2.o(.ARM.Collect$$libinit$$00000032)
    __rt_lib_init_exceptions_1               0x08000243   Thumb Code     0  libinit2.o(.ARM.Collect$$libinit$$00000030)
    __rt_lib_init_fp_trap_1                  0x08000243   Thumb Code     0  libinit2.o(.ARM.Collect$$libinit$$0000001F)
    __rt_lib_init_getenv_1                   0x08000243   Thumb Code     0  libinit2.o(.ARM.Collect$$libinit$$00000023)
    __rt_lib_init_heap_1                     0x08000243   Thumb Code     0  libinit2.o(.ARM.Collect$$libinit$$0000000A)
    __rt_lib_init_lc_collate_1               0x08000243   Thumb Code     0  libinit2.o(.ARM.Collect$$libinit$$00000011)
    __rt_lib_init_lc_ctype_1                 0x08000243   Thumb Code     0  libinit2.o(.ARM.Collect$$libinit$$00000013)
    __rt_lib_init_lc_monetary_1              0x08000243   Thumb Code     0  libinit2.o(.ARM.Collect$$libinit$$00000015)
    __rt_lib_init_lc_numeric_1               0x08000243   Thumb Code     0  libinit2.o(.ARM.Collect$$libinit$$00000017)
    __rt_lib_init_lc_time_1                  0x08000243   Thumb Code     0  libinit2.o(.ARM.Collect$$libinit$$00000019)
    __rt_lib_init_preinit_1                  0x08000243   Thumb Code     0  libinit2.o(.ARM.Collect$$libinit$$00000004)
    __rt_lib_init_rand_1                     0x08000243   Thumb Code     0  libinit2.o(.ARM.Collect$$libinit$$0000000E)
    __rt_lib_init_return                     0x08000243   Thumb Code     0  libinit2.o(.ARM.Collect$$libinit$$00000033)
    __rt_lib_init_signal_1                   0x08000243   Thumb Code     0  libinit2.o(.ARM.Collect$$libinit$$0000001D)
    __rt_lib_init_stdio_1                    0x08000243   Thumb Code     0  libinit2.o(.ARM.Collect$$libinit$$00000025)
    __rt_lib_init_user_alloc_1               0x08000243   Thumb Code     0  libinit2.o(.ARM.Collect$$libinit$$0000000C)
    __rt_lib_shutdown                        0x08000245   Thumb Code     0  libshutdown.o(.ARM.Collect$$libshutdown$$00000000)
    __rt_lib_shutdown_cpp_1                  0x08000247   Thumb Code     0  libshutdown2.o(.ARM.Collect$$libshutdown$$00000002)
    __rt_lib_shutdown_fp_trap_1              0x08000247   Thumb Code     0  libshutdown2.o(.ARM.Collect$$libshutdown$$00000007)
    __rt_lib_shutdown_heap_1                 0x08000247   Thumb Code     0  libshutdown2.o(.ARM.Collect$$libshutdown$$0000000F)
    __rt_lib_shutdown_return                 0x08000247   Thumb Code     0  libshutdown2.o(.ARM.Collect$$libshutdown$$00000010)
    __rt_lib_shutdown_signal_1               0x08000247   Thumb Code     0  libshutdown2.o(.ARM.Collect$$libshutdown$$0000000A)
    __rt_lib_shutdown_stdio_1                0x08000247   Thumb Code     0  libshutdown2.o(.ARM.Collect$$libshutdown$$00000004)
    __rt_lib_shutdown_user_alloc_1           0x08000247   Thumb Code     0  libshutdown2.o(.ARM.Collect$$libshutdown$$0000000C)
    __rt_entry                               0x08000249   Thumb Code     0  __rtentry.o(.ARM.Collect$$rtentry$$00000000)
    __rt_entry_presh_1                       0x08000249   Thumb Code     0  __rtentry2.o(.ARM.Collect$$rtentry$$00000002)
    __rt_entry_sh                            0x08000249   Thumb Code     0  __rtentry4.o(.ARM.Collect$$rtentry$$00000004)
    __rt_entry_li                            0x0800024f   Thumb Code     0  __rtentry2.o(.ARM.Collect$$rtentry$$0000000A)
    __rt_entry_postsh_1                      0x0800024f   Thumb Code     0  __rtentry2.o(.ARM.Collect$$rtentry$$00000009)
    __rt_entry_main                          0x08000253   Thumb Code     0  __rtentry2.o(.ARM.Collect$$rtentry$$0000000D)
    __rt_entry_postli_1                      0x08000253   Thumb Code     0  __rtentry2.o(.ARM.Collect$$rtentry$$0000000C)
    __rt_exit                                0x0800025b   Thumb Code     0  rtexit.o(.ARM.Collect$$rtexit$$00000000)
    __rt_exit_ls                             0x0800025d   Thumb Code     0  rtexit2.o(.ARM.Collect$$rtexit$$00000003)
    __rt_exit_prels_1                        0x0800025d   Thumb Code     0  rtexit2.o(.ARM.Collect$$rtexit$$00000002)
    __rt_exit_exit                           0x08000261   Thumb Code     0  rtexit2.o(.ARM.Collect$$rtexit$$00000004)
    SVC_Handler                              0x08000269   Thumb Code    28  port.o(.emb_text)
    __asm___6_port_c_39a90d8d__prvStartFirstTask 0x08000289   Thumb Code    36  port.o(.emb_text)
    __asm___6_port_c_39a90d8d__prvEnableVFP  0x080002b1   Thumb Code    16  port.o(.emb_text)
    PendSV_Handler                           0x080002c5   Thumb Code    88  port.o(.emb_text)
    vPortGetIPSR                             0x08000321   Thumb Code     6  port.o(.emb_text)
    Reset_Handler                            0x08000329   Thumb Code     8  startup_stm32f407xx.o(.text)
    ADC_IRQHandler                           0x08000343   Thumb Code     0  startup_stm32f407xx.o(.text)
    CAN1_RX0_IRQHandler                      0x08000343   Thumb Code     0  startup_stm32f407xx.o(.text)
    CAN1_RX1_IRQHandler                      0x08000343   Thumb Code     0  startup_stm32f407xx.o(.text)
    CAN1_SCE_IRQHandler                      0x08000343   Thumb Code     0  startup_stm32f407xx.o(.text)
    CAN1_TX_IRQHandler                       0x08000343   Thumb Code     0  startup_stm32f407xx.o(.text)
    CAN2_RX0_IRQHandler                      0x08000343   Thumb Code     0  startup_stm32f407xx.o(.text)
    CAN2_RX1_IRQHandler                      0x08000343   Thumb Code     0  startup_stm32f407xx.o(.text)
    CAN2_SCE_IRQHandler                      0x08000343   Thumb Code     0  startup_stm32f407xx.o(.text)
    CAN2_TX_IRQHandler                       0x08000343   Thumb Code     0  startup_stm32f407xx.o(.text)
    DCMI_IRQHandler                          0x08000343   Thumb Code     0  startup_stm32f407xx.o(.text)
    DMA1_Stream0_IRQHandler                  0x08000343   Thumb Code     0  startup_stm32f407xx.o(.text)
    DMA1_Stream1_IRQHandler                  0x08000343   Thumb Code     0  startup_stm32f407xx.o(.text)
    DMA1_Stream2_IRQHandler                  0x08000343   Thumb Code     0  startup_stm32f407xx.o(.text)
    DMA1_Stream3_IRQHandler                  0x08000343   Thumb Code     0  startup_stm32f407xx.o(.text)
    DMA1_Stream4_IRQHandler                  0x08000343   Thumb Code     0  startup_stm32f407xx.o(.text)
    DMA1_Stream5_IRQHandler                  0x08000343   Thumb Code     0  startup_stm32f407xx.o(.text)
    DMA1_Stream6_IRQHandler                  0x08000343   Thumb Code     0  startup_stm32f407xx.o(.text)
    DMA1_Stream7_IRQHandler                  0x08000343   Thumb Code     0  startup_stm32f407xx.o(.text)
    DMA2_Stream0_IRQHandler                  0x08000343   Thumb Code     0  startup_stm32f407xx.o(.text)
    DMA2_Stream1_IRQHandler                  0x08000343   Thumb Code     0  startup_stm32f407xx.o(.text)
    DMA2_Stream2_IRQHandler                  0x08000343   Thumb Code     0  startup_stm32f407xx.o(.text)
    DMA2_Stream3_IRQHandler                  0x08000343   Thumb Code     0  startup_stm32f407xx.o(.text)
    DMA2_Stream4_IRQHandler                  0x08000343   Thumb Code     0  startup_stm32f407xx.o(.text)
    DMA2_Stream5_IRQHandler                  0x08000343   Thumb Code     0  startup_stm32f407xx.o(.text)
    DMA2_Stream6_IRQHandler                  0x08000343   Thumb Code     0  startup_stm32f407xx.o(.text)
    DMA2_Stream7_IRQHandler                  0x08000343   Thumb Code     0  startup_stm32f407xx.o(.text)
    ETH_IRQHandler                           0x08000343   Thumb Code     0  startup_stm32f407xx.o(.text)
    ETH_WKUP_IRQHandler                      0x08000343   Thumb Code     0  startup_stm32f407xx.o(.text)
    EXTI0_IRQHandler                         0x08000343   Thumb Code     0  startup_stm32f407xx.o(.text)
    EXTI15_10_IRQHandler                     0x08000343   Thumb Code     0  startup_stm32f407xx.o(.text)
    EXTI1_IRQHandler                         0x08000343   Thumb Code     0  startup_stm32f407xx.o(.text)
    EXTI2_IRQHandler                         0x08000343   Thumb Code     0  startup_stm32f407xx.o(.text)
    EXTI3_IRQHandler                         0x08000343   Thumb Code     0  startup_stm32f407xx.o(.text)
    EXTI4_IRQHandler                         0x08000343   Thumb Code     0  startup_stm32f407xx.o(.text)
    EXTI9_5_IRQHandler                       0x08000343   Thumb Code     0  startup_stm32f407xx.o(.text)
    FLASH_IRQHandler                         0x08000343   Thumb Code     0  startup_stm32f407xx.o(.text)
    FMC_IRQHandler                           0x08000343   Thumb Code     0  startup_stm32f407xx.o(.text)
    FPU_IRQHandler                           0x08000343   Thumb Code     0  startup_stm32f407xx.o(.text)
    HASH_RNG_IRQHandler                      0x08000343   Thumb Code     0  startup_stm32f407xx.o(.text)
    I2C1_ER_IRQHandler                       0x08000343   Thumb Code     0  startup_stm32f407xx.o(.text)
    I2C1_EV_IRQHandler                       0x08000343   Thumb Code     0  startup_stm32f407xx.o(.text)
    I2C2_ER_IRQHandler                       0x08000343   Thumb Code     0  startup_stm32f407xx.o(.text)
    I2C2_EV_IRQHandler                       0x08000343   Thumb Code     0  startup_stm32f407xx.o(.text)
    I2C3_ER_IRQHandler                       0x08000343   Thumb Code     0  startup_stm32f407xx.o(.text)
    I2C3_EV_IRQHandler                       0x08000343   Thumb Code     0  startup_stm32f407xx.o(.text)
    OTG_FS_IRQHandler                        0x08000343   Thumb Code     0  startup_stm32f407xx.o(.text)
    OTG_FS_WKUP_IRQHandler                   0x08000343   Thumb Code     0  startup_stm32f407xx.o(.text)
    OTG_HS_EP1_IN_IRQHandler                 0x08000343   Thumb Code     0  startup_stm32f407xx.o(.text)
    OTG_HS_EP1_OUT_IRQHandler                0x08000343   Thumb Code     0  startup_stm32f407xx.o(.text)
    OTG_HS_IRQHandler                        0x08000343   Thumb Code     0  startup_stm32f407xx.o(.text)
    OTG_HS_WKUP_IRQHandler                   0x08000343   Thumb Code     0  startup_stm32f407xx.o(.text)
    PVD_IRQHandler                           0x08000343   Thumb Code     0  startup_stm32f407xx.o(.text)
    RCC_IRQHandler                           0x08000343   Thumb Code     0  startup_stm32f407xx.o(.text)
    RTC_Alarm_IRQHandler                     0x08000343   Thumb Code     0  startup_stm32f407xx.o(.text)
    RTC_WKUP_IRQHandler                      0x08000343   Thumb Code     0  startup_stm32f407xx.o(.text)
    SDIO_IRQHandler                          0x08000343   Thumb Code     0  startup_stm32f407xx.o(.text)
    SPI1_IRQHandler                          0x08000343   Thumb Code     0  startup_stm32f407xx.o(.text)
    SPI2_IRQHandler                          0x08000343   Thumb Code     0  startup_stm32f407xx.o(.text)
    SPI3_IRQHandler                          0x08000343   Thumb Code     0  startup_stm32f407xx.o(.text)
    TAMP_STAMP_IRQHandler                    0x08000343   Thumb Code     0  startup_stm32f407xx.o(.text)
    TIM1_BRK_TIM9_IRQHandler                 0x08000343   Thumb Code     0  startup_stm32f407xx.o(.text)
    TIM1_CC_IRQHandler                       0x08000343   Thumb Code     0  startup_stm32f407xx.o(.text)
    TIM1_TRG_COM_TIM11_IRQHandler            0x08000343   Thumb Code     0  startup_stm32f407xx.o(.text)
    TIM1_UP_TIM10_IRQHandler                 0x08000343   Thumb Code     0  startup_stm32f407xx.o(.text)
    TIM2_IRQHandler                          0x08000343   Thumb Code     0  startup_stm32f407xx.o(.text)
    TIM3_IRQHandler                          0x08000343   Thumb Code     0  startup_stm32f407xx.o(.text)
    TIM4_IRQHandler                          0x08000343   Thumb Code     0  startup_stm32f407xx.o(.text)
    TIM5_IRQHandler                          0x08000343   Thumb Code     0  startup_stm32f407xx.o(.text)
    TIM7_IRQHandler                          0x08000343   Thumb Code     0  startup_stm32f407xx.o(.text)
    TIM8_BRK_TIM12_IRQHandler                0x08000343   Thumb Code     0  startup_stm32f407xx.o(.text)
    TIM8_CC_IRQHandler                       0x08000343   Thumb Code     0  startup_stm32f407xx.o(.text)
    TIM8_TRG_COM_TIM14_IRQHandler            0x08000343   Thumb Code     0  startup_stm32f407xx.o(.text)
    TIM8_UP_TIM13_IRQHandler                 0x08000343   Thumb Code     0  startup_stm32f407xx.o(.text)
    WWDG_IRQHandler                          0x08000343   Thumb Code     0  startup_stm32f407xx.o(.text)
    __user_initial_stackheap                 0x08000345   Thumb Code     0  startup_stm32f407xx.o(.text)
    __aeabi_uldivmod                         0x08000369   Thumb Code     0  lludivv7m.o(.text)
    _ll_udiv                                 0x08000369   Thumb Code   238  lludivv7m.o(.text)
    __aeabi_memcpy                           0x08000457   Thumb Code     0  rt_memcpy_v6.o(.text)
    __rt_memcpy                              0x08000457   Thumb Code   138  rt_memcpy_v6.o(.text)
    _memcpy_lastbytes                        0x080004bd   Thumb Code     0  rt_memcpy_v6.o(.text)
    __aeabi_memcpy4                          0x080004e1   Thumb Code     0  rt_memcpy_w.o(.text)
    __aeabi_memcpy8                          0x080004e1   Thumb Code     0  rt_memcpy_w.o(.text)
    __rt_memcpy_w                            0x080004e1   Thumb Code   100  rt_memcpy_w.o(.text)
    _memcpy_lastbytes_aligned                0x08000529   Thumb Code     0  rt_memcpy_w.o(.text)
    __aeabi_memset                           0x08000545   Thumb Code    16  aeabi_memset.o(.text)
    __aeabi_memclr4                          0x08000555   Thumb Code     0  rt_memclr_w.o(.text)
    __aeabi_memclr8                          0x08000555   Thumb Code     0  rt_memclr_w.o(.text)
    __rt_memclr_w                            0x08000555   Thumb Code    78  rt_memclr_w.o(.text)
    _memset_w                                0x08000559   Thumb Code     0  rt_memclr_w.o(.text)
    __use_two_region_memory                  0x080005a3   Thumb Code     2  heapauxi.o(.text)
    __rt_heap_escrow$2region                 0x080005a5   Thumb Code     2  heapauxi.o(.text)
    __rt_heap_expand$2region                 0x080005a7   Thumb Code     2  heapauxi.o(.text)
    __read_errno                             0x080005a9   Thumb Code    10  _rserrno.o(.text)
    __set_errno                              0x080005b3   Thumb Code    12  _rserrno.o(.text)
    __aeabi_memclr                           0x080005bf   Thumb Code     0  rt_memclr.o(.text)
    __rt_memclr                              0x080005bf   Thumb Code    68  rt_memclr.o(.text)
    _memset                                  0x080005c3   Thumb Code     0  rt_memclr.o(.text)
    __aeabi_errno_addr                       0x08000605   Thumb Code     8  rt_errno_addr_intlibspace.o(.text)
    __errno$intlibspace                      0x08000605   Thumb Code     0  rt_errno_addr_intlibspace.o(.text)
    __rt_errno_addr$intlibspace              0x08000605   Thumb Code     0  rt_errno_addr_intlibspace.o(.text)
    __user_libspace                          0x0800060d   Thumb Code     8  libspace.o(.text)
    __user_perproc_libspace                  0x0800060d   Thumb Code     0  libspace.o(.text)
    __user_perthread_libspace                0x0800060d   Thumb Code     0  libspace.o(.text)
    __user_setup_stackheap                   0x08000615   Thumb Code    74  sys_stackheap_outer.o(.text)
    exit                                     0x0800065f   Thumb Code    18  exit.o(.text)
    _sys_exit                                0x08000671   Thumb Code     8  sys_exit.o(.text)
    __I$use$semihosting                      0x0800067d   Thumb Code     0  use_no_semi.o(.text)
    __use_no_semihosting_swi                 0x0800067d   Thumb Code     2  use_no_semi.o(.text)
    BusFault_Handler                         0x0800067f   Thumb Code     2  stm32f4xx_it.o(i.BusFault_Handler)
    __semihosting_library_function           0x0800067f   Thumb Code     0  indicate_semi.o(.text)
    CheckRange                               0x08000681   Thumb Code    16  hwt101.o(i.CheckRange)
    DebugMon_Handler                         0x08000691   Thumb Code     2  stm32f4xx_it.o(i.DebugMon_Handler)
    Emm_V5_Pos_Control                       0x080006e5   Thumb Code    62  bujin.o(i.Emm_V5_Pos_Control)
    Emm_V5_Read_Sys_Params                   0x08000799   Thumb Code   130  bujin.o(i.Emm_V5_Read_Sys_Params)
    Emm_V5_Synchronous_motion                0x0800081d   Thumb Code    28  bujin.o(i.Emm_V5_Synchronous_motion)
    Error_Handler                            0x0800083d   Thumb Code     4  main.o(i.Error_Handler)
    HAL_DMA_Abort                            0x08000841   Thumb Code   146  stm32f4xx_hal_dma.o(i.HAL_DMA_Abort)
    HAL_DMA_Abort_IT                         0x080008d3   Thumb Code    36  stm32f4xx_hal_dma.o(i.HAL_DMA_Abort_IT)
    HAL_Delay                                0x080008f9   Thumb Code    32  stm32f4xx_hal.o(i.HAL_Delay)
    HAL_GPIO_Init                            0x0800091d   Thumb Code   450  stm32f4xx_hal_gpio.o(i.HAL_GPIO_Init)
    HAL_GPIO_WritePin                        0x08000b0d   Thumb Code    10  stm32f4xx_hal_gpio.o(i.HAL_GPIO_WritePin)
    HAL_GetTick                              0x08000b19   Thumb Code     6  stm32f4xx_hal.o(i.HAL_GetTick)
    HAL_I2C_Init                             0x08000b25   Thumb Code   376  stm32f4xx_hal_i2c.o(i.HAL_I2C_Init)
    HAL_I2C_MspInit                          0x08000cad   Thumb Code    94  i2c.o(i.HAL_I2C_MspInit)
    HAL_IncTick                              0x08000d19   Thumb Code    12  stm32f4xx_hal.o(i.HAL_IncTick)
    HAL_Init                                 0x08000d29   Thumb Code    48  stm32f4xx_hal.o(i.HAL_Init)
    HAL_InitTick                             0x08000d5d   Thumb Code   132  stm32f4xx_hal_timebase_tim.o(i.HAL_InitTick)
    HAL_MspInit                              0x08000df5   Thumb Code    52  stm32f4xx_hal_msp.o(i.HAL_MspInit)
    HAL_NVIC_EnableIRQ                       0x08000e2d   Thumb Code    26  stm32f4xx_hal_cortex.o(i.HAL_NVIC_EnableIRQ)
    HAL_NVIC_SetPriority                     0x08000e49   Thumb Code    60  stm32f4xx_hal_cortex.o(i.HAL_NVIC_SetPriority)
    HAL_NVIC_SetPriorityGrouping             0x08000e89   Thumb Code    26  stm32f4xx_hal_cortex.o(i.HAL_NVIC_SetPriorityGrouping)
    HAL_RCC_ClockConfig                      0x08000ead   Thumb Code   288  stm32f4xx_hal_rcc.o(i.HAL_RCC_ClockConfig)
    HAL_RCC_GetClockConfig                   0x08000fe1   Thumb Code    54  stm32f4xx_hal_rcc.o(i.HAL_RCC_GetClockConfig)
    HAL_RCC_GetPCLK1Freq                     0x08001021   Thumb Code    20  stm32f4xx_hal_rcc.o(i.HAL_RCC_GetPCLK1Freq)
    HAL_RCC_GetPCLK2Freq                     0x08001041   Thumb Code    20  stm32f4xx_hal_rcc.o(i.HAL_RCC_GetPCLK2Freq)
    HAL_RCC_GetSysClockFreq                  0x08001061   Thumb Code    88  stm32f4xx_hal_rcc.o(i.HAL_RCC_GetSysClockFreq)
    HAL_RCC_OscConfig                        0x080010c1   Thumb Code   856  stm32f4xx_hal_rcc.o(i.HAL_RCC_OscConfig)
    HAL_TIMEx_BreakCallback                  0x0800142d   Thumb Code     2  stm32f4xx_hal_tim_ex.o(i.HAL_TIMEx_BreakCallback)
    HAL_TIMEx_CommutCallback                 0x0800142f   Thumb Code     2  stm32f4xx_hal_tim_ex.o(i.HAL_TIMEx_CommutCallback)
    HAL_TIMEx_ConfigBreakDeadTime            0x08001431   Thumb Code    84  stm32f4xx_hal_tim_ex.o(i.HAL_TIMEx_ConfigBreakDeadTime)
    HAL_TIMEx_MasterConfigSynchronization    0x08001485   Thumb Code   116  stm32f4xx_hal_tim_ex.o(i.HAL_TIMEx_MasterConfigSynchronization)
    HAL_TIM_Base_Init                        0x08001515   Thumb Code    90  stm32f4xx_hal_tim.o(i.HAL_TIM_Base_Init)
    HAL_TIM_Base_MspInit                     0x08001571   Thumb Code    30  tim.o(i.HAL_TIM_Base_MspInit)
    HAL_TIM_Base_Start_IT                    0x08001599   Thumb Code   100  stm32f4xx_hal_tim.o(i.HAL_TIM_Base_Start_IT)
    HAL_TIM_IC_CaptureCallback               0x08001619   Thumb Code     2  stm32f4xx_hal_tim.o(i.HAL_TIM_IC_CaptureCallback)
    HAL_TIM_IRQHandler                       0x0800161b   Thumb Code   304  stm32f4xx_hal_tim.o(i.HAL_TIM_IRQHandler)
    HAL_TIM_MspPostInit                      0x0800174d   Thumb Code   182  tim.o(i.HAL_TIM_MspPostInit)
    HAL_TIM_OC_DelayElapsedCallback          0x0800181d   Thumb Code     2  stm32f4xx_hal_tim.o(i.HAL_TIM_OC_DelayElapsedCallback)
    HAL_TIM_PWM_ConfigChannel                0x0800181f   Thumb Code   204  stm32f4xx_hal_tim.o(i.HAL_TIM_PWM_ConfigChannel)
    HAL_TIM_PWM_Init                         0x080018eb   Thumb Code    90  stm32f4xx_hal_tim.o(i.HAL_TIM_PWM_Init)
    HAL_TIM_PWM_MspInit                      0x08001945   Thumb Code    42  tim.o(i.HAL_TIM_PWM_MspInit)
    HAL_TIM_PWM_PulseFinishedCallback        0x0800197d   Thumb Code     2  stm32f4xx_hal_tim.o(i.HAL_TIM_PWM_PulseFinishedCallback)
    HAL_TIM_PeriodElapsedCallback            0x08001981   Thumb Code    14  main.o(i.HAL_TIM_PeriodElapsedCallback)
    HAL_TIM_TriggerCallback                  0x08001995   Thumb Code     2  stm32f4xx_hal_tim.o(i.HAL_TIM_TriggerCallback)
    HAL_UARTEx_RxEventCallback               0x08001997   Thumb Code     2  stm32f4xx_hal_uart.o(i.HAL_UARTEx_RxEventCallback)
    HAL_UART_ErrorCallback                   0x08001999   Thumb Code     2  stm32f4xx_hal_uart.o(i.HAL_UART_ErrorCallback)
    HAL_UART_IRQHandler                      0x0800199d   Thumb Code   636  stm32f4xx_hal_uart.o(i.HAL_UART_IRQHandler)
    HAL_UART_Init                            0x08001c1d   Thumb Code   100  stm32f4xx_hal_uart.o(i.HAL_UART_Init)
    HAL_UART_MspInit                         0x08001c81   Thumb Code   540  usart.o(i.HAL_UART_MspInit)
    HAL_UART_RxCpltCallback                  0x08001ec9   Thumb Code     2  stm32f4xx_hal_uart.o(i.HAL_UART_RxCpltCallback)
    HAL_UART_Transmit                        0x08001ecb   Thumb Code   160  stm32f4xx_hal_uart.o(i.HAL_UART_Transmit)
    HAL_UART_TxCpltCallback                  0x08001f6b   Thumb Code     2  stm32f4xx_hal_uart.o(i.HAL_UART_TxCpltCallback)
    HWT101_GetYaw                            0x08001f71   Thumb Code     8  hwt101_hal.o(i.HWT101_GetYaw)
    HWT101_HAL_Init                          0x08001f7d   Thumb Code    84  hwt101_hal.o(i.HWT101_HAL_Init)
    HWT101_ParsePacket                       0x08001fe1   Thumb Code   128  hwt101_hal.o(i.HWT101_ParsePacket)
    HardFault_Handler                        0x08002081   Thumb Code     2  stm32f4xx_it.o(i.HardFault_Handler)
    JQ8x00_Loop                              0x08002085   Thumb Code    22  voice.o(i.JQ8x00_Loop)
    JQ8x00_Loop_times2                       0x080020a5   Thumb Code    22  voice.o(i.JQ8x00_Loop_times2)
    JQ8x00_Over                              0x080020c5   Thumb Code    18  voice.o(i.JQ8x00_Over)
    JQ8x00_RandomPathPlay                    0x0800215d   Thumb Code    10  voice.o(i.JQ8x00_RandomPathPlay)
    JQ8x00_RandomPathPlay_Inserch            0x08002167   Thumb Code    22  voice.o(i.JQ8x00_RandomPathPlay_Inserch)
    MX_FREERTOS_Init                         0x08002191   Thumb Code   112  freertos.o(i.MX_FREERTOS_Init)
    MX_GPIO_Init                             0x08002225   Thumb Code   134  gpio.o(i.MX_GPIO_Init)
    MX_I2C2_Init                             0x080022b5   Thumb Code    50  i2c.o(i.MX_I2C2_Init)
    MX_TIM3_Init                             0x080022f5   Thumb Code   104  tim.o(i.MX_TIM3_Init)
    MX_TIM7_Init                             0x08002365   Thumb Code    60  tim.o(i.MX_TIM7_Init)
    MX_TIM8_Init                             0x080023a9   Thumb Code   200  tim.o(i.MX_TIM8_Init)
    MX_UART4_Init                            0x08002479   Thumb Code    48  usart.o(i.MX_UART4_Init)
    MX_UART5_Init                            0x080024b1   Thumb Code    48  usart.o(i.MX_UART5_Init)
    MX_USART1_UART_Init                      0x080024e9   Thumb Code    48  usart.o(i.MX_USART1_UART_Init)
    MX_USART2_UART_Init                      0x08002521   Thumb Code    48  usart.o(i.MX_USART2_UART_Init)
    MX_USART3_UART_Init                      0x08002559   Thumb Code    48  usart.o(i.MX_USART3_UART_Init)
    MX_USART6_UART_Init                      0x08002591   Thumb Code    48  usart.o(i.MX_USART6_UART_Init)
    MemManage_Handler                        0x080025c9   Thumb Code     2  stm32f4xx_it.o(i.MemManage_Handler)
    NMI_Handler                              0x080025cb   Thumb Code     2  stm32f4xx_it.o(i.NMI_Handler)
    Navigation_Reset                         0x080025cd   Thumb Code    24  navigation.o(i.Navigation_Reset)
    Navigation_UpdateByDelta                 0x080025ed   Thumb Code   128  navigation.o(i.Navigation_UpdateByDelta)
    OLED_Clear                               0x08002685   Thumb Code    40  oled.o(i.OLED_Clear)
    OLED_Init                                0x08002721   Thumb Code   244  oled.o(i.OLED_Init)
    OLED_Refresh_Gram                        0x08002815   Thumb Code    70  oled.o(i.OLED_Refresh_Gram)
    OLED_Set_Pos                             0x08002861   Thumb Code    40  oled.o(i.OLED_Set_Pos)
    OLED_ShowChar                            0x08002889   Thumb Code   132  oled.o(i.OLED_ShowChar)
    OLED_ShowString                          0x08002915   Thumb Code    54  oled.o(i.OLED_ShowString)
    OLED_WR_Byte                             0x0800294b   Thumb Code    10  oled.o(i.OLED_WR_Byte)
    OLED_Write_Command                       0x0800297d   Thumb Code    34  oled.o(i.OLED_Write_Command)
    OLED_Write_Data                          0x0800299f   Thumb Code    34  oled.o(i.OLED_Write_Data)
    Odometer_Init                            0x080029c1   Thumb Code    50  odometer.o(i.Odometer_Init)
    Odometer_UartRxByte                      0x08002a01   Thumb Code   104  odometer.o(i.Odometer_UartRxByte)
    Odometer_Update                          0x08002a71   Thumb Code     8  odometer.o(i.Odometer_Update)
    StartDefaultTask                         0x08002b09   Thumb Code     8  freertos.o(i.StartDefaultTask)
    StartTask02                              0x08002b11   Thumb Code   112  freertos.o(i.StartTask02)
    StartTask03                              0x08002b85   Thumb Code    12  freertos.o(i.StartTask03)
    StartTask04                              0x08002b91   Thumb Code     8  freertos.o(i.StartTask04)
    StartTask05                              0x08002b99   Thumb Code     8  freertos.o(i.StartTask05)
    StartTask06                              0x08002ba1   Thumb Code     8  freertos.o(i.StartTask06)
    StartTask07                              0x08002ba9   Thumb Code     8  freertos.o(i.StartTask07)
    SysTick_Handler                          0x08002bb1   Thumb Code    26  cmsis_os2.o(i.SysTick_Handler)
    SystemClock_Config                       0x08002bcd   Thumb Code   138  main.o(i.SystemClock_Config)
    SystemInit                               0x08002c61   Thumb Code    12  system_stm32f4xx.o(i.SystemInit)
    TIM6_DAC_IRQHandler                      0x08002c71   Thumb Code     6  stm32f4xx_it.o(i.TIM6_DAC_IRQHandler)
    TIM_Base_SetConfig                       0x08002c7d   Thumb Code   164  stm32f4xx_hal_tim.o(i.TIM_Base_SetConfig)
    TIM_OC2_SetConfig                        0x08002dad   Thumb Code    98  stm32f4xx_hal_tim.o(i.TIM_OC2_SetConfig)
    TOF200F_UartRxByte                       0x08002ed1   Thumb Code    76  tof200f.o(i.TOF200F_UartRxByte)
    UART4_IRQHandler                         0x08002f21   Thumb Code   104  stm32f4xx_it.o(i.UART4_IRQHandler)
    UART5_IRQHandler                         0x08002f95   Thumb Code     6  stm32f4xx_it.o(i.UART5_IRQHandler)
    USART1_IRQHandler                        0x08003241   Thumb Code    46  stm32f4xx_it.o(i.USART1_IRQHandler)
    USART2_IRQHandler                        0x08003275   Thumb Code    46  stm32f4xx_it.o(i.USART2_IRQHandler)
    USART3_IRQHandler                        0x080032a9   Thumb Code     6  stm32f4xx_it.o(i.USART3_IRQHandler)
    USART6_IRQHandler                        0x080032b5   Thumb Code    42  stm32f4xx_it.o(i.USART6_IRQHandler)
    UsageFault_Handler                       0x080032e5   Thumb Code     2  stm32f4xx_it.o(i.UsageFault_Handler)
    Voice_Num                                0x080032e9   Thumb Code   226  voice.o(i.Voice_Num)
    WitDelayMsRegister                       0x080033d1   Thumb Code    16  hwt101.o(i.WitDelayMsRegister)
    WitInit                                  0x080033e5   Thumb Code    22  hwt101.o(i.WitInit)
    WitRegisterCallBack                      0x08003401   Thumb Code    16  hwt101.o(i.WitRegisterCallBack)
    WitSerialWriteRegister                   0x08003415   Thumb Code    16  hwt101.o(i.WitSerialWriteRegister)
    WitSetContent                            0x08003429   Thumb Code    80  hwt101.o(i.WitSetContent)
    WitSetOutputRate                         0x0800347d   Thumb Code    78  hwt101.o(i.WitSetOutputRate)
    WitWriteReg                              0x080034d1   Thumb Code   228  hwt101.o(i.WitWriteReg)
    __ARM_fpclassifyf                        0x080035b9   Thumb Code    38  fpclassifyf.o(i.__ARM_fpclassifyf)
    __hardfp_cosf                            0x0800362d   Thumb Code   280  cosf.o(i.__hardfp_cosf)
    __hardfp_sinf                            0x0800377d   Thumb Code   344  sinf.o(i.__hardfp_sinf)
    __mathlib_flt_infnan                     0x0800390d   Thumb Code     6  funder.o(i.__mathlib_flt_infnan)
    __mathlib_flt_invalid                    0x08003915   Thumb Code    10  funder.o(i.__mathlib_flt_invalid)
    __mathlib_flt_underflow                  0x08003925   Thumb Code    10  funder.o(i.__mathlib_flt_underflow)
    __mathlib_rredf2                         0x08003935   Thumb Code   316  rredf.o(i.__mathlib_rredf2)
    main                                     0x08003a89   Thumb Code   158  main.o(i.main)
    osDelay                                  0x08003b35   Thumb Code    26  cmsis_os2.o(i.osDelay)
    osKernelGetState                         0x08003b51   Thumb Code    28  cmsis_os2.o(i.osKernelGetState)
    osKernelInitialize                       0x08003b71   Thumb Code    32  cmsis_os2.o(i.osKernelInitialize)
    osKernelStart                            0x08003b95   Thumb Code    48  cmsis_os2.o(i.osKernelStart)
    osMutexAcquire                           0x08003bcd   Thumb Code    82  cmsis_os2.o(i.osMutexAcquire)
    osMutexNew                               0x08003c1f   Thumb Code   104  cmsis_os2.o(i.osMutexNew)
    osMutexRelease                           0x08003c87   Thumb Code    66  cmsis_os2.o(i.osMutexRelease)
    osThreadNew                              0x08003cc9   Thumb Code   138  cmsis_os2.o(i.osThreadNew)
    pvPortMalloc                             0x08004501   Thumb Code   216  heap_4.o(i.pvPortMalloc)
    pvTaskIncrementMutexHeldCount            0x080045dd   Thumb Code    18  tasks.o(i.pvTaskIncrementMutexHeldCount)
    pxPortInitialiseStack                    0x080045f5   Thumb Code    40  port.o(i.pxPortInitialiseStack)
    uxListRemove                             0x08004621   Thumb Code    38  list.o(i.uxListRemove)
    vApplicationGetIdleTaskMemory            0x08004649   Thumb Code    16  cmsis_os2.o(i.vApplicationGetIdleTaskMemory)
    vApplicationGetTimerTaskMemory           0x0800465d   Thumb Code    18  cmsis_os2.o(i.vApplicationGetTimerTaskMemory)
    vListInitialise                          0x08004675   Thumb Code    22  list.o(i.vListInitialise)
    vListInitialiseItem                      0x0800468b   Thumb Code     6  list.o(i.vListInitialiseItem)
    vListInsert                              0x08004691   Thumb Code    48  list.o(i.vListInsert)
    vListInsertEnd                           0x080046c1   Thumb Code    24  list.o(i.vListInsertEnd)
    vPortEnterCritical                       0x080046d9   Thumb Code    54  port.o(i.vPortEnterCritical)
    vPortExitCritical                        0x08004719   Thumb Code    34  port.o(i.vPortExitCritical)
    vPortFree                                0x08004741   Thumb Code    94  heap_4.o(i.vPortFree)
    vPortSetupTimerInterrupt                 0x080047a5   Thumb Code    32  port.o(i.vPortSetupTimerInterrupt)
    vPortValidateInterruptPriority           0x080047c9   Thumb Code    74  port.o(i.vPortValidateInterruptPriority)
    vQueueAddToRegistry                      0x0800481d   Thumb Code    34  queue.o(i.vQueueAddToRegistry)
    vQueueWaitForMessageRestricted           0x08004845   Thumb Code    68  queue.o(i.vQueueWaitForMessageRestricted)
    vTaskDelay                               0x08004889   Thumb Code    66  tasks.o(i.vTaskDelay)
    vTaskInternalSetTimeOutState             0x080048d5   Thumb Code    12  tasks.o(i.vTaskInternalSetTimeOutState)
    vTaskMissedYield                         0x080048e5   Thumb Code     8  tasks.o(i.vTaskMissedYield)
    vTaskPlaceOnEventList                    0x080048f1   Thumb Code    44  tasks.o(i.vTaskPlaceOnEventList)
    vTaskPlaceOnEventListRestricted          0x08004921   Thumb Code    52  tasks.o(i.vTaskPlaceOnEventListRestricted)
    vTaskPriorityDisinheritAfterTimeout      0x08004959   Thumb Code   134  tasks.o(i.vTaskPriorityDisinheritAfterTimeout)
    vTaskStartScheduler                      0x080049e9   Thumb Code   118  tasks.o(i.vTaskStartScheduler)
    vTaskSuspendAll                          0x08004a71   Thumb Code    10  tasks.o(i.vTaskSuspendAll)
    vTaskSwitchContext                       0x08004a81   Thumb Code    90  tasks.o(i.vTaskSwitchContext)
    xPortStartScheduler                      0x08004ae5   Thumb Code   222  port.o(i.xPortStartScheduler)
    xPortSysTickHandler                      0x08004bd9   Thumb Code    38  port.o(i.xPortSysTickHandler)
    xQueueCreateMutex                        0x08004c05   Thumb Code    22  queue.o(i.xQueueCreateMutex)
    xQueueCreateMutexStatic                  0x08004c1b   Thumb Code    26  queue.o(i.xQueueCreateMutexStatic)
    xQueueGenericCreate                      0x08004c35   Thumb Code    66  queue.o(i.xQueueGenericCreate)
    xQueueGenericCreateStatic                0x08004c77   Thumb Code   102  queue.o(i.xQueueGenericCreateStatic)
    xQueueGenericReset                       0x08004cdd   Thumb Code   132  queue.o(i.xQueueGenericReset)
    xQueueGenericSend                        0x08004d65   Thumb Code   346  queue.o(i.xQueueGenericSend)
    xQueueGenericSendFromISR                 0x08004ec5   Thumb Code   190  queue.o(i.xQueueGenericSendFromISR)
    xQueueGiveMutexRecursive                 0x08004f83   Thumb Code    62  queue.o(i.xQueueGiveMutexRecursive)
    xQueueReceive                            0x08004fc1   Thumb Code   308  queue.o(i.xQueueReceive)
    xQueueSemaphoreTake                      0x080050f9   Thumb Code   372  queue.o(i.xQueueSemaphoreTake)
    xQueueTakeMutexRecursive                 0x08005271   Thumb Code    64  queue.o(i.xQueueTakeMutexRecursive)
    xTaskCheckForTimeOut                     0x080052b1   Thumb Code   112  tasks.o(i.xTaskCheckForTimeOut)
    xTaskCreate                              0x08005325   Thumb Code    90  tasks.o(i.xTaskCreate)
    xTaskCreateStatic                        0x0800537f   Thumb Code    86  tasks.o(i.xTaskCreateStatic)
    xTaskGetCurrentTaskHandle                0x080053d5   Thumb Code     6  tasks.o(i.xTaskGetCurrentTaskHandle)
    xTaskGetSchedulerState                   0x080053e1   Thumb Code    22  tasks.o(i.xTaskGetSchedulerState)
    xTaskGetTickCount                        0x080053fd   Thumb Code     6  tasks.o(i.xTaskGetTickCount)
    xTaskIncrementTick                       0x08005409   Thumb Code   192  tasks.o(i.xTaskIncrementTick)
    xTaskPriorityDisinherit                  0x080054d1   Thumb Code   118  tasks.o(i.xTaskPriorityDisinherit)
    xTaskPriorityInherit                     0x08005551   Thumb Code   112  tasks.o(i.xTaskPriorityInherit)
    xTaskRemoveFromEventList                 0x080055c9   Thumb Code    98  tasks.o(i.xTaskRemoveFromEventList)
    xTaskResumeAll                           0x08005639   Thumb Code   182  tasks.o(i.xTaskResumeAll)
    xTimerCreateTimerTask                    0x080056fd   Thumb Code    78  timers.o(i.xTimerCreateTimerTask)
    xTimerGenericCommand                     0x0800575d   Thumb Code    98  timers.o(i.xTimerGenericCommand)
    _fp_init                                 0x080057c5   Thumb Code    10  fpinit.o(x$fpl$fpinit)
    __fplib_config_fpu_vfp                   0x080057cd   Thumb Code     0  fpinit.o(x$fpl$fpinit)
    __fplib_config_pureend_doubles           0x080057cd   Thumb Code     0  fpinit.o(x$fpl$fpinit)
    __I$use$fp                               0x080057ce   Number         0  usenofp.o(x$fpl$usenofp)
    F6x8                                     0x080059ce   Data         552  oled.o(.constdata)
    F8X16                                    0x08005bf6   Data        1520  oled.o(.constdata)
    defaultTask_attributes                   0x080061e8   Data          36  freertos.o(.constdata)
    myTask02_attributes                      0x0800620c   Data          36  freertos.o(.constdata)
    myTask03_attributes                      0x08006230   Data          36  freertos.o(.constdata)
    myTask04_attributes                      0x08006254   Data          36  freertos.o(.constdata)
    myTask05_attributes                      0x08006278   Data          36  freertos.o(.constdata)
    myTask06_attributes                      0x0800629c   Data          36  freertos.o(.constdata)
    myTask07_attributes                      0x080062c0   Data          36  freertos.o(.constdata)
    usart2TX_attributes                      0x080062e4   Data          16  freertos.o(.constdata)
    AHBPrescTable                            0x080062f8   Data          16  system_stm32f4xx.o(.constdata)
    APBPrescTable                            0x08006308   Data           8  system_stm32f4xx.o(.constdata)
    Region$$Table$$Base                      0x08006390   Number         0  anon$$obj.o(Region$$Table)
    Region$$Table$$Limit                     0x080063b0   Number         0  anon$$obj.o(Region$$Table)
    g_hwt101_data_ready                      0x20000028   Data           1  hwt101_hal.o(.data)
    g_hwt101_roll                            0x2000002c   Data           4  hwt101_hal.o(.data)
    g_hwt101_pitch                           0x20000030   Data           4  hwt101_hal.o(.data)
    g_hwt101_yaw                             0x20000034   Data           4  hwt101_hal.o(.data)
    AngleError0                              0x20000038   Data           4  navigation.o(.data)
    AngleError1                              0x2000003c   Data           4  navigation.o(.data)
    AngleErrorInt                            0x20000040   Data           4  navigation.o(.data)
    AngleResult                              0x20000044   Data           4  navigation.o(.data)
    kp_A2                                    0x20000048   Data           4  navigation.o(.data)
    ki_A2                                    0x2000004c   Data           4  navigation.o(.data)
    kd_A2                                    0x20000050   Data           4  navigation.o(.data)
    angle_fix                                0x20000054   Data           4  navigation.o(.data)
    TarAngle                                 0x20000058   Data           4  navigation.o(.data)
    g_nav_x_cm                               0x2000005c   Data           4  navigation.o(.data)
    g_nav_y_cm                               0x20000060   Data           4  navigation.o(.data)
    g_nav_yaw_deg                            0x20000064   Data           4  navigation.o(.data)
    v                                        0x2000006c   Data           8  navigation.o(.data)
    g_odometer_distance_cm                   0x20000078   Data           4  odometer.o(.data)
    g_odometer_delta_cm                      0x2000007c   Data           4  odometer.o(.data)
    g_odometer_motor_angle_deg               0x20000080   Data           4  odometer.o(.data)
    TofData                                  0x20000094   Data           4  tof200f.o(.data)
    defaultTaskHandle                        0x200000a8   Data           4  freertos.o(.data)
    myTask02Handle                           0x200000ac   Data           4  freertos.o(.data)
    myTask03Handle                           0x200000b0   Data           4  freertos.o(.data)
    myTask04Handle                           0x200000b4   Data           4  freertos.o(.data)
    myTask05Handle                           0x200000b8   Data           4  freertos.o(.data)
    myTask06Handle                           0x200000bc   Data           4  freertos.o(.data)
    myTask07Handle                           0x200000c0   Data           4  freertos.o(.data)
    usart2TXHandle                           0x200000c4   Data           4  freertos.o(.data)
    num1                                     0x200000cc   Data           7  voice.o(.data)
    num2                                     0x200000d3   Data           7  voice.o(.data)
    num3                                     0x200000da   Data           7  voice.o(.data)
    num4                                     0x200000e1   Data           7  voice.o(.data)
    num5                                     0x200000e8   Data           7  voice.o(.data)
    num6                                     0x200000ef   Data           7  voice.o(.data)
    num7                                     0x200000f6   Data           7  voice.o(.data)
    num8                                     0x200000fd   Data           7  voice.o(.data)
    num9                                     0x20000104   Data           7  voice.o(.data)
    num10                                    0x2000010b   Data           7  voice.o(.data)
    Apple                                    0x20000112   Data           7  voice.o(.data)
    Pear                                     0x20000119   Data           7  voice.o(.data)
    Pumpkin                                  0x20000120   Data           7  voice.o(.data)
    Pepper                                   0x20000127   Data           7  voice.o(.data)
    Tomato                                   0x2000012e   Data           7  voice.o(.data)
    Eggplant                                 0x20000135   Data           7  voice.o(.data)
    Teaminfor                                0x2000013c   Data           7  voice.o(.data)
    Mature                                   0x20000143   Data           7  voice.o(.data)
    Inmature                                 0x2000014a   Data           7  voice.o(.data)
    Bad                                      0x20000151   Data           7  voice.o(.data)
    Music                                    0x20000158   Data           7  voice.o(.data)
    uwTickFreq                               0x2000018c   Data           1  stm32f4xx_hal.o(.data)
    uwTickPrio                               0x20000190   Data           4  stm32f4xx_hal.o(.data)
    uwTick                                   0x20000194   Data           4  stm32f4xx_hal.o(.data)
    SystemCoreClock                          0x20000198   Data           4  system_stm32f4xx.o(.data)
    pxCurrentTCB                             0x2000019c   Data           4  tasks.o(.data)
    hi2c2                                    0x2000061c   Data          84  i2c.o(.bss)
    htim3                                    0x20000670   Data          72  tim.o(.bss)
    htim7                                    0x200006b8   Data          72  tim.o(.bss)
    htim8                                    0x20000700   Data          72  tim.o(.bss)
    huart4                                   0x20000748   Data          72  usart.o(.bss)
    huart5                                   0x20000790   Data          72  usart.o(.bss)
    huart1                                   0x200007d8   Data          72  usart.o(.bss)
    huart2                                   0x20000820   Data          72  usart.o(.bss)
    huart3                                   0x20000868   Data          72  usart.o(.bss)
    huart6                                   0x200008b0   Data          72  usart.o(.bss)
    htim6                                    0x20000904   Data          72  stm32f4xx_hal_timebase_tim.o(.bss)
    xQueueRegistry                           0x2000094c   Data          64  queue.o(.bss)
    __libspace_start                         0x20006620   Data          96  libspace.o(.bss)
    __temporary_stack_top$libspace           0x20006680   Data           0  libspace.o(.bss)



==============================================================================

Memory Map of the image

  Image Entry point : 0x08000189

  Load Region LR_IROM1 (Base: 0x08000000, Size: 0x000065cc, Max: 0x00080000, ABSOLUTE, COMPRESSED[0x00006438])

    Execution Region ER_IROM1 (Exec base: 0x08000000, Load base: 0x08000000, Size: 0x000063b0, Max: 0x00080000, ABSOLUTE)

    Exec Addr    Load Addr    Size         Type   Attr      Idx    E Section Name        Object

    0x08000000   0x08000000   0x00000188   Data   RO            3    RESET               startup_stm32f407xx.o
    0x08000188   0x08000188   0x00000008   Code   RO         6413  * !!!main             c_w.l(__main.o)
    0x08000190   0x08000190   0x00000034   Code   RO         6635    !!!scatter          c_w.l(__scatter.o)
    0x080001c4   0x080001c4   0x0000005a   Code   RO         6633    !!dczerorl2         c_w.l(__dczerorl2.o)
    0x0800021e   0x0800021e   0x00000002   PAD
    0x08000220   0x08000220   0x0000001c   Code   RO         6637    !!handler_zi        c_w.l(__scatter_zi.o)
    0x0800023c   0x0800023c   0x00000002   Code   RO         6506    .ARM.Collect$$libinit$$00000000  c_w.l(libinit.o)
    0x0800023e   0x0800023e   0x00000004   Code   RO         6515    .ARM.Collect$$libinit$$00000001  c_w.l(libinit2.o)
    0x08000242   0x08000242   0x00000000   Code   RO         6518    .ARM.Collect$$libinit$$00000004  c_w.l(libinit2.o)
    0x08000242   0x08000242   0x00000000   Code   RO         6521    .ARM.Collect$$libinit$$0000000A  c_w.l(libinit2.o)
    0x08000242   0x08000242   0x00000000   Code   RO         6523    .ARM.Collect$$libinit$$0000000C  c_w.l(libinit2.o)
    0x08000242   0x08000242   0x00000000   Code   RO         6525    .ARM.Collect$$libinit$$0000000E  c_w.l(libinit2.o)
    0x08000242   0x08000242   0x00000000   Code   RO         6528    .ARM.Collect$$libinit$$00000011  c_w.l(libinit2.o)
    0x08000242   0x08000242   0x00000000   Code   RO         6530    .ARM.Collect$$libinit$$00000013  c_w.l(libinit2.o)
    0x08000242   0x08000242   0x00000000   Code   RO         6532    .ARM.Collect$$libinit$$00000015  c_w.l(libinit2.o)
    0x08000242   0x08000242   0x00000000   Code   RO         6534    .ARM.Collect$$libinit$$00000017  c_w.l(libinit2.o)
    0x08000242   0x08000242   0x00000000   Code   RO         6536    .ARM.Collect$$libinit$$00000019  c_w.l(libinit2.o)
    0x08000242   0x08000242   0x00000000   Code   RO         6538    .ARM.Collect$$libinit$$0000001B  c_w.l(libinit2.o)
    0x08000242   0x08000242   0x00000000   Code   RO         6540    .ARM.Collect$$libinit$$0000001D  c_w.l(libinit2.o)
    0x08000242   0x08000242   0x00000000   Code   RO         6542    .ARM.Collect$$libinit$$0000001F  c_w.l(libinit2.o)
    0x08000242   0x08000242   0x00000000   Code   RO         6544    .ARM.Collect$$libinit$$00000021  c_w.l(libinit2.o)
    0x08000242   0x08000242   0x00000000   Code   RO         6546    .ARM.Collect$$libinit$$00000023  c_w.l(libinit2.o)
    0x08000242   0x08000242   0x00000000   Code   RO         6548    .ARM.Collect$$libinit$$00000025  c_w.l(libinit2.o)
    0x08000242   0x08000242   0x00000000   Code   RO         6552    .ARM.Collect$$libinit$$0000002C  c_w.l(libinit2.o)
    0x08000242   0x08000242   0x00000000   Code   RO         6554    .ARM.Collect$$libinit$$0000002E  c_w.l(libinit2.o)
    0x08000242   0x08000242   0x00000000   Code   RO         6556    .ARM.Collect$$libinit$$00000030  c_w.l(libinit2.o)
    0x08000242   0x08000242   0x00000000   Code   RO         6558    .ARM.Collect$$libinit$$00000032  c_w.l(libinit2.o)
    0x08000242   0x08000242   0x00000002   Code   RO         6559    .ARM.Collect$$libinit$$00000033  c_w.l(libinit2.o)
    0x08000244   0x08000244   0x00000002   Code   RO         6590    .ARM.Collect$$libshutdown$$00000000  c_w.l(libshutdown.o)
    0x08000246   0x08000246   0x00000000   Code   RO         6616    .ARM.Collect$$libshutdown$$00000002  c_w.l(libshutdown2.o)
    0x08000246   0x08000246   0x00000000   Code   RO         6618    .ARM.Collect$$libshutdown$$00000004  c_w.l(libshutdown2.o)
    0x08000246   0x08000246   0x00000000   Code   RO         6621    .ARM.Collect$$libshutdown$$00000007  c_w.l(libshutdown2.o)
    0x08000246   0x08000246   0x00000000   Code   RO         6624    .ARM.Collect$$libshutdown$$0000000A  c_w.l(libshutdown2.o)
    0x08000246   0x08000246   0x00000000   Code   RO         6626    .ARM.Collect$$libshutdown$$0000000C  c_w.l(libshutdown2.o)
    0x08000246   0x08000246   0x00000000   Code   RO         6629    .ARM.Collect$$libshutdown$$0000000F  c_w.l(libshutdown2.o)
    0x08000246   0x08000246   0x00000002   Code   RO         6630    .ARM.Collect$$libshutdown$$00000010  c_w.l(libshutdown2.o)
    0x08000248   0x08000248   0x00000000   Code   RO         6439    .ARM.Collect$$rtentry$$00000000  c_w.l(__rtentry.o)
    0x08000248   0x08000248   0x00000000   Code   RO         6469    .ARM.Collect$$rtentry$$00000002  c_w.l(__rtentry2.o)
    0x08000248   0x08000248   0x00000006   Code   RO         6481    .ARM.Collect$$rtentry$$00000004  c_w.l(__rtentry4.o)
    0x0800024e   0x0800024e   0x00000000   Code   RO         6471    .ARM.Collect$$rtentry$$00000009  c_w.l(__rtentry2.o)
    0x0800024e   0x0800024e   0x00000004   Code   RO         6472    .ARM.Collect$$rtentry$$0000000A  c_w.l(__rtentry2.o)
    0x08000252   0x08000252   0x00000000   Code   RO         6474    .ARM.Collect$$rtentry$$0000000C  c_w.l(__rtentry2.o)
    0x08000252   0x08000252   0x00000008   Code   RO         6475    .ARM.Collect$$rtentry$$0000000D  c_w.l(__rtentry2.o)
    0x0800025a   0x0800025a   0x00000002   Code   RO         6507    .ARM.Collect$$rtexit$$00000000  c_w.l(rtexit.o)
    0x0800025c   0x0800025c   0x00000000   Code   RO         6563    .ARM.Collect$$rtexit$$00000002  c_w.l(rtexit2.o)
    0x0800025c   0x0800025c   0x00000004   Code   RO         6564    .ARM.Collect$$rtexit$$00000003  c_w.l(rtexit2.o)
    0x08000260   0x08000260   0x00000006   Code   RO         6565    .ARM.Collect$$rtexit$$00000004  c_w.l(rtexit2.o)
    0x08000266   0x08000266   0x00000002   PAD
    0x08000268   0x08000268   0x000000be   Code   RO         6320    .emb_text           port.o
    0x08000326   0x08000326   0x00000002   PAD
    0x08000328   0x08000328   0x00000040   Code   RO            4    .text               startup_stm32f407xx.o
    0x08000368   0x08000368   0x000000ee   Code   RO         6399    .text               c_w.l(lludivv7m.o)
    0x08000456   0x08000456   0x0000008a   Code   RO         6401    .text               c_w.l(rt_memcpy_v6.o)
    0x080004e0   0x080004e0   0x00000064   Code   RO         6403    .text               c_w.l(rt_memcpy_w.o)
    0x08000544   0x08000544   0x00000010   Code   RO         6407    .text               c_w.l(aeabi_memset.o)
    0x08000554   0x08000554   0x0000004e   Code   RO         6409    .text               c_w.l(rt_memclr_w.o)
    0x080005a2   0x080005a2   0x00000006   Code   RO         6411    .text               c_w.l(heapauxi.o)
    0x080005a8   0x080005a8   0x00000016   Code   RO         6444    .text               c_w.l(_rserrno.o)
    0x080005be   0x080005be   0x00000044   Code   RO         6446    .text               c_w.l(rt_memclr.o)
    0x08000602   0x08000602   0x00000002   PAD
    0x08000604   0x08000604   0x00000008   Code   RO         6488    .text               c_w.l(rt_errno_addr_intlibspace.o)
    0x0800060c   0x0800060c   0x00000008   Code   RO         6490    .text               c_w.l(libspace.o)
    0x08000614   0x08000614   0x0000004a   Code   RO         6493    .text               c_w.l(sys_stackheap_outer.o)
    0x0800065e   0x0800065e   0x00000012   Code   RO         6495    .text               c_w.l(exit.o)
    0x08000670   0x08000670   0x0000000c   Code   RO         6560    .text               c_w.l(sys_exit.o)
    0x0800067c   0x0800067c   0x00000002   Code   RO         6579    .text               c_w.l(use_no_semi.o)
    0x0800067e   0x0800067e   0x00000000   Code   RO         6581    .text               c_w.l(indicate_semi.o)
    0x0800067e   0x0800067e   0x00000002   Code   RO         1358    i.BusFault_Handler  stm32f4xx_it.o
    0x08000680   0x08000680   0x00000010   Code   RO          235    i.CheckRange        hwt101.o
    0x08000690   0x08000690   0x00000002   Code   RO         1359    i.DebugMon_Handler  stm32f4xx_it.o
    0x08000692   0x08000692   0x00000002   PAD
    0x08000694   0x08000694   0x00000050   Code   RO           13    i.Emm_Send          bujin.o
    0x080006e4   0x080006e4   0x00000048   Code   RO           16    i.Emm_V5_Pos_Control  bujin.o
    0x0800072c   0x0800072c   0x0000006c   Code   RO           17    i.Emm_V5_Pos_Control_ByPulse  bujin.o
    0x08000798   0x08000798   0x00000082   Code   RO           18    i.Emm_V5_Read_Sys_Params  bujin.o
    0x0800081a   0x0800081a   0x00000002   PAD
    0x0800081c   0x0800081c   0x00000020   Code   RO           21    i.Emm_V5_Synchronous_motion  bujin.o
    0x0800083c   0x0800083c   0x00000004   Code   RO          979    i.Error_Handler     main.o
    0x08000840   0x08000840   0x00000092   Code   RO         3061    i.HAL_DMA_Abort     stm32f4xx_hal_dma.o
    0x080008d2   0x080008d2   0x00000024   Code   RO         3062    i.HAL_DMA_Abort_IT  stm32f4xx_hal_dma.o
    0x080008f6   0x080008f6   0x00000002   PAD
    0x080008f8   0x080008f8   0x00000024   Code   RO         3498    i.HAL_Delay         stm32f4xx_hal.o
    0x0800091c   0x0800091c   0x000001f0   Code   RO         2954    i.HAL_GPIO_Init     stm32f4xx_hal_gpio.o
    0x08000b0c   0x08000b0c   0x0000000a   Code   RO         2958    i.HAL_GPIO_WritePin  stm32f4xx_hal_gpio.o
    0x08000b16   0x08000b16   0x00000002   PAD
    0x08000b18   0x08000b18   0x0000000c   Code   RO         3504    i.HAL_GetTick       stm32f4xx_hal.o
    0x08000b24   0x08000b24   0x00000188   Code   RO         3760    i.HAL_I2C_Init      stm32f4xx_hal_i2c.o
    0x08000cac   0x08000cac   0x0000006c   Code   RO         1167    i.HAL_I2C_MspInit   i2c.o
    0x08000d18   0x08000d18   0x00000010   Code   RO         3510    i.HAL_IncTick       stm32f4xx_hal.o
    0x08000d28   0x08000d28   0x00000034   Code   RO         3511    i.HAL_Init          stm32f4xx_hal.o
    0x08000d5c   0x08000d5c   0x00000098   Code   RO         1484    i.HAL_InitTick      stm32f4xx_hal_timebase_tim.o
    0x08000df4   0x08000df4   0x00000038   Code   RO         1460    i.HAL_MspInit       stm32f4xx_hal_msp.o
    0x08000e2c   0x08000e2c   0x0000001a   Code   RO         3346    i.HAL_NVIC_EnableIRQ  stm32f4xx_hal_cortex.o
    0x08000e46   0x08000e46   0x00000002   PAD
    0x08000e48   0x08000e48   0x00000040   Code   RO         3352    i.HAL_NVIC_SetPriority  stm32f4xx_hal_cortex.o
    0x08000e88   0x08000e88   0x00000024   Code   RO         3353    i.HAL_NVIC_SetPriorityGrouping  stm32f4xx_hal_cortex.o
    0x08000eac   0x08000eac   0x00000134   Code   RO         2600    i.HAL_RCC_ClockConfig  stm32f4xx_hal_rcc.o
    0x08000fe0   0x08000fe0   0x00000040   Code   RO         2604    i.HAL_RCC_GetClockConfig  stm32f4xx_hal_rcc.o
    0x08001020   0x08001020   0x00000020   Code   RO         2607    i.HAL_RCC_GetPCLK1Freq  stm32f4xx_hal_rcc.o
    0x08001040   0x08001040   0x00000020   Code   RO         2608    i.HAL_RCC_GetPCLK2Freq  stm32f4xx_hal_rcc.o
    0x08001060   0x08001060   0x00000060   Code   RO         2609    i.HAL_RCC_GetSysClockFreq  stm32f4xx_hal_rcc.o
    0x080010c0   0x080010c0   0x0000036c   Code   RO         2612    i.HAL_RCC_OscConfig  stm32f4xx_hal_rcc.o
    0x0800142c   0x0800142c   0x00000002   Code   RO         2332    i.HAL_TIMEx_BreakCallback  stm32f4xx_hal_tim_ex.o
    0x0800142e   0x0800142e   0x00000002   Code   RO         2333    i.HAL_TIMEx_CommutCallback  stm32f4xx_hal_tim_ex.o
    0x08001430   0x08001430   0x00000054   Code   RO         2335    i.HAL_TIMEx_ConfigBreakDeadTime  stm32f4xx_hal_tim_ex.o
    0x08001484   0x08001484   0x00000090   Code   RO         2351    i.HAL_TIMEx_MasterConfigSynchronization  stm32f4xx_hal_tim_ex.o
    0x08001514   0x08001514   0x0000005a   Code   RO         1628    i.HAL_TIM_Base_Init  stm32f4xx_hal_tim.o
    0x0800156e   0x0800156e   0x00000002   PAD
    0x08001570   0x08001570   0x00000028   Code   RO         1209    i.HAL_TIM_Base_MspInit  tim.o
    0x08001598   0x08001598   0x00000080   Code   RO         1633    i.HAL_TIM_Base_Start_IT  stm32f4xx_hal_tim.o
    0x08001618   0x08001618   0x00000002   Code   RO         1662    i.HAL_TIM_IC_CaptureCallback  stm32f4xx_hal_tim.o
    0x0800161a   0x0800161a   0x00000130   Code   RO         1676    i.HAL_TIM_IRQHandler  stm32f4xx_hal_tim.o
    0x0800174a   0x0800174a   0x00000002   PAD
    0x0800174c   0x0800174c   0x000000d0   Code   RO         1210    i.HAL_TIM_MspPostInit  tim.o
    0x0800181c   0x0800181c   0x00000002   Code   RO         1679    i.HAL_TIM_OC_DelayElapsedCallback  stm32f4xx_hal_tim.o
    0x0800181e   0x0800181e   0x000000cc   Code   RO         1700    i.HAL_TIM_PWM_ConfigChannel  stm32f4xx_hal_tim.o
    0x080018ea   0x080018ea   0x0000005a   Code   RO         1703    i.HAL_TIM_PWM_Init  stm32f4xx_hal_tim.o
    0x08001944   0x08001944   0x00000038   Code   RO         1212    i.HAL_TIM_PWM_MspInit  tim.o
    0x0800197c   0x0800197c   0x00000002   Code   RO         1706    i.HAL_TIM_PWM_PulseFinishedCallback  stm32f4xx_hal_tim.o
    0x0800197e   0x0800197e   0x00000002   PAD
    0x08001980   0x08001980   0x00000014   Code   RO          980    i.HAL_TIM_PeriodElapsedCallback  main.o
    0x08001994   0x08001994   0x00000002   Code   RO         1719    i.HAL_TIM_TriggerCallback  stm32f4xx_hal_tim.o
    0x08001996   0x08001996   0x00000002   Code   RO         4216    i.HAL_UARTEx_RxEventCallback  stm32f4xx_hal_uart.o
    0x08001998   0x08001998   0x00000002   Code   RO         4230    i.HAL_UART_ErrorCallback  stm32f4xx_hal_uart.o
    0x0800199a   0x0800199a   0x00000002   PAD
    0x0800199c   0x0800199c   0x00000280   Code   RO         4233    i.HAL_UART_IRQHandler  stm32f4xx_hal_uart.o
    0x08001c1c   0x08001c1c   0x00000064   Code   RO         4234    i.HAL_UART_Init     stm32f4xx_hal_uart.o
    0x08001c80   0x08001c80   0x00000248   Code   RO         1281    i.HAL_UART_MspInit  usart.o
    0x08001ec8   0x08001ec8   0x00000002   Code   RO         4240    i.HAL_UART_RxCpltCallback  stm32f4xx_hal_uart.o
    0x08001eca   0x08001eca   0x000000a0   Code   RO         4242    i.HAL_UART_Transmit  stm32f4xx_hal_uart.o
    0x08001f6a   0x08001f6a   0x00000002   Code   RO         4245    i.HAL_UART_TxCpltCallback  stm32f4xx_hal_uart.o
    0x08001f6c   0x08001f6c   0x00000004   Code   RO          452    i.HWT101_DelayMs    hwt101_hal.o
    0x08001f70   0x08001f70   0x0000000c   Code   RO          455    i.HWT101_GetYaw     hwt101_hal.o
    0x08001f7c   0x08001f7c   0x00000064   Code   RO          456    i.HWT101_HAL_Init   hwt101_hal.o
    0x08001fe0   0x08001fe0   0x0000008c   Code   RO          457    i.HWT101_ParsePacket  hwt101_hal.o
    0x0800206c   0x0800206c   0x00000002   Code   RO          459    i.HWT101_RegUpdate  hwt101_hal.o
    0x0800206e   0x0800206e   0x00000002   PAD
    0x08002070   0x08002070   0x00000010   Code   RO          460    i.HWT101_SerialWrite  hwt101_hal.o
    0x08002080   0x08002080   0x00000002   Code   RO         1360    i.HardFault_Handler  stm32f4xx_it.o
    0x08002082   0x08002082   0x00000002   PAD
    0x08002084   0x08002084   0x00000020   Code   RO         1526    i.JQ8x00_Loop       voice.o
    0x080020a4   0x080020a4   0x00000020   Code   RO         1527    i.JQ8x00_Loop_times2  voice.o
    0x080020c4   0x080020c4   0x00000018   Code   RO         1528    i.JQ8x00_Over       voice.o
    0x080020dc   0x080020dc   0x00000080   Code   RO         1529    i.JQ8x00_PathPlay   voice.o
    0x0800215c   0x0800215c   0x0000000a   Code   RO         1530    i.JQ8x00_RandomPathPlay  voice.o
    0x08002166   0x08002166   0x00000016   Code   RO         1531    i.JQ8x00_RandomPathPlay_Inserch  voice.o
    0x0800217c   0x0800217c   0x00000014   Code   RO         1533    i.JQ8x00_UART       voice.o
    0x08002190   0x08002190   0x00000094   Code   RO         1083    i.MX_FREERTOS_Init  freertos.o
    0x08002224   0x08002224   0x00000090   Code   RO         1059    i.MX_GPIO_Init      gpio.o
    0x080022b4   0x080022b4   0x00000040   Code   RO         1168    i.MX_I2C2_Init      i2c.o
    0x080022f4   0x080022f4   0x00000070   Code   RO         1213    i.MX_TIM3_Init      tim.o
    0x08002364   0x08002364   0x00000044   Code   RO         1214    i.MX_TIM7_Init      tim.o
    0x080023a8   0x080023a8   0x000000d0   Code   RO         1215    i.MX_TIM8_Init      tim.o
    0x08002478   0x08002478   0x00000038   Code   RO         1282    i.MX_UART4_Init     usart.o
    0x080024b0   0x080024b0   0x00000038   Code   RO         1283    i.MX_UART5_Init     usart.o
    0x080024e8   0x080024e8   0x00000038   Code   RO         1284    i.MX_USART1_UART_Init  usart.o
    0x08002520   0x08002520   0x00000038   Code   RO         1285    i.MX_USART2_UART_Init  usart.o
    0x08002558   0x08002558   0x00000038   Code   RO         1286    i.MX_USART3_UART_Init  usart.o
    0x08002590   0x08002590   0x00000038   Code   RO         1287    i.MX_USART6_UART_Init  usart.o
    0x080025c8   0x080025c8   0x00000002   Code   RO         1361    i.MemManage_Handler  stm32f4xx_it.o
    0x080025ca   0x080025ca   0x00000002   Code   RO         1362    i.NMI_Handler       stm32f4xx_it.o
    0x080025cc   0x080025cc   0x00000020   Code   RO          542    i.Navigation_Reset  navigation.o
    0x080025ec   0x080025ec   0x00000098   Code   RO          543    i.Navigation_UpdateByDelta  navigation.o
    0x08002684   0x08002684   0x0000002c   Code   RO          695    i.OLED_Clear        oled.o
    0x080026b0   0x080026b0   0x0000003a   Code   RO          702    i.OLED_I2C_SendByte  oled.o
    0x080026ea   0x080026ea   0x0000001e   Code   RO          703    i.OLED_I2C_Start    oled.o
    0x08002708   0x08002708   0x00000018   Code   RO          704    i.OLED_I2C_Stop     oled.o
    0x08002720   0x08002720   0x000000f4   Code   RO          705    i.OLED_Init         oled.o
    0x08002814   0x08002814   0x0000004c   Code   RO          707    i.OLED_Refresh_Gram  oled.o
    0x08002860   0x08002860   0x00000028   Code   RO          708    i.OLED_Set_Pos      oled.o
    0x08002888   0x08002888   0x0000008c   Code   RO          710    i.OLED_ShowChar     oled.o
    0x08002914   0x08002914   0x00000036   Code   RO          713    i.OLED_ShowString   oled.o
    0x0800294a   0x0800294a   0x0000000a   Code   RO          714    i.OLED_WR_Byte      oled.o
    0x08002954   0x08002954   0x00000014   Code   RO          715    i.OLED_W_SCL        oled.o
    0x08002968   0x08002968   0x00000014   Code   RO          716    i.OLED_W_SDA        oled.o
    0x0800297c   0x0800297c   0x00000022   Code   RO          717    i.OLED_Write_Command  oled.o
    0x0800299e   0x0800299e   0x00000022   Code   RO          718    i.OLED_Write_Data   oled.o
    0x080029c0   0x080029c0   0x00000040   Code   RO          621    i.Odometer_Init     odometer.o
    0x08002a00   0x08002a00   0x00000070   Code   RO          622    i.Odometer_UartRxByte  odometer.o
    0x08002a70   0x08002a70   0x00000008   Code   RO          623    i.Odometer_Update   odometer.o
    0x08002a78   0x08002a78   0x00000090   Code   RO          624    i.Odometer_UpdateByAngle  odometer.o
    0x08002b08   0x08002b08   0x00000008   Code   RO         1084    i.StartDefaultTask  freertos.o
    0x08002b10   0x08002b10   0x00000074   Code   RO         1085    i.StartTask02       freertos.o
    0x08002b84   0x08002b84   0x0000000c   Code   RO         1086    i.StartTask03       freertos.o
    0x08002b90   0x08002b90   0x00000008   Code   RO         1087    i.StartTask04       freertos.o
    0x08002b98   0x08002b98   0x00000008   Code   RO         1088    i.StartTask05       freertos.o
    0x08002ba0   0x08002ba0   0x00000008   Code   RO         1089    i.StartTask06       freertos.o
    0x08002ba8   0x08002ba8   0x00000008   Code   RO         1090    i.StartTask07       freertos.o
    0x08002bb0   0x08002bb0   0x0000001a   Code   RO         5743    i.SysTick_Handler   cmsis_os2.o
    0x08002bca   0x08002bca   0x00000002   PAD
    0x08002bcc   0x08002bcc   0x00000094   Code   RO          981    i.SystemClock_Config  main.o
    0x08002c60   0x08002c60   0x00000010   Code   RO         4568    i.SystemInit        system_stm32f4xx.o
    0x08002c70   0x08002c70   0x0000000c   Code   RO         1363    i.TIM6_DAC_IRQHandler  stm32f4xx_it.o
    0x08002c7c   0x08002c7c   0x000000d0   Code   RO         1721    i.TIM_Base_SetConfig  stm32f4xx_hal_tim.o
    0x08002d4c   0x08002d4c   0x00000060   Code   RO         1734    i.TIM_OC1_SetConfig  stm32f4xx_hal_tim.o
    0x08002dac   0x08002dac   0x0000006c   Code   RO         1735    i.TIM_OC2_SetConfig  stm32f4xx_hal_tim.o
    0x08002e18   0x08002e18   0x00000068   Code   RO         1736    i.TIM_OC3_SetConfig  stm32f4xx_hal_tim.o
    0x08002e80   0x08002e80   0x00000050   Code   RO         1737    i.TIM_OC4_SetConfig  stm32f4xx_hal_tim.o
    0x08002ed0   0x08002ed0   0x00000050   Code   RO          932    i.TOF200F_UartRxByte  tof200f.o
    0x08002f20   0x08002f20   0x00000074   Code   RO         1364    i.UART4_IRQHandler  stm32f4xx_it.o
    0x08002f94   0x08002f94   0x0000000c   Code   RO         1365    i.UART5_IRQHandler  stm32f4xx_it.o
    0x08002fa0   0x08002fa0   0x0000000e   Code   RO         4247    i.UART_DMAAbortOnError  stm32f4xx_hal_uart.o
    0x08002fae   0x08002fae   0x0000004e   Code   RO         4257    i.UART_EndRxTransfer  stm32f4xx_hal_uart.o
    0x08002ffc   0x08002ffc   0x000000c2   Code   RO         4259    i.UART_Receive_IT   stm32f4xx_hal_uart.o
    0x080030be   0x080030be   0x00000002   PAD
    0x080030c0   0x080030c0   0x0000010c   Code   RO         4260    i.UART_SetConfig    stm32f4xx_hal_uart.o
    0x080031cc   0x080031cc   0x00000072   Code   RO         4263    i.UART_WaitOnFlagUntilTimeout  stm32f4xx_hal_uart.o
    0x0800323e   0x0800323e   0x00000002   PAD
    0x08003240   0x08003240   0x00000034   Code   RO         1366    i.USART1_IRQHandler  stm32f4xx_it.o
    0x08003274   0x08003274   0x00000034   Code   RO         1367    i.USART2_IRQHandler  stm32f4xx_it.o
    0x080032a8   0x080032a8   0x0000000c   Code   RO         1368    i.USART3_IRQHandler  stm32f4xx_it.o
    0x080032b4   0x080032b4   0x00000030   Code   RO         1369    i.USART6_IRQHandler  stm32f4xx_it.o
    0x080032e4   0x080032e4   0x00000002   Code   RO         1370    i.UsageFault_Handler  stm32f4xx_it.o
    0x080032e6   0x080032e6   0x00000002   PAD
    0x080032e8   0x080032e8   0x000000e8   Code   RO         1535    i.Voice_Num         voice.o
    0x080033d0   0x080033d0   0x00000014   Code   RO          240    i.WitDelayMsRegister  hwt101.o
    0x080033e4   0x080033e4   0x0000001c   Code   RO          242    i.WitInit           hwt101.o
    0x08003400   0x08003400   0x00000014   Code   RO          244    i.WitRegisterCallBack  hwt101.o
    0x08003414   0x08003414   0x00000014   Code   RO          246    i.WitSerialWriteRegister  hwt101.o
    0x08003428   0x08003428   0x00000054   Code   RO          249    i.WitSetContent     hwt101.o
    0x0800347c   0x0800347c   0x00000054   Code   RO          250    i.WitSetOutputRate  hwt101.o
    0x080034d0   0x080034d0   0x000000e8   Code   RO          265    i.WitWriteReg       hwt101.o
    0x080035b8   0x080035b8   0x00000026   Code   RO         6449    i.__ARM_fpclassifyf  m_wm.l(fpclassifyf.o)
    0x080035de   0x080035de   0x00000002   PAD
    0x080035e0   0x080035e0   0x0000002c   Code   RO          266    i.__CRC16           hwt101.o
    0x0800360c   0x0800360c   0x00000020   Code   RO         3359    i.__NVIC_SetPriority  stm32f4xx_hal_cortex.o
    0x0800362c   0x0800362c   0x00000150   Code   RO         6415    i.__hardfp_cosf     m_wm.l(cosf.o)
    0x0800377c   0x0800377c   0x00000190   Code   RO         6427    i.__hardfp_sinf     m_wm.l(sinf.o)
    0x0800390c   0x0800390c   0x00000006   Code   RO         6452    i.__mathlib_flt_infnan  m_wm.l(funder.o)
    0x08003912   0x08003912   0x00000002   PAD
    0x08003914   0x08003914   0x00000010   Code   RO         6454    i.__mathlib_flt_invalid  m_wm.l(funder.o)
    0x08003924   0x08003924   0x00000010   Code   RO         6457    i.__mathlib_flt_underflow  m_wm.l(funder.o)
    0x08003934   0x08003934   0x00000154   Code   RO         6465    i.__mathlib_rredf2  m_wm.l(rredf.o)
    0x08003a88   0x08003a88   0x000000ac   Code   RO          982    i.main              main.o
    0x08003b34   0x08003b34   0x0000001a   Code   RO         5745    i.osDelay           cmsis_os2.o
    0x08003b4e   0x08003b4e   0x00000002   PAD
    0x08003b50   0x08003b50   0x00000020   Code   RO         5754    i.osKernelGetState  cmsis_os2.o
    0x08003b70   0x08003b70   0x00000024   Code   RO         5759    i.osKernelInitialize  cmsis_os2.o
    0x08003b94   0x08003b94   0x00000038   Code   RO         5762    i.osKernelStart     cmsis_os2.o
    0x08003bcc   0x08003bcc   0x00000052   Code   RO         5782    i.osMutexAcquire    cmsis_os2.o
    0x08003c1e   0x08003c1e   0x00000068   Code   RO         5785    i.osMutexNew        cmsis_os2.o
    0x08003c86   0x08003c86   0x00000042   Code   RO         5786    i.osMutexRelease    cmsis_os2.o
    0x08003cc8   0x08003cc8   0x0000008a   Code   RO         5804    i.osThreadNew       cmsis_os2.o
    0x08003d52   0x08003d52   0x00000002   PAD
    0x08003d54   0x08003d54   0x0000005c   Code   RO         5204    i.prvAddCurrentTaskToDelayedList  tasks.o
    0x08003db0   0x08003db0   0x000000d0   Code   RO         5205    i.prvAddNewTaskToReadyList  tasks.o
    0x08003e80   0x08003e80   0x00000058   Code   RO         5569    i.prvCheckForValidListAndQueue  timers.o
    0x08003ed8   0x08003ed8   0x00000026   Code   RO         4801    i.prvCopyDataFromQueue  queue.o
    0x08003efe   0x08003efe   0x0000006c   Code   RO         4802    i.prvCopyDataToQueue  queue.o
    0x08003f6a   0x08003f6a   0x00000034   Code   RO         5206    i.prvDeleteTCB      tasks.o
    0x08003f9e   0x08003f9e   0x00000002   PAD
    0x08003fa0   0x08003fa0   0x0000004c   Code   RO         6265    i.prvHeapInit       heap_4.o
    0x08003fec   0x08003fec   0x00000060   Code   RO         5207    i.prvIdleTask       tasks.o
    0x0800404c   0x0800404c   0x00000016   Code   RO         4803    i.prvInitialiseMutex  queue.o
    0x08004062   0x08004062   0x00000002   PAD
    0x08004064   0x08004064   0x00000022   Code   RO         4804    i.prvInitialiseNewQueue  queue.o
    0x08004086   0x08004086   0x00000002   PAD
    0x08004088   0x08004088   0x000000b0   Code   RO         5208    i.prvInitialiseNewTask  tasks.o
    0x08004138   0x08004138   0x0000004c   Code   RO         6266    i.prvInsertBlockIntoFreeList  heap_4.o
    0x08004184   0x08004184   0x00000038   Code   RO         5571    i.prvInsertTimerInActiveList  timers.o
    0x080041bc   0x080041bc   0x0000001c   Code   RO         4805    i.prvIsQueueEmpty   queue.o
    0x080041d8   0x080041d8   0x000000fc   Code   RO         5572    i.prvProcessReceivedCommands  timers.o
    0x080042d4   0x080042d4   0x000000c0   Code   RO         5573    i.prvProcessTimerOrBlockTask  timers.o
    0x08004394   0x08004394   0x00000020   Code   RO         5210    i.prvResetNextTaskUnblockTime  tasks.o
    0x080043b4   0x080043b4   0x00000028   Code   RO         5574    i.prvSampleTimeNow  timers.o
    0x080043dc   0x080043dc   0x0000006c   Code   RO         5575    i.prvSwitchTimerLists  timers.o
    0x08004448   0x08004448   0x00000028   Code   RO         6321    i.prvTaskExitError  port.o
    0x08004470   0x08004470   0x00000024   Code   RO         5576    i.prvTimerTask      timers.o
    0x08004494   0x08004494   0x0000006a   Code   RO         4806    i.prvUnlockQueue    queue.o
    0x080044fe   0x080044fe   0x00000002   PAD
    0x08004500   0x08004500   0x000000dc   Code   RO         6267    i.pvPortMalloc      heap_4.o
    0x080045dc   0x080045dc   0x00000018   Code   RO         5213    i.pvTaskIncrementMutexHeldCount  tasks.o
    0x080045f4   0x080045f4   0x0000002c   Code   RO         6322    i.pxPortInitialiseStack  port.o
    0x08004620   0x08004620   0x00000026   Code   RO         4761    i.uxListRemove      list.o
    0x08004646   0x08004646   0x00000002   PAD
    0x08004648   0x08004648   0x00000014   Code   RO         5816    i.vApplicationGetIdleTaskMemory  cmsis_os2.o
    0x0800465c   0x0800465c   0x00000018   Code   RO         5817    i.vApplicationGetTimerTaskMemory  cmsis_os2.o
    0x08004674   0x08004674   0x00000016   Code   RO         4762    i.vListInitialise   list.o
    0x0800468a   0x0800468a   0x00000006   Code   RO         4763    i.vListInitialiseItem  list.o
    0x08004690   0x08004690   0x00000030   Code   RO         4764    i.vListInsert       list.o
    0x080046c0   0x080046c0   0x00000018   Code   RO         4765    i.vListInsertEnd    list.o
    0x080046d8   0x080046d8   0x00000040   Code   RO         6324    i.vPortEnterCritical  port.o
    0x08004718   0x08004718   0x00000028   Code   RO         6325    i.vPortExitCritical  port.o
    0x08004740   0x08004740   0x00000064   Code   RO         6268    i.vPortFree         heap_4.o
    0x080047a4   0x080047a4   0x00000024   Code   RO         6326    i.vPortSetupTimerInterrupt  port.o
    0x080047c8   0x080047c8   0x00000054   Code   RO         6327    i.vPortValidateInterruptPriority  port.o
    0x0800481c   0x0800481c   0x00000028   Code   RO         4812    i.vQueueAddToRegistry  queue.o
    0x08004844   0x08004844   0x00000044   Code   RO         4816    i.vQueueWaitForMessageRestricted  queue.o
    0x08004888   0x08004888   0x0000004c   Code   RO         5223    i.vTaskDelay        tasks.o
    0x080048d4   0x080048d4   0x00000010   Code   RO         5228    i.vTaskInternalSetTimeOutState  tasks.o
    0x080048e4   0x080048e4   0x0000000c   Code   RO         5229    i.vTaskMissedYield  tasks.o
    0x080048f0   0x080048f0   0x00000030   Code   RO         5231    i.vTaskPlaceOnEventList  tasks.o
    0x08004920   0x08004920   0x00000038   Code   RO         5232    i.vTaskPlaceOnEventListRestricted  tasks.o
    0x08004958   0x08004958   0x00000090   Code   RO         5234    i.vTaskPriorityDisinheritAfterTimeout  tasks.o
    0x080049e8   0x080049e8   0x00000088   Code   RO         5240    i.vTaskStartScheduler  tasks.o
    0x08004a70   0x08004a70   0x00000010   Code   RO         5242    i.vTaskSuspendAll   tasks.o
    0x08004a80   0x08004a80   0x00000064   Code   RO         5243    i.vTaskSwitchContext  tasks.o
    0x08004ae4   0x08004ae4   0x000000f4   Code   RO         6328    i.xPortStartScheduler  port.o
    0x08004bd8   0x08004bd8   0x0000002c   Code   RO         6329    i.xPortSysTickHandler  port.o
    0x08004c04   0x08004c04   0x00000016   Code   RO         4819    i.xQueueCreateMutex  queue.o
    0x08004c1a   0x08004c1a   0x0000001a   Code   RO         4820    i.xQueueCreateMutexStatic  queue.o
    0x08004c34   0x08004c34   0x00000042   Code   RO         4821    i.xQueueGenericCreate  queue.o
    0x08004c76   0x08004c76   0x00000066   Code   RO         4822    i.xQueueGenericCreateStatic  queue.o
    0x08004cdc   0x08004cdc   0x00000088   Code   RO         4823    i.xQueueGenericReset  queue.o
    0x08004d64   0x08004d64   0x00000160   Code   RO         4824    i.xQueueGenericSend  queue.o
    0x08004ec4   0x08004ec4   0x000000be   Code   RO         4825    i.xQueueGenericSendFromISR  queue.o
    0x08004f82   0x08004f82   0x0000003e   Code   RO         4829    i.xQueueGiveMutexRecursive  queue.o
    0x08004fc0   0x08004fc0   0x00000138   Code   RO         4834    i.xQueueReceive     queue.o
    0x080050f8   0x080050f8   0x00000178   Code   RO         4836    i.xQueueSemaphoreTake  queue.o
    0x08005270   0x08005270   0x00000040   Code   RO         4837    i.xQueueTakeMutexRecursive  queue.o
    0x080052b0   0x080052b0   0x00000074   Code   RO         5245    i.xTaskCheckForTimeOut  tasks.o
    0x08005324   0x08005324   0x0000005a   Code   RO         5246    i.xTaskCreate       tasks.o
    0x0800537e   0x0800537e   0x00000056   Code   RO         5247    i.xTaskCreateStatic  tasks.o
    0x080053d4   0x080053d4   0x0000000c   Code   RO         5250    i.xTaskGetCurrentTaskHandle  tasks.o
    0x080053e0   0x080053e0   0x0000001c   Code   RO         5251    i.xTaskGetSchedulerState  tasks.o
    0x080053fc   0x080053fc   0x0000000c   Code   RO         5252    i.xTaskGetTickCount  tasks.o
    0x08005408   0x08005408   0x000000c8   Code   RO         5254    i.xTaskIncrementTick  tasks.o
    0x080054d0   0x080054d0   0x00000080   Code   RO         5257    i.xTaskPriorityDisinherit  tasks.o
    0x08005550   0x08005550   0x00000078   Code   RO         5258    i.xTaskPriorityInherit  tasks.o
    0x080055c8   0x080055c8   0x00000070   Code   RO         5259    i.xTaskRemoveFromEventList  tasks.o
    0x08005638   0x08005638   0x000000c4   Code   RO         5260    i.xTaskResumeAll    tasks.o
    0x080056fc   0x080056fc   0x00000060   Code   RO         5585    i.xTimerCreateTimerTask  timers.o
    0x0800575c   0x0800575c   0x00000068   Code   RO         5586    i.xTimerGenericCommand  timers.o
    0x080057c4   0x080057c4   0x0000000a   Code   RO         6575    x$fpl$fpinit        fz_wm.l(fpinit.o)
    0x080057ce   0x080057ce   0x00000000   Code   RO         6448    x$fpl$usenofp       fz_wm.l(usenofp.o)
    0x080057ce   0x080057ce   0x00000200   Data   RO          268    .constdata          hwt101.o
    0x080059ce   0x080059ce   0x00000818   Data   RO          722    .constdata          oled.o
    0x080061e6   0x080061e6   0x00000002   PAD
    0x080061e8   0x080061e8   0x0000010c   Data   RO         1091    .constdata          freertos.o
    0x080062f4   0x080062f4   0x00000004   Data   RO         1537    .constdata          voice.o
    0x080062f8   0x080062f8   0x00000010   Data   RO         4569    .constdata          system_stm32f4xx.o
    0x08006308   0x08006308   0x00000008   Data   RO         4570    .constdata          system_stm32f4xx.o
    0x08006310   0x08006310   0x00000020   Data   RO         6466    .constdata          m_wm.l(rredf.o)
    0x08006330   0x08006330   0x00000060   Data   RO         1092    .conststring        freertos.o
    0x08006390   0x08006390   0x00000020   Data   RO         6631    Region$$Table       anon$$obj.o


    Execution Region RW_IRAM1 (Exec base: 0x20000000, Load base: 0x080063b0, Size: 0x00006c80, Max: 0x0001c000, ABSOLUTE, COMPRESSED[0x00000088])

    Exec Addr    Load Addr    Size         Type   Attr      Idx    E Section Name        Object

    0x20000000   COMPRESSED   0x00000028   Data   RW          269    .data               hwt101.o
    0x20000028   COMPRESSED   0x00000010   Data   RW          461    .data               hwt101_hal.o
    0x20000038   COMPRESSED   0x0000003c   Data   RW          551    .data               navigation.o
    0x20000074   COMPRESSED   0x0000001c   Data   RW          625    .data               odometer.o
    0x20000090   COMPRESSED   0x00000017   Data   RW          934    .data               tof200f.o
    0x200000a7   COMPRESSED   0x00000001   PAD
    0x200000a8   COMPRESSED   0x00000020   Data   RW         1093    .data               freertos.o
    0x200000c8   COMPRESSED   0x00000002   Data   RW         1372    .data               stm32f4xx_it.o
    0x200000ca   COMPRESSED   0x00000002   PAD
    0x200000cc   COMPRESSED   0x000000c0   Data   RW         1538    .data               voice.o
    0x2000018c   COMPRESSED   0x0000000c   Data   RW         3518    .data               stm32f4xx_hal.o
    0x20000198   COMPRESSED   0x00000004   Data   RW         4571    .data               system_stm32f4xx.o
    0x2000019c   COMPRESSED   0x0000003c   Data   RW         5263    .data               tasks.o
    0x200001d8   COMPRESSED   0x00000014   Data   RW         5594    .data               timers.o
    0x200001ec   COMPRESSED   0x00000004   Data   RW         5819    .data               cmsis_os2.o
    0x200001f0   COMPRESSED   0x00000020   Data   RW         6274    .data               heap_4.o
    0x20000210   COMPRESSED   0x0000000c   Data   RW         6330    .data               port.o
    0x2000021c        -       0x00000400   Zero   RW          721    .bss                oled.o
    0x2000061c        -       0x00000054   Zero   RW         1169    .bss                i2c.o
    0x20000670        -       0x000000d8   Zero   RW         1216    .bss                tim.o
    0x20000748        -       0x000001b0   Zero   RW         1289    .bss                usart.o
    0x200008f8        -       0x0000000b   Zero   RW         1371    .bss                stm32f4xx_it.o
    0x20000903   COMPRESSED   0x00000001   PAD
    0x20000904        -       0x00000048   Zero   RW         1487    .bss                stm32f4xx_hal_timebase_tim.o
    0x2000094c        -       0x00000040   Zero   RW         4838    .bss                queue.o
    0x2000098c        -       0x000004c4   Zero   RW         5262    .bss                tasks.o
    0x20000e50        -       0x00000118   Zero   RW         5593    .bss                timers.o
    0x20000f68        -       0x000006b8   Zero   RW         5818    .bss                cmsis_os2.o
    0x20001620        -       0x00005000   Zero   RW         6273    .bss                heap_4.o
    0x20006620        -       0x00000060   Zero   RW         6491    .bss                c_w.l(libspace.o)
    0x20006680        -       0x00000200   Zero   RW            2    HEAP                startup_stm32f407xx.o
    0x20006880        -       0x00000400   Zero   RW            1    STACK               startup_stm32f407xx.o


    Execution Region RW_IRAM2 (Exec base: 0x2001c000, Load base: 0x08006438, Size: 0x00000000, Max: 0x00004000, ABSOLUTE)

    **** No section assigned to this execution region ****


==============================================================================

Image component sizes


      Code (inc. data)   RO Data    RW Data    ZI Data      Debug   Object Name

       422         60          0          0          0     709362   bujin.o
       610         26          0          4       1720      71493   cmsis_os2.o
         0          0          0          0          0       7120   croutine.o
         0          0          0          0          0      19568   event_groups.o
       316         40        364         32          0       5718   freertos.o
       144         10          0          0          0       1019   gpio.o
       472         24          0         32      20480       5011   heap_4.o
       548         38        512         40          0       8075   hwt101.o
       274         36          0         16          0       4236   hwt101_hal.o
       172         28          0          0         84       1725   i2c.o
       138          0          0          0          0       3690   list.o
       344         30          0          0          0       3012   main.o
       184         32          0         60          0       3724   navigation.o
       328         42          0         28          0       3797   odometer.o
       828         26       2072          0       1024       9177   oled.o
       786         82          0         12          0      11793   port.o
      2152         24          0          0         64      24560   queue.o
        64         26        392          0       1536        856   startup_stm32f407xx.o
       116         18          0         12          0       8802   stm32f4xx_hal.o
       158         14          0          0          0      33094   stm32f4xx_hal_cortex.o
       182          0          0          0          0       2135   stm32f4xx_hal_dma.o
       506         46          0          0          0       2228   stm32f4xx_hal_gpio.o
       392         16          0          0          0       3251   stm32f4xx_hal_i2c.o
        56          4          0          0          0        890   stm32f4xx_hal_msp.o
      1408         82          0          0          0       6001   stm32f4xx_hal_rcc.o
      1420        108          0          0          0      11840   stm32f4xx_hal_tim.o
       232         28          0          0          0       3365   stm32f4xx_hal_tim_ex.o
       152         20          0          0         72       1515   stm32f4xx_hal_timebase_tim.o
      1576         14          0          0          0      10704   stm32f4xx_hal_uart.o
       316         48          0          2         11       7547   stm32f4xx_it.o
         0          0          0          0          0        384   stream_buffer.o
        16          4         24          4          0       1163   system_stm32f4xx.o
      2384        198          0         60       1220      30801   tasks.o
       692         74          0          0        216       4492   tim.o
       972         80          0         20        280      32559   timers.o
        80          4          0         23          0       1296   tof200f.o
       920         92          0          0        432       5339   usart.o
       500         62          4        192          0       7351   voice.o

    ----------------------------------------------------------------------
     19906       1436       3402        540      27140    1068693   Object Totals
         0          0         32          0          0          0   (incl. Generated)
        46          0          2          3          1          0   (incl. Padding)

    ----------------------------------------------------------------------

      Code (inc. data)   RO Data    RW Data    ZI Data      Debug   Library Member Name

        90          0          0          0          0          0   __dczerorl2.o
         8          0          0          0          0         68   __main.o
         0          0          0          0          0          0   __rtentry.o
        12          0          0          0          0          0   __rtentry2.o
         6          0          0          0          0          0   __rtentry4.o
        52          8          0          0          0          0   __scatter.o
        28          0          0          0          0          0   __scatter_zi.o
        22          0          0          0          0        100   _rserrno.o
        16          0          0          0          0         68   aeabi_memset.o
        18          0          0          0          0         80   exit.o
         6          0          0          0          0        152   heapauxi.o
         0          0          0          0          0          0   indicate_semi.o
         2          0          0          0          0          0   libinit.o
         6          0          0          0          0          0   libinit2.o
         2          0          0          0          0          0   libshutdown.o
         2          0          0          0          0          0   libshutdown2.o
         8          4          0          0         96         68   libspace.o
       238          0          0          0          0        100   lludivv7m.o
         8          4          0          0          0         68   rt_errno_addr_intlibspace.o
        68          0          0          0          0         68   rt_memclr.o
        78          0          0          0          0         80   rt_memclr_w.o
       138          0          0          0          0         68   rt_memcpy_v6.o
       100          0          0          0          0         80   rt_memcpy_w.o
         2          0          0          0          0          0   rtexit.o
        10          0          0          0          0          0   rtexit2.o
        12          4          0          0          0         68   sys_exit.o
        74          0          0          0          0         80   sys_stackheap_outer.o
         2          0          0          0          0         68   use_no_semi.o
        10          0          0          0          0        116   fpinit.o
         0          0          0          0          0          0   usenofp.o
       336         56          0          0          0        136   cosf.o
        38          0          0          0          0        116   fpclassifyf.o
        38         12          0          0          0        348   funder.o
       340         24         32          0          0        160   rredf.o
       400         56          0          0          0        212   sinf.o

    ----------------------------------------------------------------------
      2180        168         32          0         96       2304   Library Totals
        10          0          0          0          0          0   (incl. Padding)

    ----------------------------------------------------------------------

      Code (inc. data)   RO Data    RW Data    ZI Data      Debug   Library Name

      1008         20          0          0         96       1216   c_w.l
        10          0          0          0          0        116   fz_wm.l
      1152        148         32          0          0        972   m_wm.l

    ----------------------------------------------------------------------
      2180        168         32          0         96       2304   Library Totals

    ----------------------------------------------------------------------

==============================================================================


      Code (inc. data)   RO Data    RW Data    ZI Data      Debug   

     22086       1604       3434        540      27236    1048425   Grand Totals
     22086       1604       3434        136      27236    1048425   ELF Image Totals (compressed)
     22086       1604       3434        136          0          0   ROM Totals

==============================================================================

    Total RO  Size (Code + RO Data)                25520 (  24.92kB)
    Total RW  Size (RW Data + ZI Data)             27776 (  27.13kB)
    Total ROM Size (Code + RO Data + RW Data)      25656 (  25.05kB)

==============================================================================

